###############################################################################
#
# IAR C/C++ Compiler V7.10.6.1378 for Atmel AVR           09/Aug/2022  11:06:57
# Copyright 1996-2018 IAR Systems AB.
#
#    Source file  =  D:\Projects\CautoProjects\PSS48\PSS48\src\Alarm.cpp
#    Command line =  
#        -f C:\Users\ghost\AppData\Local\Temp\EW1609.tmp
#        (--string_literals_in_flash
#        D:\Projects\CautoProjects\PSS48\PSS48\src\Alarm.cpp --cpu=m128a -ms -o
#        D:\Projects\CautoProjects\PSS48\PSS48\Debug\Obj -lC
#        D:\Projects\CautoProjects\PSS48\PSS48\Debug\List -lB
#        D:\Projects\CautoProjects\PSS48\PSS48\Debug\List -y
#        --initializers_in_flash --root_variables --debug
#        -DENABLE_BIT_DEFINITIONS -e -I
#        D:\Projects\CautoProjects\PSS48\PSS48\include\ -I
#        D:\Projects\CautoProjects\PSS48\PSS48\Modbus\ --eeprom_size 4096
#        --dlib --dlib_config "C:\Program Files (x86)\IAR Systems\Embedded
#        Workbench 8.0\avr\LIB\DLIB\dlAVR-3s-ec_mul-n.h" -Ohz --eec++)
#    Locale       =  Russian_RUS.1251
#    List file    =  D:\Projects\CautoProjects\PSS48\PSS48\Debug\List\Alarm.lst
#    Object file  =  D:\Projects\CautoProjects\PSS48\PSS48\Debug\Obj\Alarm.r90
#
###############################################################################

D:\Projects\CautoProjects\PSS48\PSS48\src\Alarm.cpp
      1          //-----------------------------------------------------------------------------------------------------
      2          //  Sourse      : FileName.cpp
      3          //  Created     : 01.06.2022
      4          //  Author      : Alexandr Volvenkin
      5          //  email       : aav-36@mail.ru
      6          //  GitHub      : https://github.com/AlexandrVolvenkin
      7          //-----------------------------------------------------------------------------------------------------
      8          #include "Dfa.h"
      9          #include "Platform.h"

   \                                 In  segment ABSOLUTE, at 0x9d, root
   \   union <unnamed> volatile __io _A_UCSR1C
   \                     _A_UCSR1C:
   \   00000000                      DS8 1

   \                                 In  segment ABSOLUTE, at 0x9c, root
   \   union <unnamed> volatile __io _A_UDR1
   \                     _A_UDR1:
   \   00000000                      DS8 1

   \                                 In  segment ABSOLUTE, at 0x9b, root
   \   union <unnamed> volatile __io _A_UCSR1A
   \                     _A_UCSR1A:
   \   00000000                      DS8 1

   \                                 In  segment ABSOLUTE, at 0x9a, root
   \   union <unnamed> volatile __io _A_UCSR1B
   \                     _A_UCSR1B:
   \   00000000                      DS8 1

   \                                 In  segment ABSOLUTE, at 0x99, root
   \   union <unnamed> volatile __io _A_UBRR1L
   \                     _A_UBRR1L:
   \   00000000                      DS8 1

   \                                 In  segment ABSOLUTE, at 0x98, root
   \   union <unnamed> volatile __io _A_UBRR1H
   \                     _A_UBRR1H:
   \   00000000                      DS8 1

   \                                 In  segment ABSOLUTE, at 0x95, root
   \   union <unnamed> volatile __io _A_UCSR0C
   \                     _A_UCSR0C:
   \   00000000                      DS8 1

   \                                 In  segment ABSOLUTE, at 0x90, root
   \   union <unnamed> volatile __io _A_UBRR0H
   \                     _A_UBRR0H:
   \   00000000                      DS8 1

   \                                 In  segment ABSOLUTE, at 0x8c, root
   \   union <unnamed> volatile __io _A_TCCR3C
   \                     _A_TCCR3C:
   \   00000000                      DS8 1

   \                                 In  segment ABSOLUTE, at 0x8b, root
   \   union <unnamed> volatile __io _A_TCCR3A
   \                     _A_TCCR3A:
   \   00000000                      DS8 1

   \                                 In  segment ABSOLUTE, at 0x8a, root
   \   union <unnamed> volatile __io _A_TCCR3B
   \                     _A_TCCR3B:
   \   00000000                      DS8 1

   \                                 In  segment ABSOLUTE, at 0x88, root
   \   union <unnamed> volatile __io _A_TCNT3
   \                     _A_TCNT3:
   \   00000000                      DS8 2

   \                                 In  segment ABSOLUTE, at 0x86, root
   \   union <unnamed> volatile __io _A_OCR3A
   \                     _A_OCR3A:
   \   00000000                      DS8 2

   \                                 In  segment ABSOLUTE, at 0x84, root
   \   union <unnamed> volatile __io _A_OCR3B
   \                     _A_OCR3B:
   \   00000000                      DS8 2

   \                                 In  segment ABSOLUTE, at 0x82, root
   \   union <unnamed> volatile __io _A_OCR3C
   \                     _A_OCR3C:
   \   00000000                      DS8 2

   \                                 In  segment ABSOLUTE, at 0x80, root
   \   union <unnamed> volatile __io _A_ICR3
   \                     _A_ICR3:
   \   00000000                      DS8 2

   \                                 In  segment ABSOLUTE, at 0x7d, root
   \   union <unnamed> volatile __io _A_ETIMSK
   \                     _A_ETIMSK:
   \   00000000                      DS8 1

   \                                 In  segment ABSOLUTE, at 0x7c, root
   \   union <unnamed> volatile __io _A_ETIFR
   \                     _A_ETIFR:
   \   00000000                      DS8 1

   \                                 In  segment ABSOLUTE, at 0x7a, root
   \   union <unnamed> volatile __io _A_TCCR1C
   \                     _A_TCCR1C:
   \   00000000                      DS8 1

   \                                 In  segment ABSOLUTE, at 0x78, root
   \   union <unnamed> volatile __io _A_OCR1C
   \                     _A_OCR1C:
   \   00000000                      DS8 2

   \                                 In  segment ABSOLUTE, at 0x74, root
   \   union <unnamed> volatile __io _A_TWCR
   \                     _A_TWCR:
   \   00000000                      DS8 1

   \                                 In  segment ABSOLUTE, at 0x73, root
   \   union <unnamed> volatile __io _A_TWDR
   \                     _A_TWDR:
   \   00000000                      DS8 1

   \                                 In  segment ABSOLUTE, at 0x72, root
   \   union <unnamed> volatile __io _A_TWAR
   \                     _A_TWAR:
   \   00000000                      DS8 1

   \                                 In  segment ABSOLUTE, at 0x71, root
   \   union <unnamed> volatile __io _A_TWSR
   \                     _A_TWSR:
   \   00000000                      DS8 1

   \                                 In  segment ABSOLUTE, at 0x70, root
   \   union <unnamed> volatile __io _A_TWBR
   \                     _A_TWBR:
   \   00000000                      DS8 1

   \                                 In  segment ABSOLUTE, at 0x6f, root
   \   union <unnamed> volatile __io _A_OSCCAL
   \                     _A_OSCCAL:
   \   00000000                      DS8 1

   \                                 In  segment ABSOLUTE, at 0x6d, root
   \   union <unnamed> volatile __io _A_XMCRA
   \                     _A_XMCRA:
   \   00000000                      DS8 1

   \                                 In  segment ABSOLUTE, at 0x6c, root
   \   union <unnamed> volatile __io _A_XMCRB
   \                     _A_XMCRB:
   \   00000000                      DS8 1

   \                                 In  segment ABSOLUTE, at 0x6a, root
   \   union <unnamed> volatile __io _A_EICRA
   \                     _A_EICRA:
   \   00000000                      DS8 1

   \                                 In  segment ABSOLUTE, at 0x68, root
   \   union <unnamed> volatile __io _A_SPMCSR
   \                     _A_SPMCSR:
   \   00000000                      DS8 1

   \                                 In  segment ABSOLUTE, at 0x65, root
   \   union <unnamed> volatile __io _A_PORTG
   \                     _A_PORTG:
   \   00000000                      DS8 1

   \                                 In  segment ABSOLUTE, at 0x64, root
   \   union <unnamed> volatile __io _A_DDRG
   \                     _A_DDRG:
   \   00000000                      DS8 1

   \                                 In  segment ABSOLUTE, at 0x63, root
   \   union <unnamed> volatile __io _A_PING
   \                     _A_PING:
   \   00000000                      DS8 1

   \                                 In  segment ABSOLUTE, at 0x62, root
   \   union <unnamed> volatile __io _A_PORTF
   \                     _A_PORTF:
   \   00000000                      DS8 1

   \                                 In  segment ABSOLUTE, at 0x61, root
   \   union <unnamed> volatile __io _A_DDRF
   \                     _A_DDRF:
   \   00000000                      DS8 1

   \                                 In  segment ABSOLUTE, at 0x5f, root
   \   union <unnamed> volatile __io _A_SREG
   \                     _A_SREG:
   \   00000000                      DS8 1

   \                                 In  segment ABSOLUTE, at 0x5d, root
   \   union <unnamed> volatile __io _A_SP
   \                     _A_SP:
   \   00000000                      DS8 2

   \                                 In  segment ABSOLUTE, at 0x5c, root
   \   union <unnamed> volatile __io _A_XDIV
   \                     _A_XDIV:
   \   00000000                      DS8 1

   \                                 In  segment ABSOLUTE, at 0x5b, root
   \   union <unnamed> volatile __io _A_RAMPZ
   \                     _A_RAMPZ:
   \   00000000                      DS8 1

   \                                 In  segment ABSOLUTE, at 0x5a, root
   \   union <unnamed> volatile __io _A_EICRB
   \                     _A_EICRB:
   \   00000000                      DS8 1

   \                                 In  segment ABSOLUTE, at 0x59, root
   \   union <unnamed> volatile __io _A_EIMSK
   \                     _A_EIMSK:
   \   00000000                      DS8 1

   \                                 In  segment ABSOLUTE, at 0x58, root
   \   union <unnamed> volatile __io _A_EIFR
   \                     _A_EIFR:
   \   00000000                      DS8 1

   \                                 In  segment ABSOLUTE, at 0x57, root
   \   union <unnamed> volatile __io _A_TIMSK
   \                     _A_TIMSK:
   \   00000000                      DS8 1

   \                                 In  segment ABSOLUTE, at 0x56, root
   \   union <unnamed> volatile __io _A_TIFR
   \                     _A_TIFR:
   \   00000000                      DS8 1

   \                                 In  segment ABSOLUTE, at 0x55, root
   \   union <unnamed> volatile __io _A_MCUCR
   \                     _A_MCUCR:
   \   00000000                      DS8 1

   \                                 In  segment ABSOLUTE, at 0x54, root
   \   union <unnamed> volatile __io _A_MCUCSR
   \                     _A_MCUCSR:
   \   00000000                      DS8 1

   \                                 In  segment ABSOLUTE, at 0x53, root
   \   union <unnamed> volatile __io _A_TCCR0
   \                     _A_TCCR0:
   \   00000000                      DS8 1

   \                                 In  segment ABSOLUTE, at 0x52, root
   \   union <unnamed> volatile __io _A_TCNT0
   \                     _A_TCNT0:
   \   00000000                      DS8 1

   \                                 In  segment ABSOLUTE, at 0x51, root
   \   union <unnamed> volatile __io _A_OCR0
   \                     _A_OCR0:
   \   00000000                      DS8 1

   \                                 In  segment ABSOLUTE, at 0x50, root
   \   union <unnamed> volatile __io _A_ASSR
   \                     _A_ASSR:
   \   00000000                      DS8 1

   \                                 In  segment ABSOLUTE, at 0x4f, root
   \   union <unnamed> volatile __io _A_TCCR1A
   \                     _A_TCCR1A:
   \   00000000                      DS8 1

   \                                 In  segment ABSOLUTE, at 0x4e, root
   \   union <unnamed> volatile __io _A_TCCR1B
   \                     _A_TCCR1B:
   \   00000000                      DS8 1

   \                                 In  segment ABSOLUTE, at 0x4c, root
   \   union <unnamed> volatile __io _A_TCNT1
   \                     _A_TCNT1:
   \   00000000                      DS8 2

   \                                 In  segment ABSOLUTE, at 0x4a, root
   \   union <unnamed> volatile __io _A_OCR1A
   \                     _A_OCR1A:
   \   00000000                      DS8 2

   \                                 In  segment ABSOLUTE, at 0x48, root
   \   union <unnamed> volatile __io _A_OCR1B
   \                     _A_OCR1B:
   \   00000000                      DS8 2

   \                                 In  segment ABSOLUTE, at 0x46, root
   \   union <unnamed> volatile __io _A_ICR1
   \                     _A_ICR1:
   \   00000000                      DS8 2

   \                                 In  segment ABSOLUTE, at 0x45, root
   \   union <unnamed> volatile __io _A_TCCR2
   \                     _A_TCCR2:
   \   00000000                      DS8 1

   \                                 In  segment ABSOLUTE, at 0x44, root
   \   union <unnamed> volatile __io _A_TCNT2
   \                     _A_TCNT2:
   \   00000000                      DS8 1

   \                                 In  segment ABSOLUTE, at 0x43, root
   \   union <unnamed> volatile __io _A_OCR2
   \                     _A_OCR2:
   \   00000000                      DS8 1

   \                                 In  segment ABSOLUTE, at 0x42, root
   \   union <unnamed> volatile __io _A_OCDR
   \                     _A_OCDR:
   \   00000000                      DS8 1

   \                                 In  segment ABSOLUTE, at 0x41, root
   \   union <unnamed> volatile __io _A_WDTCR
   \                     _A_WDTCR:
   \   00000000                      DS8 1

   \                                 In  segment ABSOLUTE, at 0x40, root
   \   union <unnamed> volatile __io _A_SFIOR
   \                     _A_SFIOR:
   \   00000000                      DS8 1

   \                                 In  segment ABSOLUTE, at 0x3e, root
   \   union <unnamed> volatile __io _A_EEAR
   \                     _A_EEAR:
   \   00000000                      DS8 2

   \                                 In  segment ABSOLUTE, at 0x3d, root
   \   union <unnamed> volatile __io _A_EEDR
   \                     _A_EEDR:
   \   00000000                      DS8 1

   \                                 In  segment ABSOLUTE, at 0x3c, root
   \   union <unnamed> volatile __io _A_EECR
   \                     _A_EECR:
   \   00000000                      DS8 1

   \                                 In  segment ABSOLUTE, at 0x3b, root
   \   union <unnamed> volatile __io _A_PORTA
   \                     _A_PORTA:
   \   00000000                      DS8 1

   \                                 In  segment ABSOLUTE, at 0x3a, root
   \   union <unnamed> volatile __io _A_DDRA
   \                     _A_DDRA:
   \   00000000                      DS8 1

   \                                 In  segment ABSOLUTE, at 0x39, root
   \   union <unnamed> volatile __io _A_PINA
   \                     _A_PINA:
   \   00000000                      DS8 1

   \                                 In  segment ABSOLUTE, at 0x38, root
   \   union <unnamed> volatile __io _A_PORTB
   \                     _A_PORTB:
   \   00000000                      DS8 1

   \                                 In  segment ABSOLUTE, at 0x37, root
   \   union <unnamed> volatile __io _A_DDRB
   \                     _A_DDRB:
   \   00000000                      DS8 1

   \                                 In  segment ABSOLUTE, at 0x36, root
   \   union <unnamed> volatile __io _A_PINB
   \                     _A_PINB:
   \   00000000                      DS8 1

   \                                 In  segment ABSOLUTE, at 0x35, root
   \   union <unnamed> volatile __io _A_PORTC
   \                     _A_PORTC:
   \   00000000                      DS8 1

   \                                 In  segment ABSOLUTE, at 0x34, root
   \   union <unnamed> volatile __io _A_DDRC
   \                     _A_DDRC:
   \   00000000                      DS8 1

   \                                 In  segment ABSOLUTE, at 0x33, root
   \   union <unnamed> volatile __io _A_PINC
   \                     _A_PINC:
   \   00000000                      DS8 1

   \                                 In  segment ABSOLUTE, at 0x32, root
   \   union <unnamed> volatile __io _A_PORTD
   \                     _A_PORTD:
   \   00000000                      DS8 1

   \                                 In  segment ABSOLUTE, at 0x31, root
   \   union <unnamed> volatile __io _A_DDRD
   \                     _A_DDRD:
   \   00000000                      DS8 1

   \                                 In  segment ABSOLUTE, at 0x30, root
   \   union <unnamed> volatile __io _A_PIND
   \                     _A_PIND:
   \   00000000                      DS8 1

   \                                 In  segment ABSOLUTE, at 0x2f, root
   \   union <unnamed> volatile __io _A_SPDR
   \                     _A_SPDR:
   \   00000000                      DS8 1

   \                                 In  segment ABSOLUTE, at 0x2e, root
   \   union <unnamed> volatile __io _A_SPSR
   \                     _A_SPSR:
   \   00000000                      DS8 1

   \                                 In  segment ABSOLUTE, at 0x2d, root
   \   union <unnamed> volatile __io _A_SPCR
   \                     _A_SPCR:
   \   00000000                      DS8 1

   \                                 In  segment ABSOLUTE, at 0x2c, root
   \   union <unnamed> volatile __io _A_UDR0
   \                     _A_UDR0:
   \   00000000                      DS8 1

   \                                 In  segment ABSOLUTE, at 0x2b, root
   \   union <unnamed> volatile __io _A_UCSR0A
   \                     _A_UCSR0A:
   \   00000000                      DS8 1

   \                                 In  segment ABSOLUTE, at 0x2a, root
   \   union <unnamed> volatile __io _A_UCSR0B
   \                     _A_UCSR0B:
   \   00000000                      DS8 1

   \                                 In  segment ABSOLUTE, at 0x29, root
   \   union <unnamed> volatile __io _A_UBRR0L
   \                     _A_UBRR0L:
   \   00000000                      DS8 1

   \                                 In  segment ABSOLUTE, at 0x28, root
   \   union <unnamed> volatile __io _A_ACSR
   \                     _A_ACSR:
   \   00000000                      DS8 1

   \                                 In  segment ABSOLUTE, at 0x27, root
   \   union <unnamed> volatile __io _A_ADMUX
   \                     _A_ADMUX:
   \   00000000                      DS8 1

   \                                 In  segment ABSOLUTE, at 0x26, root
   \   union <unnamed> volatile __io _A_ADCSRA
   \                     _A_ADCSRA:
   \   00000000                      DS8 1

   \                                 In  segment ABSOLUTE, at 0x24, root
   \   union <unnamed> volatile __io _A_ADC
   \                     _A_ADC:
   \   00000000                      DS8 2

   \                                 In  segment ABSOLUTE, at 0x23, root
   \   union <unnamed> volatile __io _A_PORTE
   \                     _A_PORTE:
   \   00000000                      DS8 1

   \                                 In  segment ABSOLUTE, at 0x22, root
   \   union <unnamed> volatile __io _A_DDRE
   \                     _A_DDRE:
   \   00000000                      DS8 1

   \                                 In  segment ABSOLUTE, at 0x21, root
   \   union <unnamed> volatile __io _A_PINE
   \                     _A_PINE:
   \   00000000                      DS8 1

   \                                 In  segment ABSOLUTE, at 0x20, root
   \   union <unnamed> volatile __io _A_PINF
   \                     _A_PINF:
   \   00000000                      DS8 1
     10          #include "Pss21.h"

   \                                 In  segment CODE, align 2, keep-with-next
   \   __version_3 uint8_t CAlarmDfa::ALARM_TYPE()
   \                     ??ALARM_TYPE:
   \   00000000   E000               LDI     R16, 0
   \   00000002   9508               RET

   \                                 In  segment CODE, align 2, keep-with-next
   \   __version_3 uint8_t CAlarmDfa::ACTIVE_LEVEL()
   \                     ??ACTIVE_LEVEL:
   \   00000000   E000               LDI     R16, 0
   \   00000002   9508               RET

   \                                 In  segment CODE, align 2, keep-with-next
   \   __version_3 uint8_t CNormalAlarmDfa::ALARM_TYPE()
   \                     ??ALARM_TYPE_1:
   \   00000000   E000               LDI     R16, 0
   \   00000002   9508               RET

   \                                 In  segment CODE, align 2, keep-with-next
   \   __version_3 uint8_t CNormalAlarmDfa::ACTIVE_LEVEL()
   \                     ??ACTIVE_LEVEL_1:
   \   00000000   E000               LDI     R16, 0
   \   00000002   9508               RET

   \                                 In  segment CODE, align 2, keep-with-next
   \   __version_3 uint8_t CPreventiveAlarmLowLevelDfa::ALARM_TYPE()
   \                     ??ALARM_TYPE_2:
   \   00000000   E002               LDI     R16, 2
   \   00000002   9508               RET

   \                                 In  segment CODE, align 2, keep-with-next
   \   __version_3 uint8_t CPreventiveAlarmLowLevelDfa::ACTIVE_LEVEL()
   \                     ??ACTIVE_LEVEL_2:
   \   00000000   E000               LDI     R16, 0
   \   00000002   9508               RET

   \                                 In  segment CODE, align 2, keep-with-next
   \   __version_3 uint8_t CPreventiveAlarmHighLevelDfa::ALARM_TYPE()
   \                     ??ALARM_TYPE_3:
   \   00000000   E002               LDI     R16, 2
   \   00000002   9508               RET

   \                                 In  segment CODE, align 2, keep-with-next
   \   __version_3 uint8_t CPreventiveAlarmHighLevelDfa::ACTIVE_LEVEL()
   \                     ??ACTIVE_LEVEL_3:
   \   00000000   E001               LDI     R16, 1
   \   00000002   9508               RET

   \                                 In  segment CODE, align 2, keep-with-next
   \   __version_3 uint8_t CEmergencyAlarmLowLevelDfa::ALARM_TYPE()
   \                     ??ALARM_TYPE_4:
   \   00000000   E003               LDI     R16, 3
   \   00000002   9508               RET

   \                                 In  segment CODE, align 2, keep-with-next
   \   __version_3 uint8_t CEmergencyAlarmLowLevelDfa::ACTIVE_LEVEL()
   \                     ??ACTIVE_LEVEL_4:
   \   00000000   E000               LDI     R16, 0
   \   00000002   9508               RET

   \                                 In  segment CODE, align 2, keep-with-next
   \   __version_3 uint8_t CEmergencyAlarmHighLevelDfa::ALARM_TYPE()
   \                     ??ALARM_TYPE_5:
   \   00000000   E003               LDI     R16, 3
   \   00000002   9508               RET

   \                                 In  segment CODE, align 2, keep-with-next
   \   __version_3 uint8_t CEmergencyAlarmHighLevelDfa::ACTIVE_LEVEL()
   \                     ??ACTIVE_LEVEL_5:
   \   00000000   E001               LDI     R16, 1
   \   00000002   9508               RET

   \                                 In  segment CODE, align 2, keep-with-next
   \   __version_3 uint8_t CIndicationAlarmLowLevelDfa::ALARM_TYPE()
   \                     ??ALARM_TYPE_6:
   \   00000000   E001               LDI     R16, 1
   \   00000002   9508               RET

   \                                 In  segment CODE, align 2, keep-with-next
   \   __version_3 uint8_t CIndicationAlarmLowLevelDfa::ACTIVE_LEVEL()
   \                     ??ACTIVE_LEVEL_6:
   \   00000000   E000               LDI     R16, 0
   \   00000002   9508               RET

   \                                 In  segment CODE, align 2, keep-with-next
   \   __version_3 uint8_t CIndicationAlarmHighLevelDfa::ALARM_TYPE()
   \                     ??ALARM_TYPE_7:
   \   00000000   E001               LDI     R16, 1
   \   00000002   9508               RET

   \                                 In  segment CODE, align 2, keep-with-next
   \   __version_3 uint8_t CIndicationAlarmHighLevelDfa::ACTIVE_LEVEL()
   \                     ??ACTIVE_LEVEL_7:
   \   00000000   E001               LDI     R16, 1
   \   00000002   9508               RET
     11          
     12          //-----------------------------------------------------------------------------------------------------

   \                                 In  segment CODE, align 2, keep-with-next
     13          CAlarmDfa::CAlarmDfa()
   \                     ??CAlarmDfa:
   \   00000000   ....               RCALL   ?Subroutine17
     14          {
   \                     ??CrossCallReturnLabel_23:
   \   00000002   ........           CALL    ??CDfaLite
   \   00000006   ....               LDI     R16, LOW(??__vtbl_2)
   \   00000008   ....               LDI     R17, (??__vtbl_2) >> 8
   \   0000000A   ....               RCALL   ?Subroutine18
     15              //ctor
     16          }
   \                     ??CrossCallReturnLabel_26:
   \   0000000C   ....               RJMP    ??Subroutine29_0

   \                                 In  segment CODE, align 2, keep-with-next
   \                     ?Subroutine18:
   \   00000000   01FD               MOVW    R31:R30, R27:R26
   \   00000002   8301               STD     Z+1, R16
   \   00000004   8312               STD     Z+2, R17
   \   00000006   9508               RET

   \                                 In  segment CODE, align 2, keep-with-next
   \                     ?Subroutine17:
   \   00000000   93BA               ST      -Y, R27
   \   00000002   93AA               ST      -Y, R26
   \   00000004   01D8               MOVW    R27:R26, R17:R16
   \   00000006   9508               RET

   \                                 In  segment CODE, align 2, keep-with-next
   \                     ??Subroutine29_0:
   \   00000000   018D               MOVW    R17:R16, R27:R26
   \   00000002   91A9               LD      R26, Y+
   \   00000004   91B9               LD      R27, Y+
   \   00000006   9508               RET
     17          
     18          //-----------------------------------------------------------------------------------------------------

   \                                 In  segment CODE, align 2, keep-with-next
     19          CAlarmDfa::~CAlarmDfa()
   \                     `?~CAlarmDfa`:
     20          {
   \   00000000   ....               RCALL   ?Subroutine21
   \                     ??CrossCallReturnLabel_43:
   \   00000002   F021               BREQ    ??CrossCallReturnLabel_47
     21              //dtor
     22          }
   \   00000004   ....               RCALL   ?Subroutine20
   \                     ??CrossCallReturnLabel_40:
   \   00000006   ........           CALL    `?~CDfaLite`
   \   0000000A   ....               RCALL   ?Subroutine22
   \                     ??CrossCallReturnLabel_47:
   \   0000000C   ....               RJMP    ?Subroutine25

   \                                 In  segment CODE, align 2, keep-with-next
   \                     ?Subroutine25:
   \   00000000   E0E3               LDI     R30, 3
   \   00000002                      REQUIRE ??Subroutine30_0
   \   00000002                      ;               // Fall through to label ??Subroutine30_0

   \                                 In  segment CODE, align 2, keep-with-next
   \                     ??Subroutine30_0:
   \   00000000   ........           JMP     ?EPILOGUE_B3_L09

   \                                 In  segment CODE, align 2, keep-with-next
   \                     ?Subroutine20:
   \   00000000   E020               LDI     R18, 0
   \   00000002   E030               LDI     R19, 0
   \   00000004   2F08               MOV     R16, R24
   \   00000006   9508               RET

   \                                 In  segment CODE, align 2, keep-with-next
   \                     ?Subroutine22:
   \   00000000   FBA0               BST     R26, 0
   \   00000002   F41E               BRTC    ??Subroutine22_0
   \   00000004   018C               MOVW    R17:R16, R25:R24
   \   00000006   ........           CALL    `??operator delete`
   \                     ??Subroutine22_0:
   \   0000000A   9508               RET

   \                                 In  segment CODE, align 2, keep-with-next
   \                     ?Subroutine21:
   \   00000000   ........           CALL    ?PROLOGUE3_L09
   \   00000004   01C8               MOVW    R25:R24, R17:R16
   \   00000006   2FA2               MOV     R26, R18
   \   00000008   2B01               OR      R16, R17
   \   0000000A   9508               RET
     23          
     24          //-----------------------------------------------------------------------------------------------------
     25          // Автомат обработки сигнализации дискретного сигнала.

   \                                 In  segment CODE, align 2, keep-with-next
     26          void CAlarmDfa::Fsm(void)
   \                     ??Fsm:
     27          {
   \   00000000   ........           CALL    ?PROLOGUE5_L09
   \   00000004                      REQUIRE ?Register_R4_is_cg_reg
   \   00000004   01D8               MOVW    R27:R26, R17:R16
     28              switch (GetFsmState())
   \   00000006   910C               LD      R16, X
   \   00000008   950A               DEC     R16
   \   0000000A   F049               BREQ    ??Fsm_2
   \   0000000C   950A               DEC     R16
   \   0000000E   F061               BREQ    ??Fsm_3
   \   00000010   950A               DEC     R16
   \   00000012   F0A9               BREQ    ??Fsm_4
   \   00000014   950A               DEC     R16
   \   00000016   F0E9               BREQ    ??Fsm_5
   \   00000018   950A               DEC     R16
   \   0000001A   F0F9               BREQ    ??Fsm_6
   \   0000001C   C022               RJMP    ??Fsm_7
     29              {
     30              case START:
     31                  break;
     32          
     33              case ACTIVE_STATE_WAITING:
     34                  // Дискретный сигнал активен?
     35                  if (CPss21::GetDiscreteInputState(GetDiscreteStateIndex()) ^ ACTIVE_LEVEL())
   \                     ??Fsm_2:
   \   0000001E   ....               RCALL   ?Subroutine13
   \                     ??CrossCallReturnLabel_17:
   \   00000020   F101               BREQ    ??Fsm_7
     36                  {
     37                      // Установим связанные дискретный выходы - новое нарушение.
     38                      CPss21::DiscreteOutputsSet(GetLinkedDiscreteOutputsPointer(), NEW_VIOLATION);
   \   00000022   ....               RCALL   ?Subroutine0
     39                      // Тип запрограммированной сигнализации дискретного сигнала имеет более высокий приоритет,
     40                      // чем тип общей сигнализации?
     41                      if ((CPss21::GetCommonAlarmType() != EMERGENCY) &&
     42                              (CPss21::GetCommonAlarmType() < ALARM_TYPE()))
     43                      {
     44                          // Установим тип общей сигнализацию.
     45                          CPss21::SetCommonAlarmType(ALARM_TYPE());
     46                          // Изменим тип общей сигнализацию.
     47                          CPss21::AlarmTypeChange();
     48                      }
     49                      // Установим тип сигнализации связанному окну в массиве управления окнами извещателя.
     50                      CPss21::SetAlarmWindowType(GetAlarmWindowIndex(), ALARM_TYPE());
     51          //            GetAlarmWindowPointer() -> SetAlarmType(ALARM_TYPE());
     52                      SetFsmState(RECEIPT_OR_RESET_WAITING);
   \                     ??CrossCallReturnLabel_0:
   \   00000024   E002               LDI     R16, 2
   \   00000026   C01C               RJMP    ??CrossCallReturnLabel_4
     53                  }
     54                  break;
     55          
     56              case RECEIPT_OR_RESET_WAITING:
     57                  // Дискретный сигнал активен?
     58                  if (CPss21::GetDiscreteInputState(GetDiscreteStateIndex()) ^ ACTIVE_LEVEL())
   \                     ??Fsm_3:
   \   00000028   ....               RCALL   ?Subroutine2
     59                  {
     60                      // Установим связанные дискретный выходы - не новое нарушение.
     61                      CPss21::DiscreteOutputsSet(GetLinkedDiscreteOutputsPointer(), NOT_NEW_VIOLATION);
     62                  }
     63          
     64                  // Событие сброшено?
     65                  if (CPss21::GetDiscreteSignalsReset())
   \                     ??CrossCallReturnLabel_2:
   \   0000002A   F011               BREQ    ??Fsm_8
     66                  {
     67                      // Переведём автоматы сигнализаций в состояние - квитировано.
     68                      CPss21::AlarmTypeReceipt();
   \   0000002C   ....               RCALL   ?Subroutine6
     69                      // Установим тип сигнализации связанному окну в массиве управления окнами извещателя.
     70                      CPss21::SetAlarmWindowType(GetAlarmWindowIndex(), INDICATION);
     71          //            GetAlarmWindowPointer() -> SetAlarmType(INDICATION);
     72                      SetFsmState(RESETED_NOT_ACTIVE_STATE_WAITING);
   \                     ??CrossCallReturnLabel_6:
   \   0000002E   C00B               RJMP    ??Fsm_9
     73                  }
     74                  // Событие квитировано?
     75                  else if (CPss21::GetDiscreteSignalsReceipt())
   \                     ??Fsm_8:
   \   00000030   9100....           LDS     R16, ??m_uiDiscreteSignalsReceipt
   \   00000034   2300               TST     R16
   \   00000036   F0A9               BREQ    ??Fsm_7
     76                  {
     77                      // Переведём автоматы сигнализаций в состояние - квитировано.
     78                      CPss21::AlarmTypeReceipt();
   \   00000038   ....               RCALL   ?Subroutine6
     79                      // Установим тип сигнализации связанному окну в массиве управления окнами извещателя.
     80                      CPss21::SetAlarmWindowType(GetAlarmWindowIndex(), INDICATION);
     81          //            GetAlarmWindowPointer() -> SetAlarmType(INDICATION);
     82                      SetFsmState(RECEIPTED_RESET_OR_NOT_ACTIVE_STATE_WAITING);
   \                     ??CrossCallReturnLabel_7:
   \   0000003A   E003               LDI     R16, 3
   \   0000003C   C011               RJMP    ??CrossCallReturnLabel_4
     83                  }
     84                  break;
     85          
     86              case RECEIPTED_RESET_OR_NOT_ACTIVE_STATE_WAITING:
     87                  // Событие сброшено?
     88                  if (CPss21::GetDiscreteSignalsReset())
   \                     ??Fsm_4:
   \   0000003E   9100....           LDS     R16, ??m_uiDiscreteSignalsReset
   \   00000042   2300               TST     R16
   \   00000044   F011               BREQ    ??Fsm_10
     89                  {
     90                      SetFsmState(RESETED_NOT_ACTIVE_STATE_WAITING);
   \                     ??Fsm_9:
   \   00000046   E004               LDI     R16, 4
   \   00000048   C00B               RJMP    ??CrossCallReturnLabel_4
     91                  }
     92                  // Дискретный сигнал не активен?
     93                  else if (!(CPss21::GetDiscreteInputState(GetDiscreteStateIndex()) ^ ACTIVE_LEVEL()))
   \                     ??Fsm_10:
   \   0000004A   ....               RCALL   ?Subroutine13
   \                     ??CrossCallReturnLabel_18:
   \   0000004C   F421               BRNE    ??Fsm_11
     94                  {
     95                      SetFsmState(RECEIPTED_RESET_WAITING);
     96                  }
     97                  else
     98                  {
     99                      // Установим связанные дискретный выходы - не новое нарушение.
    100                      CPss21::DiscreteOutputsSet(GetLinkedDiscreteOutputsPointer(), NOT_NEW_VIOLATION);
   \   0000004E   E005               LDI     R16, 5
   \   00000050   C007               RJMP    ??CrossCallReturnLabel_4
    101                  }
    102                  break;
    103          
    104              case RESETED_NOT_ACTIVE_STATE_WAITING:
    105                  // Дискретный сигнал не активен?
    106                  if (!(CPss21::GetDiscreteInputState(GetDiscreteStateIndex()) ^ ACTIVE_LEVEL()))
   \                     ??Fsm_5:
   \   00000052   ....               RCALL   ?Subroutine13
   \                     ??CrossCallReturnLabel_19:
   \   00000054   F021               BREQ    ??Fsm_12
    107                  {
    108                      // Переведём автоматы сигнализаций в состояние - сброшено.
    109                      CPss21::AlarmTypeReset();
    110                      // Установим тип сигнализации связанному окну в массиве управления окнами извещателя.
    111                      CPss21::SetAlarmWindowType(GetAlarmWindowIndex(), NORMAL);
    112          //            GetAlarmWindowPointer() -> SetAlarmType(NORMAL);
    113                      SetFsmState(ACTIVE_STATE_WAITING);
    114                  }
    115                  else
    116                  {
    117                      // Установим связанные дискретный выходы - не новое нарушение.
    118                      CPss21::DiscreteOutputsSet(GetLinkedDiscreteOutputsPointer(), NOT_NEW_VIOLATION);
   \                     ??Fsm_11:
   \   00000056   ....               RCALL   ?Subroutine7
   \                     ??CrossCallReturnLabel_38:
   \   00000058   C004               RJMP    ??Fsm_7
    119                  }
    120                  break;
    121          
    122              case RECEIPTED_RESET_WAITING:
    123                  // Дискретный сигнал активен?
    124                  if (CPss21::GetDiscreteInputState(GetDiscreteStateIndex()) ^ ACTIVE_LEVEL())
   \                     ??Fsm_6:
   \   0000005A   ....               RCALL   ?Subroutine2
    125                  {
    126                      // Установим связанные дискретный выходы - не новое нарушение.
    127                      CPss21::DiscreteOutputsSet(GetLinkedDiscreteOutputsPointer(), NOT_NEW_VIOLATION);
    128                  }
    129          
    130                  // Событие сброшено?
    131                  if (CPss21::GetDiscreteSignalsReset())
   \                     ??CrossCallReturnLabel_3:
   \   0000005C   F011               BREQ    ??Fsm_7
    132                  {
    133                      // Переведём автоматы сигнализаций в состояние - сброшено.
    134                      CPss21::AlarmTypeReset();
    135                      // Установим тип сигнализации связанному окну в массиве управления окнами извещателя.
    136                      CPss21::SetAlarmWindowType(GetAlarmWindowIndex(), NORMAL);
    137          //            GetAlarmWindowPointer() -> SetAlarmType(NORMAL);
    138                      SetFsmState(ACTIVE_STATE_WAITING);
    139                  }
    140                  break;
    141          
    142              default:
    143                  break;
    144              }
   \                     ??Fsm_12:
   \   0000005E   ....               RCALL   ?Subroutine5
   \                     ??CrossCallReturnLabel_4:
   \   00000060   930C               ST      X, R16
    145          }
   \                     ??Fsm_7:
   \   00000062                      REQUIRE ?Subroutine26
   \   00000062                      ;               // Fall through to label ?Subroutine26

   \                                 In  segment CODE, align 2, keep-with-next
   \                     ?Subroutine26:
   \   00000000   E0E5               LDI     R30, 5
   \   00000002   ........           JMP     ?EPILOGUE_B5_L09

   \                                 In  segment CODE, align 2, keep-with-next
   \                     ?Subroutine6:
   \   00000000   ........           CALL    ??AlarmTypeReceipt
   \   00000004   E011               LDI     R17, 1
   \   00000006   ....               RJMP    ?Subroutine15

   \                                 In  segment CODE, align 2, keep-with-next
   \                     ?Subroutine2:
   \   00000000   ....               RCALL   ?Subroutine13
   \                     ??CrossCallReturnLabel_16:
   \   00000002   F011               BREQ    ??CrossCallReturnLabel_36
   \   00000004   E020               LDI     R18, 0
   \   00000006   ....               RCALL   ?Subroutine16
   \                     ??CrossCallReturnLabel_36:
   \   00000008   9100....           LDS     R16, ??m_uiDiscreteSignalsReset
   \   0000000C   2300               TST     R16
   \   0000000E   9508               RET

   \                                 In  segment CODE, align 2, keep-with-next
   \                     ?Subroutine7:
   \   00000000   E020               LDI     R18, 0
   \   00000002   9614               ADIW    R27:R26, 4
   \   00000004   018D               MOVW    R17:R16, R27:R26
   \   00000006                      REQUIRE ?Subroutine27
   \   00000006                      ;               // Fall through to label ?Subroutine27

   \                                 In  segment CODE, align 2, keep-with-next
   \                     ?Subroutine27:
   \   00000000   ........           JMP     ??DiscreteOutputsSet

   \                                 In  segment CODE, align 2, keep-with-next
   \                     ?Subroutine5:
   \   00000000   ........           CALL    ??AlarmTypeReset
   \   00000004   E010               LDI     R17, 0
   \   00000006   ....               RCALL   ?Subroutine15
   \                     ??CrossCallReturnLabel_22:
   \   00000008   E001               LDI     R16, 1
   \   0000000A   9508               RET

   \                                 In  segment CODE, align 2, keep-with-next
   \                     ?Subroutine13:
   \   00000000   01FD               MOVW    R31:R30, R27:R26
   \   00000002   8181               LDD     R24, Z+1
   \   00000004   8192               LDD     R25, Z+2
   \   00000006   9606               ADIW    R25:R24, 6
   \   00000008   8105               LDD     R16, Z+5
   \   0000000A   ........           CALL    ??GetDiscreteInputState
   \   0000000E   2E40               MOV     R4, R16
   \   00000010   018D               MOVW    R17:R16, R27:R26
   \   00000012   01FC               MOVW    R31:R30, R25:R24
   \   00000014   ....               RCALL   ??Subroutine31_0
   \                     ??CrossCallReturnLabel_49:
   \   00000016   2640               EOR     R4, R16
   \   00000018   9508               RET

   \                                 In  segment CODE, align 2, keep-with-next
   \                     ?Subroutine0:
   \   00000000   E021               LDI     R18, 1
   \   00000002   ....               RCALL   ?Subroutine16
   \                     ??CrossCallReturnLabel_35:
   \   00000004   9100....           LDS     R16, ??m_uiCommonAlarmType
   \   00000008   3003               CPI     R16, 3
   \   0000000A   F079               BREQ    ??Subroutine0_0
   \   0000000C   9180....           LDS     R24, ??m_uiCommonAlarmType
   \   00000010   018D               MOVW    R17:R16, R27:R26
   \   00000012   01FD               MOVW    R31:R30, R27:R26
   \   00000014   8121               LDD     R18, Z+1
   \   00000016   81F2               LDD     R31, Z+2
   \   00000018   2FE2               MOV     R30, R18
   \   0000001A   ....               RCALL   ?Subroutine23
   \                     ??CrossCallReturnLabel_52:
   \   0000001C   1780               CP      R24, R16
   \   0000001E   F428               BRCC    ??Subroutine0_0
   \   00000020   ....               RCALL   ?Subroutine14
   \                     ??CrossCallReturnLabel_50:
   \   00000022   9300....           STS     ??m_uiCommonAlarmType, R16
   \   00000026   ........           CALL    ??AlarmTypeChange
   \                     ??Subroutine0_0:
   \   0000002A   ....               RCALL   ?Subroutine14
   \                     ??CrossCallReturnLabel_51:
   \   0000002C   2F10               MOV     R17, R16
   \   0000002E   ....               RJMP    ?Subroutine15

   \                                 In  segment CODE, align 2, keep-with-next
   \                     ?Subroutine16:
   \   00000000   018D               MOVW    R17:R16, R27:R26
   \   00000002   5F0C               SUBI    R16, 252
   \   00000004   4F1F               SBCI    R17, 255
   \   00000006   ....               RJMP    ?Subroutine27

   \                                 In  segment CODE, align 2, keep-with-next
   \                     ?Subroutine15:
   \   00000000   01FD               MOVW    R31:R30, R27:R26
   \   00000002   8103               LDD     R16, Z+3
   \   00000004   ........           JMP     ??SetAlarmWindowType

   \                                 In  segment CODE, align 2, keep-with-next
   \                     ?Subroutine14:
   \   00000000   018D               MOVW    R17:R16, R27:R26
   \   00000002   9611               ADIW    R27:R26, 1
   \   00000004   91ED               LD      R30, X+
   \   00000006   91FC               LD      R31, X
   \   00000008   9712               SBIW    R27:R26, 2
   \   0000000A                      REQUIRE ?Subroutine23
   \   0000000A                      ;               // Fall through to label ?Subroutine23

   \                                 In  segment CODE, align 2, keep-with-next
   \                     ?Subroutine23:
   \   00000000   9634               ADIW    R31:R30, 4
   \   00000002                      REQUIRE ??Subroutine31_0
   \   00000002                      ;               // Fall through to label ??Subroutine31_0

   \                                 In  segment CODE, align 2, keep-with-next
   \                     ??Subroutine31_0:
   \   00000000   9125               LPM     R18, Z+
   \   00000002   91F4               LPM     R31, Z
   \   00000004   2FE2               MOV     R30, R18
   \   00000006   9409               IJMP
    146          //-----------------------------------------------------------------------------------------------------
    147          
    148          
    149          
    150          
    151          
    152          
    153          
    154          
    155          //-----------------------------------------------------------------------------------------------------

   \                                 In  segment CODE, align 2, keep-with-next
    156          CNormalAlarmDfa::CNormalAlarmDfa()
   \                     ??CNormalAlarmDfa:
   \   00000000   ....               RCALL   ?Subroutine4
    157          {
   \                     ??CrossCallReturnLabel_34:
   \   00000002   ....               LDI     R16, LOW(??__vtbl_3)
   \   00000004   ....               LDI     R17, (??__vtbl_3) >> 8
   \   00000006   ....               RCALL   ?Subroutine18
    158              SetFsmState(START);
   \                     ??CrossCallReturnLabel_27:
   \   00000008   E000               LDI     R16, 0
   \   0000000A   ....               RJMP    ?Subroutine19
    159          }

   \                                 In  segment CODE, align 2, keep-with-next
   \                     ?Subroutine4:
   \   00000000   ....               RCALL   ?Subroutine17
   \                     ??CrossCallReturnLabel_25:
   \   00000002                      REQUIRE ?Subroutine24
   \   00000002                      ;               // Fall through to label ?Subroutine24

   \                                 In  segment CODE, align 2, keep-with-next
   \                     ?Subroutine24:
   \   00000000   ....               RJMP    ??CAlarmDfa

   \                                 In  segment CODE, align 2, keep-with-next
   \                     ?Subroutine19:
   \   00000000   930C               ST      X, R16
   \   00000002                      REQUIRE ??Subroutine29_0
   \   00000002                      ;               // Fall through to label ??Subroutine29_0
    160          
    161          //-----------------------------------------------------------------------------------------------------

   \                                 In  segment CODE, align 2, keep-with-next
    162          CNormalAlarmDfa::~CNormalAlarmDfa()
   \                     `?~CNormalAlarmDfa`:
   \   00000000   ....               RJMP    ?Subroutine28

   \                                 In  segment CODE, align 2, keep-with-next
   \                     ?Subroutine28:
    163          {
   \   00000000   ....               RCALL   ?Subroutine8
    164              //dtor
    165          }
   \                     ??CrossCallReturnLabel_39:
   \   00000002   ....               RJMP    ??Subroutine30_0

   \                                 In  segment CODE, align 2, keep-with-next
   \                     ?Subroutine8:
   \   00000000   ....               RCALL   ?Subroutine21
   \                     ??CrossCallReturnLabel_45:
   \   00000002   F019               BREQ    ??CrossCallReturnLabel_46
   \   00000004   ....               RCALL   ?Subroutine20
   \                     ??CrossCallReturnLabel_42:
   \   00000006   ....               RCALL   `?~CAlarmDfa`
   \   00000008   ....               RCALL   ?Subroutine22
   \                     ??CrossCallReturnLabel_46:
   \   0000000A   E0E3               LDI     R30, 3
   \   0000000C   9508               RET
    166          //-----------------------------------------------------------------------------------------------------
    167          
    168          
    169          
    170          
    171          
    172          
    173          
    174          
    175          //-----------------------------------------------------------------------------------------------------

   \                                 In  segment CODE, align 2, keep-with-next
    176          CPreventiveAlarmLowLevelDfa::CPreventiveAlarmLowLevelDfa()
   \                     ??CPreventiveAlarmLowLevelDfa:
   \   00000000   ....               RCALL   ?Subroutine4
    177          {
   \                     ??CrossCallReturnLabel_33:
   \   00000002   ....               LDI     R16, LOW(??__vtbl_4)
   \   00000004   ....               LDI     R17, (??__vtbl_4) >> 8
   \   00000006   ....               RJMP    ?Subroutine1

   \                                 In  segment CODE, align 2, keep-with-next
   \                     ?Subroutine1:
   \   00000000   ....               RCALL   ?Subroutine18
    178              SetFsmState(ACTIVE_STATE_WAITING);
   \                     ??CrossCallReturnLabel_28:
   \   00000002   E001               LDI     R16, 1
   \   00000004                      REQUIRE ?Subroutine19
   \   00000004                      ;               // Fall through to label ?Subroutine19
    179          }
    180          
    181          //-----------------------------------------------------------------------------------------------------

   \                                 In  segment CODE, align 2, keep-with-next
    182          CPreventiveAlarmLowLevelDfa::~CPreventiveAlarmLowLevelDfa()
   \                     `?~CPreventiveAlarmLowLevelDfa`:
   \   00000000   ....               RJMP    ?Subroutine28
    183          {
    184              //dtor
    185          }
    186          
    187          //-----------------------------------------------------------------------------------------------------

   \                                 In  segment CODE, align 2, keep-with-next
    188          CPreventiveAlarmHighLevelDfa::CPreventiveAlarmHighLevelDfa()
   \                     ??CPreventiveAlarmHighLevelDfa:
   \   00000000   ....               RCALL   ?Subroutine4
    189          {
   \                     ??CrossCallReturnLabel_32:
   \   00000002   ....               LDI     R16, LOW(??__vtbl_5)
   \   00000004   ....               LDI     R17, (??__vtbl_5) >> 8
   \   00000006   ....               RJMP    ?Subroutine1
    190              SetFsmState(ACTIVE_STATE_WAITING);
    191          }
    192          
    193          //-----------------------------------------------------------------------------------------------------

   \                                 In  segment CODE, align 2, keep-with-next
    194          CPreventiveAlarmHighLevelDfa::~CPreventiveAlarmHighLevelDfa()
   \                     `?~CPreventiveAlarmHighLevelDfa`:
   \   00000000   ....               RJMP    ?Subroutine28
    195          {
    196              //dtor
    197          }
    198          //-----------------------------------------------------------------------------------------------------
    199          
    200          
    201          
    202          
    203          
    204          
    205          
    206          
    207          //-----------------------------------------------------------------------------------------------------

   \                                 In  segment CODE, align 2, keep-with-next
    208          CEmergencyAlarmLowLevelDfa::CEmergencyAlarmLowLevelDfa()
   \                     ??CEmergencyAlarmLowLevelDfa:
   \   00000000   ....               RCALL   ?Subroutine4
    209          {
   \                     ??CrossCallReturnLabel_31:
   \   00000002   ....               LDI     R16, LOW(??__vtbl_6)
   \   00000004   ....               LDI     R17, (??__vtbl_6) >> 8
   \   00000006   ....               RJMP    ?Subroutine1
    210              SetFsmState(ACTIVE_STATE_WAITING);
    211          }
    212          
    213          //-----------------------------------------------------------------------------------------------------

   \                                 In  segment CODE, align 2, keep-with-next
    214          CEmergencyAlarmLowLevelDfa::~CEmergencyAlarmLowLevelDfa()
   \                     `?~CEmergencyAlarmLowLevelDfa`:
   \   00000000                      REQUIRE ?Subroutine28
   \   00000000                      ;               // Fall through to label ?Subroutine28
    215          {
    216              //dtor
    217          }
    218          
    219          //-----------------------------------------------------------------------------------------------------

   \                                 In  segment CODE, align 2, keep-with-next
    220          CEmergencyAlarmHighLevelDfa::CEmergencyAlarmHighLevelDfa()
   \                     ??CEmergencyAlarmHighLevelDfa:
   \   00000000   ....               RCALL   ?Subroutine4
    221          {
   \                     ??CrossCallReturnLabel_30:
   \   00000002   ....               LDI     R16, LOW(??__vtbl_7)
   \   00000004   ....               LDI     R17, (??__vtbl_7) >> 8
   \   00000006                      REQUIRE ?Subroutine1
   \   00000006                      ;               // Fall through to label ?Subroutine1
    222              SetFsmState(ACTIVE_STATE_WAITING);
    223          }
    224          
    225          //-----------------------------------------------------------------------------------------------------

   \                                 In  segment CODE, align 2, keep-with-next
    226          CEmergencyAlarmHighLevelDfa::~CEmergencyAlarmHighLevelDfa()
   \                     `?~CEmergencyAlarmHighLevelDfa`:
   \   00000000   ....               RJMP    ?Subroutine28
    227          {
    228              //dtor
    229          }
    230          //-----------------------------------------------------------------------------------------------------
    231          
    232          
    233          
    234          
    235          
    236          
    237          
    238          
    239          //-----------------------------------------------------------------------------------------------------

   \                                 In  segment CODE, align 2, keep-with-next
    240          CIndicationAlarmLowLevelDfa::CIndicationAlarmLowLevelDfa()
   \                     ??CIndicationAlarmLowLevelDfa:
   \   00000000   ....               RCALL   ?Subroutine4
    241          {
   \                     ??CrossCallReturnLabel_29:
   \   00000002   ....               LDI     R16, LOW(??__vtbl_8)
   \   00000004   ....               LDI     R17, (??__vtbl_8) >> 8
   \   00000006   ....               RJMP    ?Subroutine1
    242              SetFsmState(ACTIVE_STATE_WAITING);
    243          }
    244          
    245          //-----------------------------------------------------------------------------------------------------

   \                                 In  segment CODE, align 2, keep-with-next
    246          CIndicationAlarmLowLevelDfa::~CIndicationAlarmLowLevelDfa()
   \                     `?~CIndicationAlarmLowLevelDfa`:
   \   00000000   ....               RJMP    ?Subroutine28
    247          {
    248              //dtor
    249          }
    250          
    251          //-----------------------------------------------------------------------------------------------------
    252          // Автомат обработки сигнализации дискретного сигнала.

   \                                 In  segment CODE, align 2, keep-with-next
    253          void CIndicationAlarmLowLevelDfa::Fsm(void)
   \                     ??Fsm_1:
    254          {
   \   00000000   ........           CALL    ?PROLOGUE5_L09
   \   00000004                      REQUIRE ?Register_R4_is_cg_reg
   \   00000004   01D8               MOVW    R27:R26, R17:R16
    255              switch (GetFsmState())
   \   00000006   910C               LD      R16, X
   \   00000008   950A               DEC     R16
   \   0000000A   F019               BREQ    ??Fsm_13
   \   0000000C   5005               SUBI    R16, 5
   \   0000000E   F031               BREQ    ??Fsm_14
   \   00000010   C00B               RJMP    ??Fsm_15
    256              {
    257              case START:
    258                  break;
    259          
    260              case ACTIVE_STATE_WAITING:
    261                  // Дискретный сигнал активен?
    262                  if (CPss21::GetDiscreteInputState(GetDiscreteStateIndex()) ^ ACTIVE_LEVEL())
   \                     ??Fsm_13:
   \   00000012   ....               RCALL   ?Subroutine13
   \                     ??CrossCallReturnLabel_20:
   \   00000014   F049               BREQ    ??Fsm_15
    263                  {
    264                      // Установим связанные дискретный выходы - новое нарушение.
    265                      CPss21::DiscreteOutputsSet(GetLinkedDiscreteOutputsPointer(), NEW_VIOLATION);
   \   00000016   ....               RCALL   ?Subroutine0
    266                      // Тип запрограммированной сигнализации дискретного сигнала имеет более высокий приоритет,
    267                      // чем тип общей сигнализации?
    268                      if ((CPss21::GetCommonAlarmType() != EMERGENCY) &&
    269                              (CPss21::GetCommonAlarmType() < ALARM_TYPE()))
    270                      {
    271                          // Установим тип общей сигнализацию.
    272                          CPss21::SetCommonAlarmType(ALARM_TYPE());
    273                          // Изменим тип общей сигнализацию.
    274                          CPss21::AlarmTypeChange();
    275                      }
    276                      // Установим тип сигнализации связанному окну в массиве управления окнами извещателя.
    277                      CPss21::SetAlarmWindowType(GetAlarmWindowIndex(), ALARM_TYPE());
    278          //            GetAlarmWindowPointer() -> SetAlarmType(ALARM_TYPE());
    279                      SetFsmState(NOT_ACTIVE_STATE_WAITING);
   \                     ??CrossCallReturnLabel_1:
   \   00000018   E006               LDI     R16, 6
   \   0000001A   C005               RJMP    ??CrossCallReturnLabel_5
    280                  }
    281                  break;
    282          
    283              case NOT_ACTIVE_STATE_WAITING:
    284                  // Дискретный сигнал не активен?
    285                  if (!(CPss21::GetDiscreteInputState(GetDiscreteStateIndex()) ^ ACTIVE_LEVEL()))
   \                     ??Fsm_14:
   \   0000001C   ....               RCALL   ?Subroutine13
   \                     ??CrossCallReturnLabel_21:
   \   0000001E   F011               BREQ    ??Fsm_16
    286                  {
    287                      // Переведём автоматы сигнализаций в состояние - сброшено.
    288                      CPss21::AlarmTypeReset();
    289                      // Установим тип сигнализации связанному окну в массиве управления окнами извещателя.
    290                      CPss21::SetAlarmWindowType(GetAlarmWindowIndex(), NORMAL);
    291          //            GetAlarmWindowPointer() -> SetAlarmType(NORMAL);
    292                      SetFsmState(ACTIVE_STATE_WAITING);
    293                  }
    294                  else
    295                  {
    296                      // Установим связанные дискретный выходы - не новое нарушение.
    297                      CPss21::DiscreteOutputsSet(GetLinkedDiscreteOutputsPointer(), NOT_NEW_VIOLATION);
   \   00000020   ....               RCALL   ?Subroutine7
   \                     ??CrossCallReturnLabel_37:
   \   00000022   C002               RJMP    ??Fsm_15
   \                     ??Fsm_16:
   \   00000024   ....               RCALL   ?Subroutine5
   \                     ??CrossCallReturnLabel_5:
   \   00000026   930C               ST      X, R16
    298                  }
    299                  break;
    300          
    301              default:
    302                  break;
    303              }
    304          }
   \                     ??Fsm_15:
   \   00000028   ....               RJMP    ?Subroutine26
    305          //-----------------------------------------------------------------------------------------------------
    306          
    307          
    308          
    309          
    310          
    311          
    312          
    313          
    314          //-----------------------------------------------------------------------------------------------------

   \                                 In  segment CODE, align 2, keep-with-next
    315          CIndicationAlarmHighLevelDfa::CIndicationAlarmHighLevelDfa()
   \                     ??CIndicationAlarmHighLevelDfa:
   \   00000000   ....               RCALL   ?Subroutine17
    316          {
   \                     ??CrossCallReturnLabel_24:
   \   00000002   ....               RCALL   ??CIndicationAlarmLowLevelDfa
   \   00000004   ....               LDI     R16, LOW(??__vtbl_9)
   \   00000006   ....               LDI     R17, (??__vtbl_9) >> 8
   \   00000008   ....               RJMP    ?Subroutine1
    317              SetFsmState(ACTIVE_STATE_WAITING);
    318          }
    319          
    320          //-----------------------------------------------------------------------------------------------------

   \                                 In  segment CODE, align 2, keep-with-next
    321          CIndicationAlarmHighLevelDfa::~CIndicationAlarmHighLevelDfa()
   \                     `?~CIndicationAlarmHighLevelDfa`:
    322          {
   \   00000000   ....               RCALL   ?Subroutine21
   \                     ??CrossCallReturnLabel_44:
   \   00000002   F019               BREQ    ??CrossCallReturnLabel_48
    323              //dtor
    324          }
   \   00000004   ....               RCALL   ?Subroutine20
   \                     ??CrossCallReturnLabel_41:
   \   00000006   ....               RCALL   `?~CIndicationAlarmLowLevelDfa`
   \   00000008   ....               RCALL   ?Subroutine22
   \                     ??CrossCallReturnLabel_48:
   \   0000000A   ....               RJMP    ?Subroutine25

   \                                 In  segment CODE, align 2, keep-with-next
   \   __version_3 CAlarmDfa &CAlarmDfa::new CAlarmDfa()
   \                     `??new CAlarmDfa`:
   \   00000000   ....               RCALL   ?Subroutine9
   \                     ??CrossCallReturnLabel_8:
   \   00000002   F009               BREQ    `??new CAlarmDfa_1`
   \   00000004   ....               RJMP    ?Subroutine24
   \                     `??new CAlarmDfa_1`:
   \   00000006   ....               RJMP    ?Subroutine10

   \                                 In  segment CODE, align 2, keep-with-next
   \   __version_3 CNormalAlarmDfa &CNormalAlarmDfa::new CNormalAlarmDfa()
   \                     `??new CNormalAlarmDfa`:
   \   00000000   ....               RCALL   ?Subroutine9
   \                     ??CrossCallReturnLabel_9:
   \   00000002   F009               BREQ    `??new CNormalAlarmDfa_1`
   \   00000004   ....               RJMP    ??CNormalAlarmDfa
   \                     `??new CNormalAlarmDfa_1`:
   \   00000006   ....               RJMP    ?Subroutine10

   \                                 In  segment CODE, align 2, keep-with-next
   \   __version_3 CPreventiveAlarmLowLevelDfa &CPreventiveAlarmLowLevelDfa::new CPreventiveAlarmLowLevelDfa()
   \                     `??new CPreventiveAlarmLowLevelDfa`:
   \   00000000   ....               RCALL   ?Subroutine9
   \                     ??CrossCallReturnLabel_10:
   \   00000002   F009               BREQ    `??new CPreventiveAlarmLowLevelDfa_1`
   \   00000004   ....               RJMP    ??CPreventiveAlarmLowLevelDfa
   \                     `??new CPreventiveAlarmLowLevelDfa_1`:
   \   00000006   ....               RJMP    ?Subroutine10

   \                                 In  segment CODE, align 2, keep-with-next
   \   __version_3 CPreventiveAlarmHighLevelDfa &CPreventiveAlarmHighLevelDfa::new CPreventiveAlarmHighLevelDfa()
   \                     `??new CPreventiveAlarmHighLevelDfa`:
   \   00000000   ....               RCALL   ?Subroutine9
   \                     ??CrossCallReturnLabel_11:
   \   00000002   F009               BREQ    `??new CPreventiveAlarmHighLevelDfa_1`
   \   00000004   ....               RJMP    ??CPreventiveAlarmHighLevelDfa
   \                     `??new CPreventiveAlarmHighLevelDfa_1`:
   \   00000006   ....               RJMP    ?Subroutine10

   \                                 In  segment CODE, align 2, keep-with-next
   \   __version_3 CEmergencyAlarmLowLevelDfa &CEmergencyAlarmLowLevelDfa::new CEmergencyAlarmLowLevelDfa()
   \                     `??new CEmergencyAlarmLowLevelDfa`:
   \   00000000   ....               RCALL   ?Subroutine9
   \                     ??CrossCallReturnLabel_12:
   \   00000002   F009               BREQ    `??new CEmergencyAlarmLowLevelDfa_1`
   \   00000004   ....               RJMP    ??CEmergencyAlarmLowLevelDfa
   \                     `??new CEmergencyAlarmLowLevelDfa_1`:
   \   00000006                      REQUIRE ?Subroutine10
   \   00000006                      ;               // Fall through to label ?Subroutine10

   \                                 In  segment CODE, align 2, keep-with-next
   \                     ?Subroutine10:
   \   00000000   E000               LDI     R16, 0
   \   00000002   E010               LDI     R17, 0
   \   00000004   9508               RET

   \                                 In  segment CODE, align 2, keep-with-next
   \                     ?Subroutine9:
   \   00000000   E006               LDI     R16, 6
   \   00000002   E010               LDI     R17, 0
   \   00000004   ........           CALL    `??operator new`
   \   00000008   2F20               MOV     R18, R16
   \   0000000A   2B21               OR      R18, R17
   \   0000000C   9508               RET

   \                                 In  segment CODE, align 2, keep-with-next
   \   __version_3 CEmergencyAlarmHighLevelDfa &CEmergencyAlarmHighLevelDfa::new CEmergencyAlarmHighLevelDfa()
   \                     `??new CEmergencyAlarmHighLevelDfa`:
   \   00000000   ....               RCALL   ?Subroutine9
   \                     ??CrossCallReturnLabel_13:
   \   00000002   F009               BREQ    `??new CEmergencyAlarmHighLevelDfa_1`
   \   00000004   ....               RJMP    ??CEmergencyAlarmHighLevelDfa
   \                     `??new CEmergencyAlarmHighLevelDfa_1`:
   \   00000006   ....               RJMP    ?Subroutine10

   \                                 In  segment CODE, align 2, keep-with-next
   \   __version_3 CIndicationAlarmLowLevelDfa &CIndicationAlarmLowLevelDfa::new CIndicationAlarmLowLevelDfa()
   \                     `??new CIndicationAlarmLowLevelDfa`:
   \   00000000   ....               RCALL   ?Subroutine9
   \                     ??CrossCallReturnLabel_14:
   \   00000002   F009               BREQ    `??new CIndicationAlarmLowLevelDfa_1`
   \   00000004   ....               RJMP    ??CIndicationAlarmLowLevelDfa
   \                     `??new CIndicationAlarmLowLevelDfa_1`:
   \   00000006   ....               RJMP    ?Subroutine10

   \                                 In  segment CODE, align 2, keep-with-next
   \   __version_3 CIndicationAlarmHighLevelDfa &CIndicationAlarmHighLevelDfa::new CIndicationAlarmHighLevelDfa()
   \                     `??new CIndicationAlarmHighLevelDfa`:
   \   00000000   ....               RCALL   ?Subroutine9
   \                     ??CrossCallReturnLabel_15:
   \   00000002   F009               BREQ    `??new CIndicationAlarmHighLevelDfa_1`
   \   00000004   ....               RJMP    ??CIndicationAlarmHighLevelDfa
   \                     `??new CIndicationAlarmHighLevelDfa_1`:
   \   00000006   ....               RJMP    ?Subroutine10
    325          
    326          
    327          
    328          
    329          
    330          
    331          

   Maximum stack usage in bytes:

   CSTACK RSTACK Function
   ------ ------ --------
      0      2   CAlarmDfa::ACTIVE_LEVEL()
      0      2   CAlarmDfa::ALARM_TYPE()
      2      2   CAlarmDfa::CAlarmDfa()
        2      2   -> CDfaLite::CDfaLite()
      5      2   CAlarmDfa::Fsm()
        5      4   -- Indirect call
        5      6   -- Indirect call
        5      4   -> CPss21::AlarmTypeChange()
        5      4   -> CPss21::AlarmTypeReceipt()
        5      4   -> CPss21::AlarmTypeReset()
        5      2   -> CPss21::DiscreteOutputsSet(uint8_t *, uint8_t)
        5      4   -> CPss21::DiscreteOutputsSet(uint8_t *, uint8_t)
        5      4   -> CPss21::GetDiscreteInputState(uint8_t)
        5      6   -> CPss21::GetDiscreteInputState(uint8_t)
        5      2   -> CPss21::SetAlarmWindowType(uint8_t, uint8_t)
        5      4   -> CPss21::SetAlarmWindowType(uint8_t, uint8_t)
      0      2   CAlarmDfa::new CAlarmDfa()
        0      2   -> CAlarmDfa::CAlarmDfa()
        0      4   -> operator new(unsigned int)
      3      2   CAlarmDfa::~CAlarmDfa()
        3      2   -> CDfaLite::~CDfaLite()
        3      4   -> operator delete(void *)
      0      2   CEmergencyAlarmHighLevelDfa::ACTIVE_LEVEL()
      0      2   CEmergencyAlarmHighLevelDfa::ALARM_TYPE()
      2      2   CEmergencyAlarmHighLevelDfa::CEmergencyAlarmHighLevelDfa()
        2      2   -> CAlarmDfa::CAlarmDfa()
      0      2   CEmergencyAlarmHighLevelDfa::new CEmergencyAlarmHighLevelDfa()
        0      2   -> CEmergencyAlarmHighLevelDfa::CEmergencyAlarmHighLevelDfa()
        0      4   -> operator new(unsigned int)
      0      2   CEmergencyAlarmHighLevelDfa::~CEmergencyAlarmHighLevelDfa()
        3      4   -> CAlarmDfa::~CAlarmDfa()
        3      6   -> operator delete(void *)
      0      2   CEmergencyAlarmLowLevelDfa::ACTIVE_LEVEL()
      0      2   CEmergencyAlarmLowLevelDfa::ALARM_TYPE()
      2      2   CEmergencyAlarmLowLevelDfa::CEmergencyAlarmLowLevelDfa()
        2      2   -> CAlarmDfa::CAlarmDfa()
      0      2   CEmergencyAlarmLowLevelDfa::new CEmergencyAlarmLowLevelDfa()
        0      2   -> CEmergencyAlarmLowLevelDfa::CEmergencyAlarmLowLevelDfa()
        0      4   -> operator new(unsigned int)
      0      0   CEmergencyAlarmLowLevelDfa::~CEmergencyAlarmLowLevelDfa()
        3      4   -> CAlarmDfa::~CAlarmDfa()
        3      6   -> operator delete(void *)
      0      2   CIndicationAlarmHighLevelDfa::ACTIVE_LEVEL()
      0      2   CIndicationAlarmHighLevelDfa::ALARM_TYPE()
      2      2   CIndicationAlarmHighLevelDfa::CIndicationAlarmHighLevelDfa()
        2      2   -> CIndicationAlarmLowLevelDfa::CIndicationAlarmLowLevelDfa()
      0      2   CIndicationAlarmHighLevelDfa::new CIndicationAlarmHighLevelDfa()
        0      2   -> CIndicationAlarmHighLevelDfa::CIndicationAlarmHighLevelDfa()
        0      4   -> operator new(unsigned int)
      3      2   CIndicationAlarmHighLevelDfa::~CIndicationAlarmHighLevelDfa()
        3      2   -> CIndicationAlarmLowLevelDfa::~CIndicationAlarmLowLevelDfa()
        3      4   -> operator delete(void *)
      0      2   CIndicationAlarmLowLevelDfa::ACTIVE_LEVEL()
      0      2   CIndicationAlarmLowLevelDfa::ALARM_TYPE()
      2      2   CIndicationAlarmLowLevelDfa::CIndicationAlarmLowLevelDfa()
        2      2   -> CAlarmDfa::CAlarmDfa()
      5      2   CIndicationAlarmLowLevelDfa::Fsm()
        5      4   -- Indirect call
        5      4   -> CPss21::AlarmTypeChange()
        5      4   -> CPss21::AlarmTypeReset()
        5      2   -> CPss21::DiscreteOutputsSet(uint8_t *, uint8_t)
        5      4   -> CPss21::DiscreteOutputsSet(uint8_t *, uint8_t)
        5      4   -> CPss21::GetDiscreteInputState(uint8_t)
        5      2   -> CPss21::SetAlarmWindowType(uint8_t, uint8_t)
        5      4   -> CPss21::SetAlarmWindowType(uint8_t, uint8_t)
      0      2   CIndicationAlarmLowLevelDfa::new CIndicationAlarmLowLevelDfa()
        0      2   -> CIndicationAlarmLowLevelDfa::CIndicationAlarmLowLevelDfa()
        0      4   -> operator new(unsigned int)
      0      2   CIndicationAlarmLowLevelDfa::~CIndicationAlarmLowLevelDfa()
        3      4   -> CAlarmDfa::~CAlarmDfa()
        3      6   -> operator delete(void *)
      0      2   CNormalAlarmDfa::ACTIVE_LEVEL()
      0      2   CNormalAlarmDfa::ALARM_TYPE()
      2      2   CNormalAlarmDfa::CNormalAlarmDfa()
        2      2   -> CAlarmDfa::CAlarmDfa()
      0      2   CNormalAlarmDfa::new CNormalAlarmDfa()
        0      2   -> CNormalAlarmDfa::CNormalAlarmDfa()
        0      4   -> operator new(unsigned int)
      0      2   CNormalAlarmDfa::~CNormalAlarmDfa()
        3      4   -> CAlarmDfa::~CAlarmDfa()
        3      6   -> operator delete(void *)
      0      2   CPreventiveAlarmHighLevelDfa::ACTIVE_LEVEL()
      0      2   CPreventiveAlarmHighLevelDfa::ALARM_TYPE()
      2      2   CPreventiveAlarmHighLevelDfa::CPreventiveAlarmHighLevelDfa()
        2      2   -> CAlarmDfa::CAlarmDfa()
      0      2   CPreventiveAlarmHighLevelDfa::new CPreventiveAlarmHighLevelDfa()
        0      2   -> CPreventiveAlarmHighLevelDfa::CPreventiveAlarmHighLevelDfa()
        0      4   -> operator new(unsigned int)
      0      2   CPreventiveAlarmHighLevelDfa::~CPreventiveAlarmHighLevelDfa()
        3      4   -> CAlarmDfa::~CAlarmDfa()
        3      6   -> operator delete(void *)
      0      2   CPreventiveAlarmLowLevelDfa::ACTIVE_LEVEL()
      0      2   CPreventiveAlarmLowLevelDfa::ALARM_TYPE()
      2      2   CPreventiveAlarmLowLevelDfa::CPreventiveAlarmLowLevelDfa()
        2      2   -> CAlarmDfa::CAlarmDfa()
      0      2   CPreventiveAlarmLowLevelDfa::new CPreventiveAlarmLowLevelDfa()
        0      2   -> CPreventiveAlarmLowLevelDfa::CPreventiveAlarmLowLevelDfa()
        0      4   -> operator new(unsigned int)
      0      2   CPreventiveAlarmLowLevelDfa::~CPreventiveAlarmLowLevelDfa()
        3      4   -> CAlarmDfa::~CAlarmDfa()
        3      6   -> operator delete(void *)


   Segment part sizes:

   Bytes  Function/Label
   -----  --------------
       8  ??Subroutine29_0
       4  ??Subroutine30_0
       8  ??Subroutine31_0
      48  ?Subroutine0
       4  ?Subroutine1
       6  ?Subroutine10
      26  ?Subroutine13
      10  ?Subroutine14
       8  ?Subroutine15
       8  ?Subroutine16
       8  ?Subroutine17
       8  ?Subroutine18
       2  ?Subroutine19
      16  ?Subroutine2
       8  ?Subroutine20
      12  ?Subroutine21
      12  ?Subroutine22
       2  ?Subroutine23
       2  ?Subroutine24
       2  ?Subroutine25
       6  ?Subroutine26
       4  ?Subroutine27
       4  ?Subroutine28
       2  ?Subroutine4
      12  ?Subroutine5
       8  ?Subroutine6
       6  ?Subroutine7
      14  ?Subroutine8
      14  ?Subroutine9
       4  CAlarmDfa::ACTIVE_LEVEL()
       4  CAlarmDfa::ALARM_TYPE()
      14  CAlarmDfa::CAlarmDfa()
      98  CAlarmDfa::Fsm()
       8  CAlarmDfa::new CAlarmDfa()
      14  CAlarmDfa::~CAlarmDfa()
       4  CEmergencyAlarmHighLevelDfa::ACTIVE_LEVEL()
       4  CEmergencyAlarmHighLevelDfa::ALARM_TYPE()
       6  CEmergencyAlarmHighLevelDfa::CEmergencyAlarmHighLevelDfa()
       8  CEmergencyAlarmHighLevelDfa::new CEmergencyAlarmHighLevelDfa()
       2  CEmergencyAlarmHighLevelDfa::~CEmergencyAlarmHighLevelDfa()
       4  CEmergencyAlarmLowLevelDfa::ACTIVE_LEVEL()
       4  CEmergencyAlarmLowLevelDfa::ALARM_TYPE()
       8  CEmergencyAlarmLowLevelDfa::CEmergencyAlarmLowLevelDfa()
       6  CEmergencyAlarmLowLevelDfa::new CEmergencyAlarmLowLevelDfa()
       0  CEmergencyAlarmLowLevelDfa::~CEmergencyAlarmLowLevelDfa()
       4  CIndicationAlarmHighLevelDfa::ACTIVE_LEVEL()
       4  CIndicationAlarmHighLevelDfa::ALARM_TYPE()
      10  CIndicationAlarmHighLevelDfa::CIndicationAlarmHighLevelDfa()
       8  CIndicationAlarmHighLevelDfa::new CIndicationAlarmHighLevelDfa()
      12  CIndicationAlarmHighLevelDfa::~CIndicationAlarmHighLevelDfa()
       4  CIndicationAlarmLowLevelDfa::ACTIVE_LEVEL()
       4  CIndicationAlarmLowLevelDfa::ALARM_TYPE()
       8  CIndicationAlarmLowLevelDfa::CIndicationAlarmLowLevelDfa()
      42  CIndicationAlarmLowLevelDfa::Fsm()
       8  CIndicationAlarmLowLevelDfa::new CIndicationAlarmLowLevelDfa()
       2  CIndicationAlarmLowLevelDfa::~CIndicationAlarmLowLevelDfa()
       4  CNormalAlarmDfa::ACTIVE_LEVEL()
       4  CNormalAlarmDfa::ALARM_TYPE()
      12  CNormalAlarmDfa::CNormalAlarmDfa()
       8  CNormalAlarmDfa::new CNormalAlarmDfa()
       2  CNormalAlarmDfa::~CNormalAlarmDfa()
       4  CPreventiveAlarmHighLevelDfa::ACTIVE_LEVEL()
       4  CPreventiveAlarmHighLevelDfa::ALARM_TYPE()
       8  CPreventiveAlarmHighLevelDfa::CPreventiveAlarmHighLevelDfa()
       8  CPreventiveAlarmHighLevelDfa::new CPreventiveAlarmHighLevelDfa()
       2  CPreventiveAlarmHighLevelDfa::~CPreventiveAlarmHighLevelDfa()
       4  CPreventiveAlarmLowLevelDfa::ACTIVE_LEVEL()
       4  CPreventiveAlarmLowLevelDfa::ALARM_TYPE()
       8  CPreventiveAlarmLowLevelDfa::CPreventiveAlarmLowLevelDfa()
       8  CPreventiveAlarmLowLevelDfa::new CPreventiveAlarmLowLevelDfa()
       2  CPreventiveAlarmLowLevelDfa::~CPreventiveAlarmLowLevelDfa()
       1  _A_ACSR
       2  _A_ADC
       1  _A_ADCSRA
       1  _A_ADMUX
       1  _A_ASSR
       1  _A_DDRA
       1  _A_DDRB
       1  _A_DDRC
       1  _A_DDRD
       1  _A_DDRE
       1  _A_DDRF
       1  _A_DDRG
       2  _A_EEAR
       1  _A_EECR
       1  _A_EEDR
       1  _A_EICRA
       1  _A_EICRB
       1  _A_EIFR
       1  _A_EIMSK
       1  _A_ETIFR
       1  _A_ETIMSK
       2  _A_ICR1
       2  _A_ICR3
       1  _A_MCUCR
       1  _A_MCUCSR
       1  _A_OCDR
       1  _A_OCR0
       2  _A_OCR1A
       2  _A_OCR1B
       2  _A_OCR1C
       1  _A_OCR2
       2  _A_OCR3A
       2  _A_OCR3B
       2  _A_OCR3C
       1  _A_OSCCAL
       1  _A_PINA
       1  _A_PINB
       1  _A_PINC
       1  _A_PIND
       1  _A_PINE
       1  _A_PINF
       1  _A_PING
       1  _A_PORTA
       1  _A_PORTB
       1  _A_PORTC
       1  _A_PORTD
       1  _A_PORTE
       1  _A_PORTF
       1  _A_PORTG
       1  _A_RAMPZ
       1  _A_SFIOR
       2  _A_SP
       1  _A_SPCR
       1  _A_SPDR
       1  _A_SPMCSR
       1  _A_SPSR
       1  _A_SREG
       1  _A_TCCR0
       1  _A_TCCR1A
       1  _A_TCCR1B
       1  _A_TCCR1C
       1  _A_TCCR2
       1  _A_TCCR3A
       1  _A_TCCR3B
       1  _A_TCCR3C
       1  _A_TCNT0
       2  _A_TCNT1
       1  _A_TCNT2
       2  _A_TCNT3
       1  _A_TIFR
       1  _A_TIMSK
       1  _A_TWAR
       1  _A_TWBR
       1  _A_TWCR
       1  _A_TWDR
       1  _A_TWSR
       1  _A_UBRR0H
       1  _A_UBRR0L
       1  _A_UBRR1H
       1  _A_UBRR1L
       1  _A_UCSR0A
       1  _A_UCSR0B
       1  _A_UCSR0C
       1  _A_UCSR1A
       1  _A_UCSR1B
       1  _A_UCSR1C
       1  _A_UDR0
       1  _A_UDR1
       1  _A_WDTCR
       1  _A_XDIV
       1  _A_XMCRA
       1  _A_XMCRB
     100  -- Other

 
 105 bytes in segment ABSOLUTE
 648 bytes in segment CODE
 100 bytes in segment NEAR_F
 
 620 bytes of CODE memory (+ 128 bytes shared)
   0 bytes of DATA memory (+ 105 bytes shared)

Errors: none
Warnings: none
