###############################################################################
#
# IAR C/C++ Compiler V7.10.6.1378 for Atmel AVR           10/Aug/2022  12:48:01
# Copyright 1996-2018 IAR Systems AB.
#
#    Source file  =  D:\Projects\CautoProjects\PSS48\PSS48\src\DataBase.cpp
#    Command line =  
#        -f C:\Users\ghost\AppData\Local\Temp\EWF2B8.tmp
#        (--string_literals_in_flash
#        D:\Projects\CautoProjects\PSS48\PSS48\src\DataBase.cpp --cpu=m128a -ms
#        -o D:\Projects\CautoProjects\PSS48\PSS48\Debug\Obj -lC
#        D:\Projects\CautoProjects\PSS48\PSS48\Debug\List -lB
#        D:\Projects\CautoProjects\PSS48\PSS48\Debug\List -y
#        --initializers_in_flash --root_variables --no_cse --no_inline
#        --no_code_motion --no_cross_call --no_clustering --no_tbaa --debug
#        -DENABLE_BIT_DEFINITIONS -e -I
#        D:\Projects\CautoProjects\PSS48\PSS48\include\ -I
#        D:\Projects\CautoProjects\PSS48\PSS48\Modbus\ --eeprom_size 4096
#        --dlib --dlib_config "C:\Program Files (x86)\IAR Systems\Embedded
#        Workbench 8.0\avr\LIB\DLIB\dlAVR-3s-ec_mul-n.h" -On --eec++)
#    Locale       =  Russian_RUS.1251
#    List file    =  
#        D:\Projects\CautoProjects\PSS48\PSS48\Debug\List\DataBase.lst
#    Object file  =  
#        D:\Projects\CautoProjects\PSS48\PSS48\Debug\Obj\DataBase.r90
#
###############################################################################

D:\Projects\CautoProjects\PSS48\PSS48\src\DataBase.cpp
      1          //-----------------------------------------------------------------------------------------------------
      2          //  Sourse      : FileName.cpp
      3          //  Created     : 01.06.2022
      4          //  Author      : Alexandr Volvenkin
      5          //  email       : aav-36@mail.ru
      6          //  GitHub      : https://github.com/AlexandrVolvenkin
      7          //-----------------------------------------------------------------------------------------------------
      8          #include "DataBase.h"

   \                                 In  segment ABSOLUTE, at 0x9d, root
   \   union <unnamed> volatile __io _A_UCSR1C
   \                     _A_UCSR1C:
   \   00000000                      DS8 1

   \                                 In  segment ABSOLUTE, at 0x9c, root
   \   union <unnamed> volatile __io _A_UDR1
   \                     _A_UDR1:
   \   00000000                      DS8 1

   \                                 In  segment ABSOLUTE, at 0x9b, root
   \   union <unnamed> volatile __io _A_UCSR1A
   \                     _A_UCSR1A:
   \   00000000                      DS8 1

   \                                 In  segment ABSOLUTE, at 0x9a, root
   \   union <unnamed> volatile __io _A_UCSR1B
   \                     _A_UCSR1B:
   \   00000000                      DS8 1

   \                                 In  segment ABSOLUTE, at 0x99, root
   \   union <unnamed> volatile __io _A_UBRR1L
   \                     _A_UBRR1L:
   \   00000000                      DS8 1

   \                                 In  segment ABSOLUTE, at 0x98, root
   \   union <unnamed> volatile __io _A_UBRR1H
   \                     _A_UBRR1H:
   \   00000000                      DS8 1

   \                                 In  segment ABSOLUTE, at 0x95, root
   \   union <unnamed> volatile __io _A_UCSR0C
   \                     _A_UCSR0C:
   \   00000000                      DS8 1

   \                                 In  segment ABSOLUTE, at 0x90, root
   \   union <unnamed> volatile __io _A_UBRR0H
   \                     _A_UBRR0H:
   \   00000000                      DS8 1

   \                                 In  segment ABSOLUTE, at 0x8c, root
   \   union <unnamed> volatile __io _A_TCCR3C
   \                     _A_TCCR3C:
   \   00000000                      DS8 1

   \                                 In  segment ABSOLUTE, at 0x8b, root
   \   union <unnamed> volatile __io _A_TCCR3A
   \                     _A_TCCR3A:
   \   00000000                      DS8 1

   \                                 In  segment ABSOLUTE, at 0x8a, root
   \   union <unnamed> volatile __io _A_TCCR3B
   \                     _A_TCCR3B:
   \   00000000                      DS8 1

   \                                 In  segment ABSOLUTE, at 0x88, root
   \   union <unnamed> volatile __io _A_TCNT3
   \                     _A_TCNT3:
   \   00000000                      DS8 2

   \                                 In  segment ABSOLUTE, at 0x86, root
   \   union <unnamed> volatile __io _A_OCR3A
   \                     _A_OCR3A:
   \   00000000                      DS8 2

   \                                 In  segment ABSOLUTE, at 0x84, root
   \   union <unnamed> volatile __io _A_OCR3B
   \                     _A_OCR3B:
   \   00000000                      DS8 2

   \                                 In  segment ABSOLUTE, at 0x82, root
   \   union <unnamed> volatile __io _A_OCR3C
   \                     _A_OCR3C:
   \   00000000                      DS8 2

   \                                 In  segment ABSOLUTE, at 0x80, root
   \   union <unnamed> volatile __io _A_ICR3
   \                     _A_ICR3:
   \   00000000                      DS8 2

   \                                 In  segment ABSOLUTE, at 0x7d, root
   \   union <unnamed> volatile __io _A_ETIMSK
   \                     _A_ETIMSK:
   \   00000000                      DS8 1

   \                                 In  segment ABSOLUTE, at 0x7c, root
   \   union <unnamed> volatile __io _A_ETIFR
   \                     _A_ETIFR:
   \   00000000                      DS8 1

   \                                 In  segment ABSOLUTE, at 0x7a, root
   \   union <unnamed> volatile __io _A_TCCR1C
   \                     _A_TCCR1C:
   \   00000000                      DS8 1

   \                                 In  segment ABSOLUTE, at 0x78, root
   \   union <unnamed> volatile __io _A_OCR1C
   \                     _A_OCR1C:
   \   00000000                      DS8 2

   \                                 In  segment ABSOLUTE, at 0x74, root
   \   union <unnamed> volatile __io _A_TWCR
   \                     _A_TWCR:
   \   00000000                      DS8 1

   \                                 In  segment ABSOLUTE, at 0x73, root
   \   union <unnamed> volatile __io _A_TWDR
   \                     _A_TWDR:
   \   00000000                      DS8 1

   \                                 In  segment ABSOLUTE, at 0x72, root
   \   union <unnamed> volatile __io _A_TWAR
   \                     _A_TWAR:
   \   00000000                      DS8 1

   \                                 In  segment ABSOLUTE, at 0x71, root
   \   union <unnamed> volatile __io _A_TWSR
   \                     _A_TWSR:
   \   00000000                      DS8 1

   \                                 In  segment ABSOLUTE, at 0x70, root
   \   union <unnamed> volatile __io _A_TWBR
   \                     _A_TWBR:
   \   00000000                      DS8 1

   \                                 In  segment ABSOLUTE, at 0x6f, root
   \   union <unnamed> volatile __io _A_OSCCAL
   \                     _A_OSCCAL:
   \   00000000                      DS8 1

   \                                 In  segment ABSOLUTE, at 0x6d, root
   \   union <unnamed> volatile __io _A_XMCRA
   \                     _A_XMCRA:
   \   00000000                      DS8 1

   \                                 In  segment ABSOLUTE, at 0x6c, root
   \   union <unnamed> volatile __io _A_XMCRB
   \                     _A_XMCRB:
   \   00000000                      DS8 1

   \                                 In  segment ABSOLUTE, at 0x6a, root
   \   union <unnamed> volatile __io _A_EICRA
   \                     _A_EICRA:
   \   00000000                      DS8 1

   \                                 In  segment ABSOLUTE, at 0x68, root
   \   union <unnamed> volatile __io _A_SPMCSR
   \                     _A_SPMCSR:
   \   00000000                      DS8 1

   \                                 In  segment ABSOLUTE, at 0x65, root
   \   union <unnamed> volatile __io _A_PORTG
   \                     _A_PORTG:
   \   00000000                      DS8 1

   \                                 In  segment ABSOLUTE, at 0x64, root
   \   union <unnamed> volatile __io _A_DDRG
   \                     _A_DDRG:
   \   00000000                      DS8 1

   \                                 In  segment ABSOLUTE, at 0x63, root
   \   union <unnamed> volatile __io _A_PING
   \                     _A_PING:
   \   00000000                      DS8 1

   \                                 In  segment ABSOLUTE, at 0x62, root
   \   union <unnamed> volatile __io _A_PORTF
   \                     _A_PORTF:
   \   00000000                      DS8 1

   \                                 In  segment ABSOLUTE, at 0x61, root
   \   union <unnamed> volatile __io _A_DDRF
   \                     _A_DDRF:
   \   00000000                      DS8 1

   \                                 In  segment ABSOLUTE, at 0x5f, root
   \   union <unnamed> volatile __io _A_SREG
   \                     _A_SREG:
   \   00000000                      DS8 1

   \                                 In  segment ABSOLUTE, at 0x5d, root
   \   union <unnamed> volatile __io _A_SP
   \                     _A_SP:
   \   00000000                      DS8 2

   \                                 In  segment ABSOLUTE, at 0x5c, root
   \   union <unnamed> volatile __io _A_XDIV
   \                     _A_XDIV:
   \   00000000                      DS8 1

   \                                 In  segment ABSOLUTE, at 0x5b, root
   \   union <unnamed> volatile __io _A_RAMPZ
   \                     _A_RAMPZ:
   \   00000000                      DS8 1

   \                                 In  segment ABSOLUTE, at 0x5a, root
   \   union <unnamed> volatile __io _A_EICRB
   \                     _A_EICRB:
   \   00000000                      DS8 1

   \                                 In  segment ABSOLUTE, at 0x59, root
   \   union <unnamed> volatile __io _A_EIMSK
   \                     _A_EIMSK:
   \   00000000                      DS8 1

   \                                 In  segment ABSOLUTE, at 0x58, root
   \   union <unnamed> volatile __io _A_EIFR
   \                     _A_EIFR:
   \   00000000                      DS8 1

   \                                 In  segment ABSOLUTE, at 0x57, root
   \   union <unnamed> volatile __io _A_TIMSK
   \                     _A_TIMSK:
   \   00000000                      DS8 1

   \                                 In  segment ABSOLUTE, at 0x56, root
   \   union <unnamed> volatile __io _A_TIFR
   \                     _A_TIFR:
   \   00000000                      DS8 1

   \                                 In  segment ABSOLUTE, at 0x55, root
   \   union <unnamed> volatile __io _A_MCUCR
   \                     _A_MCUCR:
   \   00000000                      DS8 1

   \                                 In  segment ABSOLUTE, at 0x54, root
   \   union <unnamed> volatile __io _A_MCUCSR
   \                     _A_MCUCSR:
   \   00000000                      DS8 1

   \                                 In  segment ABSOLUTE, at 0x53, root
   \   union <unnamed> volatile __io _A_TCCR0
   \                     _A_TCCR0:
   \   00000000                      DS8 1

   \                                 In  segment ABSOLUTE, at 0x52, root
   \   union <unnamed> volatile __io _A_TCNT0
   \                     _A_TCNT0:
   \   00000000                      DS8 1

   \                                 In  segment ABSOLUTE, at 0x51, root
   \   union <unnamed> volatile __io _A_OCR0
   \                     _A_OCR0:
   \   00000000                      DS8 1

   \                                 In  segment ABSOLUTE, at 0x50, root
   \   union <unnamed> volatile __io _A_ASSR
   \                     _A_ASSR:
   \   00000000                      DS8 1

   \                                 In  segment ABSOLUTE, at 0x4f, root
   \   union <unnamed> volatile __io _A_TCCR1A
   \                     _A_TCCR1A:
   \   00000000                      DS8 1

   \                                 In  segment ABSOLUTE, at 0x4e, root
   \   union <unnamed> volatile __io _A_TCCR1B
   \                     _A_TCCR1B:
   \   00000000                      DS8 1

   \                                 In  segment ABSOLUTE, at 0x4c, root
   \   union <unnamed> volatile __io _A_TCNT1
   \                     _A_TCNT1:
   \   00000000                      DS8 2

   \                                 In  segment ABSOLUTE, at 0x4a, root
   \   union <unnamed> volatile __io _A_OCR1A
   \                     _A_OCR1A:
   \   00000000                      DS8 2

   \                                 In  segment ABSOLUTE, at 0x48, root
   \   union <unnamed> volatile __io _A_OCR1B
   \                     _A_OCR1B:
   \   00000000                      DS8 2

   \                                 In  segment ABSOLUTE, at 0x46, root
   \   union <unnamed> volatile __io _A_ICR1
   \                     _A_ICR1:
   \   00000000                      DS8 2

   \                                 In  segment ABSOLUTE, at 0x45, root
   \   union <unnamed> volatile __io _A_TCCR2
   \                     _A_TCCR2:
   \   00000000                      DS8 1

   \                                 In  segment ABSOLUTE, at 0x44, root
   \   union <unnamed> volatile __io _A_TCNT2
   \                     _A_TCNT2:
   \   00000000                      DS8 1

   \                                 In  segment ABSOLUTE, at 0x43, root
   \   union <unnamed> volatile __io _A_OCR2
   \                     _A_OCR2:
   \   00000000                      DS8 1

   \                                 In  segment ABSOLUTE, at 0x42, root
   \   union <unnamed> volatile __io _A_OCDR
   \                     _A_OCDR:
   \   00000000                      DS8 1

   \                                 In  segment ABSOLUTE, at 0x41, root
   \   union <unnamed> volatile __io _A_WDTCR
   \                     _A_WDTCR:
   \   00000000                      DS8 1

   \                                 In  segment ABSOLUTE, at 0x40, root
   \   union <unnamed> volatile __io _A_SFIOR
   \                     _A_SFIOR:
   \   00000000                      DS8 1

   \                                 In  segment ABSOLUTE, at 0x3e, root
   \   union <unnamed> volatile __io _A_EEAR
   \                     _A_EEAR:
   \   00000000                      DS8 2

   \                                 In  segment ABSOLUTE, at 0x3d, root
   \   union <unnamed> volatile __io _A_EEDR
   \                     _A_EEDR:
   \   00000000                      DS8 1

   \                                 In  segment ABSOLUTE, at 0x3c, root
   \   union <unnamed> volatile __io _A_EECR
   \                     _A_EECR:
   \   00000000                      DS8 1

   \                                 In  segment ABSOLUTE, at 0x3b, root
   \   union <unnamed> volatile __io _A_PORTA
   \                     _A_PORTA:
   \   00000000                      DS8 1

   \                                 In  segment ABSOLUTE, at 0x3a, root
   \   union <unnamed> volatile __io _A_DDRA
   \                     _A_DDRA:
   \   00000000                      DS8 1

   \                                 In  segment ABSOLUTE, at 0x39, root
   \   union <unnamed> volatile __io _A_PINA
   \                     _A_PINA:
   \   00000000                      DS8 1

   \                                 In  segment ABSOLUTE, at 0x38, root
   \   union <unnamed> volatile __io _A_PORTB
   \                     _A_PORTB:
   \   00000000                      DS8 1

   \                                 In  segment ABSOLUTE, at 0x37, root
   \   union <unnamed> volatile __io _A_DDRB
   \                     _A_DDRB:
   \   00000000                      DS8 1

   \                                 In  segment ABSOLUTE, at 0x36, root
   \   union <unnamed> volatile __io _A_PINB
   \                     _A_PINB:
   \   00000000                      DS8 1

   \                                 In  segment ABSOLUTE, at 0x35, root
   \   union <unnamed> volatile __io _A_PORTC
   \                     _A_PORTC:
   \   00000000                      DS8 1

   \                                 In  segment ABSOLUTE, at 0x34, root
   \   union <unnamed> volatile __io _A_DDRC
   \                     _A_DDRC:
   \   00000000                      DS8 1

   \                                 In  segment ABSOLUTE, at 0x33, root
   \   union <unnamed> volatile __io _A_PINC
   \                     _A_PINC:
   \   00000000                      DS8 1

   \                                 In  segment ABSOLUTE, at 0x32, root
   \   union <unnamed> volatile __io _A_PORTD
   \                     _A_PORTD:
   \   00000000                      DS8 1

   \                                 In  segment ABSOLUTE, at 0x31, root
   \   union <unnamed> volatile __io _A_DDRD
   \                     _A_DDRD:
   \   00000000                      DS8 1

   \                                 In  segment ABSOLUTE, at 0x30, root
   \   union <unnamed> volatile __io _A_PIND
   \                     _A_PIND:
   \   00000000                      DS8 1

   \                                 In  segment ABSOLUTE, at 0x2f, root
   \   union <unnamed> volatile __io _A_SPDR
   \                     _A_SPDR:
   \   00000000                      DS8 1

   \                                 In  segment ABSOLUTE, at 0x2e, root
   \   union <unnamed> volatile __io _A_SPSR
   \                     _A_SPSR:
   \   00000000                      DS8 1

   \                                 In  segment ABSOLUTE, at 0x2d, root
   \   union <unnamed> volatile __io _A_SPCR
   \                     _A_SPCR:
   \   00000000                      DS8 1

   \                                 In  segment ABSOLUTE, at 0x2c, root
   \   union <unnamed> volatile __io _A_UDR0
   \                     _A_UDR0:
   \   00000000                      DS8 1

   \                                 In  segment ABSOLUTE, at 0x2b, root
   \   union <unnamed> volatile __io _A_UCSR0A
   \                     _A_UCSR0A:
   \   00000000                      DS8 1

   \                                 In  segment ABSOLUTE, at 0x2a, root
   \   union <unnamed> volatile __io _A_UCSR0B
   \                     _A_UCSR0B:
   \   00000000                      DS8 1

   \                                 In  segment ABSOLUTE, at 0x29, root
   \   union <unnamed> volatile __io _A_UBRR0L
   \                     _A_UBRR0L:
   \   00000000                      DS8 1

   \                                 In  segment ABSOLUTE, at 0x28, root
   \   union <unnamed> volatile __io _A_ACSR
   \                     _A_ACSR:
   \   00000000                      DS8 1

   \                                 In  segment ABSOLUTE, at 0x27, root
   \   union <unnamed> volatile __io _A_ADMUX
   \                     _A_ADMUX:
   \   00000000                      DS8 1

   \                                 In  segment ABSOLUTE, at 0x26, root
   \   union <unnamed> volatile __io _A_ADCSRA
   \                     _A_ADCSRA:
   \   00000000                      DS8 1

   \                                 In  segment ABSOLUTE, at 0x24, root
   \   union <unnamed> volatile __io _A_ADC
   \                     _A_ADC:
   \   00000000                      DS8 2

   \                                 In  segment ABSOLUTE, at 0x23, root
   \   union <unnamed> volatile __io _A_PORTE
   \                     _A_PORTE:
   \   00000000                      DS8 1

   \                                 In  segment ABSOLUTE, at 0x22, root
   \   union <unnamed> volatile __io _A_DDRE
   \                     _A_DDRE:
   \   00000000                      DS8 1

   \                                 In  segment ABSOLUTE, at 0x21, root
   \   union <unnamed> volatile __io _A_PINE
   \                     _A_PINE:
   \   00000000                      DS8 1

   \                                 In  segment ABSOLUTE, at 0x20, root
   \   union <unnamed> volatile __io _A_PINF
   \                     _A_PINF:
   \   00000000                      DS8 1

      static __flash TDataBase CFlash::xMainDataBase;
                               ^
"D:\Projects\CautoProjects\PSS48\PSS48\include\Platform.h",359  Warning[Pe427]: 
          qualified name is not allowed in member declaration

      static __flash TDataBaseBlockPositionData CFlash::axDataBaseBlocksPositionData[];
                                                ^
"D:\Projects\CautoProjects\PSS48\PSS48\include\Platform.h",360  Warning[Pe427]: 
          qualified name is not allowed in member declaration

   \                                 In  segment CODE, align 2, keep-with-next
   \   __version_3 void CPlatform::WatchdogReset()
   \                     ??WatchdogReset:
   \   00000000   95A8               WDR
   \   00000002   9508               RET

   \                                 In  segment CODE, align 2, keep-with-next
   \   __version_3 uint8_t CDfa::GetFsmEvent()
   \                     ??GetFsmEvent:
   \   00000000   01F8               MOVW    R31:R30, R17:R16
   \   00000002   8104               LDD     R16, Z+4
   \   00000004   9508               RET

   \                                 In  segment CODE, align 2, keep-with-next
   \   __version_3 uint8_t CDataStore::GetBlockLength(uint8_t)
   \                     ??GetBlockLength:
   \   00000000   01F8               MOVW    R31:R30, R17:R16
   \   00000002   2F02               MOV     R16, R18
   \   00000004   E010               LDI     R17, 0
   \   00000006   E048               LDI     R20, 8
   \   00000008   E050               LDI     R21, 0
   \   0000000A   ........           CALL    ?S_EC_MUL_L02
   \   0000000E   0FE0               ADD     R30, R16
   \   00000010   1FF1               ADC     R31, R17
   \   00000012   8503               LDD     R16, Z+11
   \   00000014   8514               LDD     R17, Z+12
   \   00000016   9508               RET
      9          #include "Platform.h"
     10          #include "Pss21.h"

   \                                 In  segment CODE, align 2, keep-with-next
   \   __version_3 void CPss21::SetErrorCode(uint8_t)
   \                     ??SetErrorCode:
   \   00000000   9300....           STS     ??m_uiErrorCode, R16
   \   00000004   9508               RET
     11          #include "DataStore.h"
     12          #include <cstddef>
     13          
     14          
     15          ////-----------------------------------------------------------------------------------------------------
     16          //CDataBase::CDataBase()
     17          //{
     18          ////    m_pxDataStore = new CDataStore();
     19          //}
     20          //
     21          ////-----------------------------------------------------------------------------------------------------
     22          //CDataBase::~CDataBase()
     23          //{
     24          ////    delete m_pxDataStore;
     25          //}
     26          
     27          //-----------------------------------------------------------------------------------------------------

   \                                 In  segment CODE, align 2, keep-with-next
     28          uint8_t CDataBase::RestoreDefault(void)
   \                     ??RestoreDefault:
     29          {
   \   00000000   ........           CALL    ?PROLOGUE4_L09
     30              // Восстановим БД по умолчанию.
     31              uint8_t __farflash *puiDataBase;
                                         ^
Warning[Pe177]: variable "puiDataBase" was declared but never referenced
     32          
     33              CPss21::m_xDataStore.Init();
   \   00000004   ....               LDI     R16, LOW(??m_xDataStore)
   \   00000006   ....               LDI     R17, (??m_xDataStore) >> 8
   \   00000008   ........           CALL    ??Init
     34          
     35              enum
     36              {
     37                  IDDLE = 0,
     38                  BLOCK_WRITE_START,
     39                  BLOCK_WRITE_END_WAITING,
     40                  BLOCK_ERROR,
     41                  ALL_BLOCKS_WRITED,
     42              };
     43          
     44              uint8_t uiBlockCounter = 0;
   \   0000000C   E0B0               LDI     R27, 0
     45              uint8_t uiFsmState = BLOCK_WRITE_START;
   \   0000000E   E0A1               LDI     R26, 1
     46          
     47              while (1)
     48              {
     49                  switch (uiFsmState)
   \                     ??RestoreDefault_1:
   \   00000010   2F0A               MOV     R16, R26
   \   00000012   5001               SUBI    R16, 1
   \   00000014   F039               BREQ    ??RestoreDefault_2
   \   00000016   950A               DEC     R16
   \   00000018   F111               BREQ    ??RestoreDefault_3
   \   0000001A   950A               DEC     R16
   \   0000001C   F199               BREQ    ??RestoreDefault_4
   \   0000001E   950A               DEC     R16
   \   00000020   F179               BREQ    ??RestoreDefault_5
   \   00000022   C032               RJMP    ??RestoreDefault_6
     50                  {
     51                  case BLOCK_WRITE_START:
     52                      // Записаны не все блоки?
     53                      if (uiBlockCounter < TDataBase::BLOCKS_QUANTITY)
   \                     ??RestoreDefault_2:
   \   00000024   30BB               CPI     R27, 11
   \   00000026   F4C8               BRCC    ??RestoreDefault_7
     54                      {
     55                          // Скопируем данные из флеш во временный буфер,
     56                          uint16_t uiLength = CPss21::m_xDataStore.ReadBlockFlash(CPss21::m_auiIntermediateBuff, uiBlockCounter);
   \   00000028   2F4B               MOV     R20, R27
   \   0000002A   ....               LDI     R18, LOW(??m_auiIntermediateBuff)
   \   0000002C   ....               LDI     R19, (??m_auiIntermediateBuff) >> 8
   \   0000002E   ....               LDI     R16, LOW(??m_xDataStore)
   \   00000030   ....               LDI     R17, (??m_xDataStore) >> 8
   \   00000032   ........           CALL    ??ReadBlockFlash
   \   00000036   01C8               MOVW    R25:R24, R17:R16
     57          
     58                          // Поместим данные в хранилище.
     59                          // Блок БД принят к записи?
     60                          if (Write(CPss21::m_auiIntermediateBuff, uiLength, uiBlockCounter))
   \   00000038   2F4B               MOV     R20, R27
   \   0000003A   019C               MOVW    R19:R18, R25:R24
   \   0000003C   ....               LDI     R16, LOW(??m_auiIntermediateBuff)
   \   0000003E   ....               LDI     R17, (??m_auiIntermediateBuff) >> 8
   \   00000040   ....               RCALL   ??Write
   \   00000042   2B01               OR      R16, R17
   \   00000044   F011               BREQ    ??RestoreDefault_8
     61                          {
     62                              uiFsmState = BLOCK_WRITE_END_WAITING;
   \   00000046   E0A2               LDI     R26, 2
   \   00000048   C01F               RJMP    ??RestoreDefault_6
     63                          }
     64                          // При записи блока БД произошла ошибка?
     65                          else if (CPss21::m_xDataStore.GetFsmEvent() == CDataStore::WRITE_ERROR_FSM_EVENT)
   \                     ??RestoreDefault_8:
   \   0000004A   ....               LDI     R16, LOW(??m_xDataStore)
   \   0000004C   ....               LDI     R17, (??m_xDataStore) >> 8
   \   0000004E   ........           CALL    ??GetFsmEvent
   \   00000052   3004               CPI     R16, 4
   \   00000054   F4C9               BRNE    ??RestoreDefault_6
     66                          {
     67                              uiFsmState = BLOCK_ERROR;
   \   00000056   E0A3               LDI     R26, 3
   \   00000058   C017               RJMP    ??RestoreDefault_6
     68                          }
     69                      }
     70                      else
     71                      {
     72                          uiFsmState = ALL_BLOCKS_WRITED;
   \                     ??RestoreDefault_7:
   \   0000005A   E0A4               LDI     R26, 4
     73                      }
     74          
     75                      break;
   \   0000005C   C015               RJMP    ??RestoreDefault_6
     76          
     77                  case BLOCK_WRITE_END_WAITING:
     78                      // Блок записан успешно?
     79                      if (CPss21::m_xDataStore.GetFsmEvent() == CDataStore::WRITE_OK_FSM_EVENT)
   \                     ??RestoreDefault_3:
   \   0000005E   ....               LDI     R16, LOW(??m_xDataStore)
   \   00000060   ....               LDI     R17, (??m_xDataStore) >> 8
   \   00000062   ........           CALL    ??GetFsmEvent
   \   00000066   3003               CPI     R16, 3
   \   00000068   F419               BRNE    ??RestoreDefault_9
     80                      {
     81                          uiBlockCounter++;
   \   0000006A   95B3               INC     R27
     82                          uiFsmState = BLOCK_WRITE_START;
   \   0000006C   E0A1               LDI     R26, 1
   \   0000006E   C00C               RJMP    ??RestoreDefault_6
     83                      }
     84                      // При записи блока БД произошла ошибка?
     85                      else if (CPss21::m_xDataStore.GetFsmEvent() == CDataStore::WRITE_ERROR_FSM_EVENT)
   \                     ??RestoreDefault_9:
   \   00000070   ....               LDI     R16, LOW(??m_xDataStore)
   \   00000072   ....               LDI     R17, (??m_xDataStore) >> 8
   \   00000074   ........           CALL    ??GetFsmEvent
   \   00000078   3004               CPI     R16, 4
   \   0000007A   F431               BRNE    ??RestoreDefault_6
     86                      {
     87                          uiFsmState = BLOCK_ERROR;
   \   0000007C   E0A3               LDI     R26, 3
     88                      }
     89                      break;
   \   0000007E   C004               RJMP    ??RestoreDefault_6
     90          
     91                  case ALL_BLOCKS_WRITED:
     92                      return 1;
   \                     ??RestoreDefault_5:
   \   00000080   E001               LDI     R16, 1
   \   00000082   C00D               RJMP    ??RestoreDefault_10
     93                      break;
     94          
     95                  case BLOCK_ERROR:
     96                      return 0;
   \                     ??RestoreDefault_4:
   \   00000084   E000               LDI     R16, 0
   \   00000086   C00B               RJMP    ??RestoreDefault_10
     97                      break;
     98          
     99                  default:
    100                      break;
    101                  }
    102          
    103                  CPss21::m_xDataStore.Fsm();
   \                     ??RestoreDefault_6:
   \   00000088   ....               LDI     R16, LOW(??m_xDataStore)
   \   0000008A   ....               LDI     R17, (??m_xDataStore) >> 8
   \   0000008C   ........           CALL    ??Fsm
    104          
    105                  delay_ms(10);
   \   00000090   E00A               LDI     R16, 10
   \   00000092   E010               LDI     R17, 0
   \   00000094   ........           CALL    ??delay_ms
    106          
    107                  CPlatform::WatchdogReset();
   \   00000098   ........           CALL    ??WatchdogReset
   \   0000009C   CFB9               RJMP    ??RestoreDefault_1
    108              }
   \                     ??RestoreDefault_10:
   \   0000009E   E0E4               LDI     R30, 4
   \   000000A0   ........           JMP     ?EPILOGUE_B4_L09
    109          }
    110          
    111          //-----------------------------------------------------------------------------------------------------

   \                                 In  segment CODE, align 2, keep-with-next
    112          bool CDataBase::IntegrityCheck(void)
   \                     ??IntegrityCheck:
    113          {
    114              // Все блоки принадлежат текущей базе данных?
    115              return CPss21::m_xDataStore.CompareCurrentWithStoredCrc();
   \   00000000   ....               LDI     R16, LOW(??m_xDataStore)
   \   00000002   ....               LDI     R17, (??m_xDataStore) >> 8
   \   00000004   ........           CALL    ??CompareCurrentWithStoredCrc
   \   00000008   9508               RET
    116          }
    117          
    118          //-----------------------------------------------------------------------------------------------------

   \                                 In  segment CODE, align 2, keep-with-next
    119          void CDataBase::SignatureCreate(void)
   \                     ??SignatureCreate:
    120          {
    121              // Создадим Crc из Crc всех блоков.
    122              CPss21::m_xDataStore.CrcOfBlocksCrcCreate();
   \   00000000   ....               LDI     R16, LOW(??m_xDataStore)
   \   00000002   ....               LDI     R17, (??m_xDataStore) >> 8
   \   00000004   ........           CALL    ??CrcOfBlocksCrcCreate
    123          }
   \   00000008   9508               RET
    124          
    125          //-----------------------------------------------------------------------------------------------------

   \                                 In  segment CODE, align 2, keep-with-next
    126          bool CDataBase::SignatureCheck(void)
   \                     ??SignatureCheck:
    127          {
    128              // Crc из Crc всех блоков совпадает?
    129              return CPss21::m_xDataStore.CrcOfBlocksCrcCheck();
   \   00000000   ....               LDI     R16, LOW(??m_xDataStore)
   \   00000002   ....               LDI     R17, (??m_xDataStore) >> 8
   \   00000004   ........           CALL    ??CrcOfBlocksCrcCheck
   \   00000008   9508               RET
    130          }
    131          
    132          //-----------------------------------------------------------------------------------------------------

   \                                 In  segment CODE, align 2, keep-with-next
    133          uint8_t CDataBase::Check(void)
   \                     ??Check:
    134          {
    135          //    m_pxDataBase = &xMainDataBase;
    136          //    m_pxDataBaseBlocksPositionData = axDataBaseBlocksPositionData;
    137          
    138              CPss21::SetErrorCode(NO_ERROR);
   \   00000000   E000               LDI     R16, 0
   \   00000002   ........           CALL    ??SetErrorCode
    139              // Блоки базы данных не повреждены?
    140              if (CPss21::m_xDataStore.Check())
   \   00000006   ....               LDI     R16, LOW(??m_xDataStore)
   \   00000008   ....               LDI     R17, (??m_xDataStore) >> 8
   \   0000000A   ........           CALL    ??Check_1
   \   0000000E   2300               TST     R16
   \   00000010   F099               BREQ    ??Check_2
    141              {
    142                  // Все блоки принадлежат текущей базе данных?
    143                  if (IntegrityCheck())
   \   00000012   ....               RCALL   ??IntegrityCheck
   \   00000014   2300               TST     R16
   \   00000016   F051               BREQ    ??Check_3
    144                  {
    145                      // База данных подтверждена пользователем?
    146                      if (SignatureCheck())
   \   00000018   ....               RCALL   ??SignatureCheck
   \   0000001A   2300               TST     R16
   \   0000001C   F011               BREQ    ??Check_4
    147                      {
    148                          return 1;
   \   0000001E   E001               LDI     R16, 1
   \   00000020   9508               RET
    149                      }
    150                      else
    151                      {
    152                          CPss21::SetErrorCode(DB_ERROR);
   \                     ??Check_4:
   \   00000022   E004               LDI     R16, 4
   \   00000024   ........           CALL    ??SetErrorCode
    153                          return 0;
   \   00000028   E000               LDI     R16, 0
   \   0000002A   9508               RET
    154                      }
    155                  }
    156                  else
    157                  {
    158                      CPss21::SetErrorCode(DB_ERROR);
   \                     ??Check_3:
   \   0000002C   E004               LDI     R16, 4
   \   0000002E   ........           CALL    ??SetErrorCode
    159                      // Восстановим БД по умолчанию.
    160                      // БД по умолчанию восстановлена успешно?
    161                      RestoreDefault();
   \   00000032   ....               RCALL   ??RestoreDefault
    162                      return 0;
   \   00000034   E000               LDI     R16, 0
   \   00000036   9508               RET
    163                  }
    164              }
    165              else
    166              {
    167                  CPss21::SetErrorCode(DB_ERROR);
   \                     ??Check_2:
   \   00000038   E004               LDI     R16, 4
   \   0000003A   ........           CALL    ??SetErrorCode
    168                  // Восстановим БД по умолчанию.
    169                  // БД по умолчанию восстановлена успешно?
    170                  RestoreDefault();
   \   0000003E   ....               RCALL   ??RestoreDefault
    171                  return 0;
   \   00000040   E000               LDI     R16, 0
   \   00000042   9508               RET
    172              }
    173          }
    174          
    175          //-----------------------------------------------------------------------------------------------------

   \                                 In  segment CODE, align 2, keep-with-next
    176          uint16_t CDataBase::Read(uint8_t *puiDestination, uint8_t uiBlock)
   \                     ??Read:
    177          {
   \   00000000   ........           CALL    ?PROLOGUE3_L09
   \   00000004   01C8               MOVW    R25:R24, R17:R16
   \   00000006   2FA2               MOV     R26, R18
    178              return CPss21::m_xDataStore.ReadBlock(puiDestination,
    179                                                    uiBlock + (CDataStore::BLOCKS_CONTROL_DATA_BLOCK_NUMBER));
   \   00000008   2F4A               MOV     R20, R26
   \   0000000A   9543               INC     R20
   \   0000000C   019C               MOVW    R19:R18, R25:R24
   \   0000000E   ....               LDI     R16, LOW(??m_xDataStore)
   \   00000010   ....               LDI     R17, (??m_xDataStore) >> 8
   \   00000012   ........           CALL    ??ReadBlock
   \   00000016   E0E3               LDI     R30, 3
   \   00000018   ........           JMP     ?EPILOGUE_B3_L09
    180          }
    181          
    182          //-----------------------------------------------------------------------------------------------------

   \                                 In  segment CODE, align 2, keep-with-next
    183          uint16_t CDataBase::Write(uint8_t *puiSourse, uint16_t uiLength, uint8_t uiBlock)
   \                     ??Write:
    184          {
   \   00000000   ........           CALL    ?PROLOGUE5_L09
   \   00000004                      REQUIRE ?Register_R4_is_cg_reg
   \   00000004   01D8               MOVW    R27:R26, R17:R16
   \   00000006   01C9               MOVW    R25:R24, R19:R18
   \   00000008   2E44               MOV     R4, R20
    185              return CPss21::m_xDataStore.Write(puiSourse,
    186                                                uiLength,
    187                                                uiBlock + (CDataStore::BLOCKS_CONTROL_DATA_BLOCK_NUMBER));
   \   0000000A   2D64               MOV     R22, R4
   \   0000000C   9563               INC     R22
   \   0000000E   01AC               MOVW    R21:R20, R25:R24
   \   00000010   019D               MOVW    R19:R18, R27:R26
   \   00000012   ....               LDI     R16, LOW(??m_xDataStore)
   \   00000014   ....               LDI     R17, (??m_xDataStore) >> 8
   \   00000016   ........           CALL    ??Write_1
   \   0000001A   E010               LDI     R17, 0
   \   0000001C   E0E5               LDI     R30, 5
   \   0000001E   ........           JMP     ?EPILOGUE_B5_L09
    188          }
    189          
    190          //-----------------------------------------------------------------------------------------------------

   \                                 In  segment CODE, align 2, keep-with-next
    191          uint16_t CDataBase::GetBlockLength(uint8_t uiBlock)
   \                     ??GetBlockLength_1:
    192          {
   \   00000000   938A               ST      -Y, R24
   \   00000002   2F80               MOV     R24, R16
    193              return CPss21::m_xDataStore.GetBlockLength(uiBlock + CDataStore::BLOCKS_CONTROL_DATA_BLOCK_NUMBER);
   \   00000004   2F28               MOV     R18, R24
   \   00000006   9523               INC     R18
   \   00000008   ....               LDI     R16, LOW(??m_xDataStore)
   \   0000000A   ....               LDI     R17, (??m_xDataStore) >> 8
   \   0000000C   ........           CALL    ??GetBlockLength
   \   00000010   E010               LDI     R17, 0
   \   00000012   9189               LD      R24, Y+
   \   00000014   9508               RET
    194          }
    195          
    196          //-----------------------------------------------------------------------------------------------------

   Maximum stack usage in bytes:

   CSTACK RSTACK Function
   ------ ------ --------
      0      2   CDataBase::Check()
        0      2   -> CDataBase::IntegrityCheck()
        0      2   -> CDataBase::RestoreDefault()
        0      2   -> CDataBase::SignatureCheck()
        0      2   -> CDataStore::Check()
        0      2   -> CPss21::SetErrorCode(uint8_t)
      1      2   CDataBase::GetBlockLength(uint8_t)
        1      2   -> CDataStore::GetBlockLength(uint8_t)
      0      2   CDataBase::IntegrityCheck()
        0      2   -> CDataStore::CompareCurrentWithStoredCrc()
      3      2   CDataBase::Read(uint8_t *, uint8_t)
        3      2   -> CDataStore::ReadBlock(uint8_t *, uint8_t)
      4      2   CDataBase::RestoreDefault()
        4      2   -> CDataBase::Write(uint8_t *, uint16_t, uint8_t)
        4      2   -> CDataStore::Fsm()
        4      2   -> CDataStore::Init()
        4      2   -> CDataStore::ReadBlockFlash(uint8_t *, uint8_t)
        4      2   -> CDfa::GetFsmEvent()
        4      2   -> CPlatform::WatchdogReset()
        4      2   -> delay_ms(uint16_t)
      0      2   CDataBase::SignatureCheck()
        0      2   -> CDataStore::CrcOfBlocksCrcCheck()
      0      2   CDataBase::SignatureCreate()
        0      2   -> CDataStore::CrcOfBlocksCrcCreate()
      5      2   CDataBase::Write(uint8_t *, uint16_t, uint8_t)
        5      2   -> CDataStore::Write(uint8_t *, uint16_t, uint8_t)
      0      2   CDataStore::GetBlockLength(uint8_t)
        0      2 ?S_EC_MUL_L02
      0      2   CDfa::GetFsmEvent()
      0      2   CPlatform::WatchdogReset()
      0      2   CPss21::SetErrorCode(uint8_t)


   Segment part sizes:

   Bytes  Function/Label
   -----  --------------
      68  CDataBase::Check()
      22  CDataBase::GetBlockLength(uint8_t)
      10  CDataBase::IntegrityCheck()
      28  CDataBase::Read(uint8_t *, uint8_t)
     164  CDataBase::RestoreDefault()
      10  CDataBase::SignatureCheck()
      10  CDataBase::SignatureCreate()
      34  CDataBase::Write(uint8_t *, uint16_t, uint8_t)
      24  CDataStore::GetBlockLength(uint8_t)
       6  CDfa::GetFsmEvent()
       4  CPlatform::WatchdogReset()
       6  CPss21::SetErrorCode(uint8_t)
       1  _A_ACSR
       2  _A_ADC
       1  _A_ADCSRA
       1  _A_ADMUX
       1  _A_ASSR
       1  _A_DDRA
       1  _A_DDRB
       1  _A_DDRC
       1  _A_DDRD
       1  _A_DDRE
       1  _A_DDRF
       1  _A_DDRG
       2  _A_EEAR
       1  _A_EECR
       1  _A_EEDR
       1  _A_EICRA
       1  _A_EICRB
       1  _A_EIFR
       1  _A_EIMSK
       1  _A_ETIFR
       1  _A_ETIMSK
       2  _A_ICR1
       2  _A_ICR3
       1  _A_MCUCR
       1  _A_MCUCSR
       1  _A_OCDR
       1  _A_OCR0
       2  _A_OCR1A
       2  _A_OCR1B
       2  _A_OCR1C
       1  _A_OCR2
       2  _A_OCR3A
       2  _A_OCR3B
       2  _A_OCR3C
       1  _A_OSCCAL
       1  _A_PINA
       1  _A_PINB
       1  _A_PINC
       1  _A_PIND
       1  _A_PINE
       1  _A_PINF
       1  _A_PING
       1  _A_PORTA
       1  _A_PORTB
       1  _A_PORTC
       1  _A_PORTD
       1  _A_PORTE
       1  _A_PORTF
       1  _A_PORTG
       1  _A_RAMPZ
       1  _A_SFIOR
       2  _A_SP
       1  _A_SPCR
       1  _A_SPDR
       1  _A_SPMCSR
       1  _A_SPSR
       1  _A_SREG
       1  _A_TCCR0
       1  _A_TCCR1A
       1  _A_TCCR1B
       1  _A_TCCR1C
       1  _A_TCCR2
       1  _A_TCCR3A
       1  _A_TCCR3B
       1  _A_TCCR3C
       1  _A_TCNT0
       2  _A_TCNT1
       1  _A_TCNT2
       2  _A_TCNT3
       1  _A_TIFR
       1  _A_TIMSK
       1  _A_TWAR
       1  _A_TWBR
       1  _A_TWCR
       1  _A_TWDR
       1  _A_TWSR
       1  _A_UBRR0H
       1  _A_UBRR0L
       1  _A_UBRR1H
       1  _A_UBRR1L
       1  _A_UCSR0A
       1  _A_UCSR0B
       1  _A_UCSR0C
       1  _A_UCSR1A
       1  _A_UCSR1B
       1  _A_UCSR1C
       1  _A_UDR0
       1  _A_UDR1
       1  _A_WDTCR
       1  _A_XDIV
       1  _A_XMCRA
       1  _A_XMCRB
      36  -- Other

 
 105 bytes in segment ABSOLUTE
 386 bytes in segment CODE
  36 bytes in segment NEAR_F
 
 382 bytes of CODE memory (+  40 bytes shared)
   0 bytes of DATA memory (+ 105 bytes shared)

Errors: none
Warnings: 3
