###############################################################################
#
# IAR C/C++ Compiler V7.10.6.1378 for Atmel AVR           09/Aug/2022  11:06:58
# Copyright 1996-2018 IAR Systems AB.
#
#    Source file  =  D:\Projects\CautoProjects\PSS48\PSS48\src\DataStore.cpp
#    Command line =  
#        -f C:\Users\ghost\AppData\Local\Temp\EW1AAD.tmp
#        (--string_literals_in_flash
#        D:\Projects\CautoProjects\PSS48\PSS48\src\DataStore.cpp --cpu=m128a
#        -ms -o D:\Projects\CautoProjects\PSS48\PSS48\Debug\Obj -lC
#        D:\Projects\CautoProjects\PSS48\PSS48\Debug\List -lB
#        D:\Projects\CautoProjects\PSS48\PSS48\Debug\List -y
#        --initializers_in_flash --root_variables --debug
#        -DENABLE_BIT_DEFINITIONS -e -I
#        D:\Projects\CautoProjects\PSS48\PSS48\include\ -I
#        D:\Projects\CautoProjects\PSS48\PSS48\Modbus\ --eeprom_size 4096
#        --dlib --dlib_config "C:\Program Files (x86)\IAR Systems\Embedded
#        Workbench 8.0\avr\LIB\DLIB\dlAVR-3s-ec_mul-n.h" -Ohz --eec++)
#    Locale       =  Russian_RUS.1251
#    List file    =  
#        D:\Projects\CautoProjects\PSS48\PSS48\Debug\List\DataStore.lst
#    Object file  =  
#        D:\Projects\CautoProjects\PSS48\PSS48\Debug\Obj\DataStore.r90
#
###############################################################################

D:\Projects\CautoProjects\PSS48\PSS48\src\DataStore.cpp
      1          
      2          //-----------------------------------------------------------------------------------------------------
      3          //  Sourse      : FileName.cpp
      4          //  Created     : 01.06.2022
      5          //  Author      : Alexandr Volvenkin
      6          //  email       : aav-36@mail.ru
      7          //  GitHub      : https://github.com/AlexandrVolvenkin
      8          //-----------------------------------------------------------------------------------------------------
      9          #include "DataStore.h"

   \                                 In  segment ABSOLUTE, at 0x9d, root
   \   union <unnamed> volatile __io _A_UCSR1C
   \                     _A_UCSR1C:
   \   00000000                      DS8 1

   \                                 In  segment ABSOLUTE, at 0x9c, root
   \   union <unnamed> volatile __io _A_UDR1
   \                     _A_UDR1:
   \   00000000                      DS8 1

   \                                 In  segment ABSOLUTE, at 0x9b, root
   \   union <unnamed> volatile __io _A_UCSR1A
   \                     _A_UCSR1A:
   \   00000000                      DS8 1

   \                                 In  segment ABSOLUTE, at 0x9a, root
   \   union <unnamed> volatile __io _A_UCSR1B
   \                     _A_UCSR1B:
   \   00000000                      DS8 1

   \                                 In  segment ABSOLUTE, at 0x99, root
   \   union <unnamed> volatile __io _A_UBRR1L
   \                     _A_UBRR1L:
   \   00000000                      DS8 1

   \                                 In  segment ABSOLUTE, at 0x98, root
   \   union <unnamed> volatile __io _A_UBRR1H
   \                     _A_UBRR1H:
   \   00000000                      DS8 1

   \                                 In  segment ABSOLUTE, at 0x95, root
   \   union <unnamed> volatile __io _A_UCSR0C
   \                     _A_UCSR0C:
   \   00000000                      DS8 1

   \                                 In  segment ABSOLUTE, at 0x90, root
   \   union <unnamed> volatile __io _A_UBRR0H
   \                     _A_UBRR0H:
   \   00000000                      DS8 1

   \                                 In  segment ABSOLUTE, at 0x8c, root
   \   union <unnamed> volatile __io _A_TCCR3C
   \                     _A_TCCR3C:
   \   00000000                      DS8 1

   \                                 In  segment ABSOLUTE, at 0x8b, root
   \   union <unnamed> volatile __io _A_TCCR3A
   \                     _A_TCCR3A:
   \   00000000                      DS8 1

   \                                 In  segment ABSOLUTE, at 0x8a, root
   \   union <unnamed> volatile __io _A_TCCR3B
   \                     _A_TCCR3B:
   \   00000000                      DS8 1

   \                                 In  segment ABSOLUTE, at 0x88, root
   \   union <unnamed> volatile __io _A_TCNT3
   \                     _A_TCNT3:
   \   00000000                      DS8 2

   \                                 In  segment ABSOLUTE, at 0x86, root
   \   union <unnamed> volatile __io _A_OCR3A
   \                     _A_OCR3A:
   \   00000000                      DS8 2

   \                                 In  segment ABSOLUTE, at 0x84, root
   \   union <unnamed> volatile __io _A_OCR3B
   \                     _A_OCR3B:
   \   00000000                      DS8 2

   \                                 In  segment ABSOLUTE, at 0x82, root
   \   union <unnamed> volatile __io _A_OCR3C
   \                     _A_OCR3C:
   \   00000000                      DS8 2

   \                                 In  segment ABSOLUTE, at 0x80, root
   \   union <unnamed> volatile __io _A_ICR3
   \                     _A_ICR3:
   \   00000000                      DS8 2

   \                                 In  segment ABSOLUTE, at 0x7d, root
   \   union <unnamed> volatile __io _A_ETIMSK
   \                     _A_ETIMSK:
   \   00000000                      DS8 1

   \                                 In  segment ABSOLUTE, at 0x7c, root
   \   union <unnamed> volatile __io _A_ETIFR
   \                     _A_ETIFR:
   \   00000000                      DS8 1

   \                                 In  segment ABSOLUTE, at 0x7a, root
   \   union <unnamed> volatile __io _A_TCCR1C
   \                     _A_TCCR1C:
   \   00000000                      DS8 1

   \                                 In  segment ABSOLUTE, at 0x78, root
   \   union <unnamed> volatile __io _A_OCR1C
   \                     _A_OCR1C:
   \   00000000                      DS8 2

   \                                 In  segment ABSOLUTE, at 0x74, root
   \   union <unnamed> volatile __io _A_TWCR
   \                     _A_TWCR:
   \   00000000                      DS8 1

   \                                 In  segment ABSOLUTE, at 0x73, root
   \   union <unnamed> volatile __io _A_TWDR
   \                     _A_TWDR:
   \   00000000                      DS8 1

   \                                 In  segment ABSOLUTE, at 0x72, root
   \   union <unnamed> volatile __io _A_TWAR
   \                     _A_TWAR:
   \   00000000                      DS8 1

   \                                 In  segment ABSOLUTE, at 0x71, root
   \   union <unnamed> volatile __io _A_TWSR
   \                     _A_TWSR:
   \   00000000                      DS8 1

   \                                 In  segment ABSOLUTE, at 0x70, root
   \   union <unnamed> volatile __io _A_TWBR
   \                     _A_TWBR:
   \   00000000                      DS8 1

   \                                 In  segment ABSOLUTE, at 0x6f, root
   \   union <unnamed> volatile __io _A_OSCCAL
   \                     _A_OSCCAL:
   \   00000000                      DS8 1

   \                                 In  segment ABSOLUTE, at 0x6d, root
   \   union <unnamed> volatile __io _A_XMCRA
   \                     _A_XMCRA:
   \   00000000                      DS8 1

   \                                 In  segment ABSOLUTE, at 0x6c, root
   \   union <unnamed> volatile __io _A_XMCRB
   \                     _A_XMCRB:
   \   00000000                      DS8 1

   \                                 In  segment ABSOLUTE, at 0x6a, root
   \   union <unnamed> volatile __io _A_EICRA
   \                     _A_EICRA:
   \   00000000                      DS8 1

   \                                 In  segment ABSOLUTE, at 0x68, root
   \   union <unnamed> volatile __io _A_SPMCSR
   \                     _A_SPMCSR:
   \   00000000                      DS8 1

   \                                 In  segment ABSOLUTE, at 0x65, root
   \   union <unnamed> volatile __io _A_PORTG
   \                     _A_PORTG:
   \   00000000                      DS8 1

   \                                 In  segment ABSOLUTE, at 0x64, root
   \   union <unnamed> volatile __io _A_DDRG
   \                     _A_DDRG:
   \   00000000                      DS8 1

   \                                 In  segment ABSOLUTE, at 0x63, root
   \   union <unnamed> volatile __io _A_PING
   \                     _A_PING:
   \   00000000                      DS8 1

   \                                 In  segment ABSOLUTE, at 0x62, root
   \   union <unnamed> volatile __io _A_PORTF
   \                     _A_PORTF:
   \   00000000                      DS8 1

   \                                 In  segment ABSOLUTE, at 0x61, root
   \   union <unnamed> volatile __io _A_DDRF
   \                     _A_DDRF:
   \   00000000                      DS8 1

   \                                 In  segment ABSOLUTE, at 0x5f, root
   \   union <unnamed> volatile __io _A_SREG
   \                     _A_SREG:
   \   00000000                      DS8 1

   \                                 In  segment ABSOLUTE, at 0x5d, root
   \   union <unnamed> volatile __io _A_SP
   \                     _A_SP:
   \   00000000                      DS8 2

   \                                 In  segment ABSOLUTE, at 0x5c, root
   \   union <unnamed> volatile __io _A_XDIV
   \                     _A_XDIV:
   \   00000000                      DS8 1

   \                                 In  segment ABSOLUTE, at 0x5b, root
   \   union <unnamed> volatile __io _A_RAMPZ
   \                     _A_RAMPZ:
   \   00000000                      DS8 1

   \                                 In  segment ABSOLUTE, at 0x5a, root
   \   union <unnamed> volatile __io _A_EICRB
   \                     _A_EICRB:
   \   00000000                      DS8 1

   \                                 In  segment ABSOLUTE, at 0x59, root
   \   union <unnamed> volatile __io _A_EIMSK
   \                     _A_EIMSK:
   \   00000000                      DS8 1

   \                                 In  segment ABSOLUTE, at 0x58, root
   \   union <unnamed> volatile __io _A_EIFR
   \                     _A_EIFR:
   \   00000000                      DS8 1

   \                                 In  segment ABSOLUTE, at 0x57, root
   \   union <unnamed> volatile __io _A_TIMSK
   \                     _A_TIMSK:
   \   00000000                      DS8 1

   \                                 In  segment ABSOLUTE, at 0x56, root
   \   union <unnamed> volatile __io _A_TIFR
   \                     _A_TIFR:
   \   00000000                      DS8 1

   \                                 In  segment ABSOLUTE, at 0x55, root
   \   union <unnamed> volatile __io _A_MCUCR
   \                     _A_MCUCR:
   \   00000000                      DS8 1

   \                                 In  segment ABSOLUTE, at 0x54, root
   \   union <unnamed> volatile __io _A_MCUCSR
   \                     _A_MCUCSR:
   \   00000000                      DS8 1

   \                                 In  segment ABSOLUTE, at 0x53, root
   \   union <unnamed> volatile __io _A_TCCR0
   \                     _A_TCCR0:
   \   00000000                      DS8 1

   \                                 In  segment ABSOLUTE, at 0x52, root
   \   union <unnamed> volatile __io _A_TCNT0
   \                     _A_TCNT0:
   \   00000000                      DS8 1

   \                                 In  segment ABSOLUTE, at 0x51, root
   \   union <unnamed> volatile __io _A_OCR0
   \                     _A_OCR0:
   \   00000000                      DS8 1

   \                                 In  segment ABSOLUTE, at 0x50, root
   \   union <unnamed> volatile __io _A_ASSR
   \                     _A_ASSR:
   \   00000000                      DS8 1

   \                                 In  segment ABSOLUTE, at 0x4f, root
   \   union <unnamed> volatile __io _A_TCCR1A
   \                     _A_TCCR1A:
   \   00000000                      DS8 1

   \                                 In  segment ABSOLUTE, at 0x4e, root
   \   union <unnamed> volatile __io _A_TCCR1B
   \                     _A_TCCR1B:
   \   00000000                      DS8 1

   \                                 In  segment ABSOLUTE, at 0x4c, root
   \   union <unnamed> volatile __io _A_TCNT1
   \                     _A_TCNT1:
   \   00000000                      DS8 2

   \                                 In  segment ABSOLUTE, at 0x4a, root
   \   union <unnamed> volatile __io _A_OCR1A
   \                     _A_OCR1A:
   \   00000000                      DS8 2

   \                                 In  segment ABSOLUTE, at 0x48, root
   \   union <unnamed> volatile __io _A_OCR1B
   \                     _A_OCR1B:
   \   00000000                      DS8 2

   \                                 In  segment ABSOLUTE, at 0x46, root
   \   union <unnamed> volatile __io _A_ICR1
   \                     _A_ICR1:
   \   00000000                      DS8 2

   \                                 In  segment ABSOLUTE, at 0x45, root
   \   union <unnamed> volatile __io _A_TCCR2
   \                     _A_TCCR2:
   \   00000000                      DS8 1

   \                                 In  segment ABSOLUTE, at 0x44, root
   \   union <unnamed> volatile __io _A_TCNT2
   \                     _A_TCNT2:
   \   00000000                      DS8 1

   \                                 In  segment ABSOLUTE, at 0x43, root
   \   union <unnamed> volatile __io _A_OCR2
   \                     _A_OCR2:
   \   00000000                      DS8 1

   \                                 In  segment ABSOLUTE, at 0x42, root
   \   union <unnamed> volatile __io _A_OCDR
   \                     _A_OCDR:
   \   00000000                      DS8 1

   \                                 In  segment ABSOLUTE, at 0x41, root
   \   union <unnamed> volatile __io _A_WDTCR
   \                     _A_WDTCR:
   \   00000000                      DS8 1

   \                                 In  segment ABSOLUTE, at 0x40, root
   \   union <unnamed> volatile __io _A_SFIOR
   \                     _A_SFIOR:
   \   00000000                      DS8 1

   \                                 In  segment ABSOLUTE, at 0x3e, root
   \   union <unnamed> volatile __io _A_EEAR
   \                     _A_EEAR:
   \   00000000                      DS8 2

   \                                 In  segment ABSOLUTE, at 0x3d, root
   \   union <unnamed> volatile __io _A_EEDR
   \                     _A_EEDR:
   \   00000000                      DS8 1

   \                                 In  segment ABSOLUTE, at 0x3c, root
   \   union <unnamed> volatile __io _A_EECR
   \                     _A_EECR:
   \   00000000                      DS8 1

   \                                 In  segment ABSOLUTE, at 0x3b, root
   \   union <unnamed> volatile __io _A_PORTA
   \                     _A_PORTA:
   \   00000000                      DS8 1

   \                                 In  segment ABSOLUTE, at 0x3a, root
   \   union <unnamed> volatile __io _A_DDRA
   \                     _A_DDRA:
   \   00000000                      DS8 1

   \                                 In  segment ABSOLUTE, at 0x39, root
   \   union <unnamed> volatile __io _A_PINA
   \                     _A_PINA:
   \   00000000                      DS8 1

   \                                 In  segment ABSOLUTE, at 0x38, root
   \   union <unnamed> volatile __io _A_PORTB
   \                     _A_PORTB:
   \   00000000                      DS8 1

   \                                 In  segment ABSOLUTE, at 0x37, root
   \   union <unnamed> volatile __io _A_DDRB
   \                     _A_DDRB:
   \   00000000                      DS8 1

   \                                 In  segment ABSOLUTE, at 0x36, root
   \   union <unnamed> volatile __io _A_PINB
   \                     _A_PINB:
   \   00000000                      DS8 1

   \                                 In  segment ABSOLUTE, at 0x35, root
   \   union <unnamed> volatile __io _A_PORTC
   \                     _A_PORTC:
   \   00000000                      DS8 1

   \                                 In  segment ABSOLUTE, at 0x34, root
   \   union <unnamed> volatile __io _A_DDRC
   \                     _A_DDRC:
   \   00000000                      DS8 1

   \                                 In  segment ABSOLUTE, at 0x33, root
   \   union <unnamed> volatile __io _A_PINC
   \                     _A_PINC:
   \   00000000                      DS8 1

   \                                 In  segment ABSOLUTE, at 0x32, root
   \   union <unnamed> volatile __io _A_PORTD
   \                     _A_PORTD:
   \   00000000                      DS8 1

   \                                 In  segment ABSOLUTE, at 0x31, root
   \   union <unnamed> volatile __io _A_DDRD
   \                     _A_DDRD:
   \   00000000                      DS8 1

   \                                 In  segment ABSOLUTE, at 0x30, root
   \   union <unnamed> volatile __io _A_PIND
   \                     _A_PIND:
   \   00000000                      DS8 1

   \                                 In  segment ABSOLUTE, at 0x2f, root
   \   union <unnamed> volatile __io _A_SPDR
   \                     _A_SPDR:
   \   00000000                      DS8 1

   \                                 In  segment ABSOLUTE, at 0x2e, root
   \   union <unnamed> volatile __io _A_SPSR
   \                     _A_SPSR:
   \   00000000                      DS8 1

   \                                 In  segment ABSOLUTE, at 0x2d, root
   \   union <unnamed> volatile __io _A_SPCR
   \                     _A_SPCR:
   \   00000000                      DS8 1

   \                                 In  segment ABSOLUTE, at 0x2c, root
   \   union <unnamed> volatile __io _A_UDR0
   \                     _A_UDR0:
   \   00000000                      DS8 1

   \                                 In  segment ABSOLUTE, at 0x2b, root
   \   union <unnamed> volatile __io _A_UCSR0A
   \                     _A_UCSR0A:
   \   00000000                      DS8 1

   \                                 In  segment ABSOLUTE, at 0x2a, root
   \   union <unnamed> volatile __io _A_UCSR0B
   \                     _A_UCSR0B:
   \   00000000                      DS8 1

   \                                 In  segment ABSOLUTE, at 0x29, root
   \   union <unnamed> volatile __io _A_UBRR0L
   \                     _A_UBRR0L:
   \   00000000                      DS8 1

   \                                 In  segment ABSOLUTE, at 0x28, root
   \   union <unnamed> volatile __io _A_ACSR
   \                     _A_ACSR:
   \   00000000                      DS8 1

   \                                 In  segment ABSOLUTE, at 0x27, root
   \   union <unnamed> volatile __io _A_ADMUX
   \                     _A_ADMUX:
   \   00000000                      DS8 1

   \                                 In  segment ABSOLUTE, at 0x26, root
   \   union <unnamed> volatile __io _A_ADCSRA
   \                     _A_ADCSRA:
   \   00000000                      DS8 1

   \                                 In  segment ABSOLUTE, at 0x24, root
   \   union <unnamed> volatile __io _A_ADC
   \                     _A_ADC:
   \   00000000                      DS8 2

   \                                 In  segment ABSOLUTE, at 0x23, root
   \   union <unnamed> volatile __io _A_PORTE
   \                     _A_PORTE:
   \   00000000                      DS8 1

   \                                 In  segment ABSOLUTE, at 0x22, root
   \   union <unnamed> volatile __io _A_DDRE
   \                     _A_DDRE:
   \   00000000                      DS8 1

   \                                 In  segment ABSOLUTE, at 0x21, root
   \   union <unnamed> volatile __io _A_PINE
   \                     _A_PINE:
   \   00000000                      DS8 1

   \                                 In  segment ABSOLUTE, at 0x20, root
   \   union <unnamed> volatile __io _A_PINF
   \                     _A_PINF:
   \   00000000                      DS8 1

   \                                 In  segment CODE, align 2, keep-with-next
   \   __version_3 void CEeprom::StartWrite()
   \                     ??StartWrite:
   \   00000000   E000               LDI     R16, 0
   \   00000002   9300....           STS     ??m_bBufferIsWrited, R16
   \   00000006   9AE3               SBI     0x1C, 0x03
   \   00000008   9508               RET
   \   0000000A                      REQUIRE _A_EECR
     10          #include "Platform.h"
     11          #include "Pss21.h"
     12          #include "Crc.h"
     13          #include "HammingCodes.h"
     14          
     15          
     16          //CDataStore::TBlocksControlData CDataStore::m_xBlocksControlData;
     17          //uint8_t* CDataStore::m_puiIntermediateBuff;
     18          //-----------------------------------------------------------------------------------------------------

   \                                 In  segment CODE, align 2, keep-with-next
     19          CDataStore::CDataStore()
   \                     ??CDataStore:
   \   00000000   ....               RCALL   ?Subroutine1
     20          {
   \                     ??CrossCallReturnLabel_2:
   \   00000002   ........           CALL    ??CDfa
   \   00000006   ....               RCALL   ?Subroutine2
   \                     ??CrossCallReturnLabel_5:
   \   00000008   018D               MOVW    R17:R16, R27:R26
   \   0000000A   570D               SUBI    R16, 125
   \   0000000C   4F1F               SBCI    R17, 255
   \   0000000E   ........           CALL    ??CTimer
     21          //    m_pxStorageDevice = new CEeprom();
     22              m_puiIntermediateBuff = CPss21::m_auiIntermediateBuff;
   \   00000012   ....               LDI     R16, LOW(??m_auiIntermediateBuff)
   \   00000014   ....               LDI     R17, (??m_auiIntermediateBuff) >> 8
   \   00000016   01FD               MOVW    R31:R30, R27:R26
   \   00000018   57EF               SUBI    R30, 127
   \   0000001A   4FFF               SBCI    R31, 255
   \   0000001C   8300               ST      Z, R16
   \   0000001E   8311               STD     Z+1, R17
     23              SetFsmState(IDDLE);
   \   00000020   E000               LDI     R16, 0
   \   00000022   930C               ST      X, R16
     24              SetSavedFsmState(IDDLE);
   \   00000024   01FD               MOVW    R31:R30, R27:R26
   \   00000026   8303               STD     Z+3, R16
     25          }
   \   00000028   018D               MOVW    R17:R16, R27:R26
   \   0000002A                      REQUIRE ?Subroutine11
   \   0000002A                      ;               // Fall through to label ?Subroutine11

   \                                 In  segment CODE, align 2, keep-with-next
   \                     ?Subroutine11:
   \   00000000   91A9               LD      R26, Y+
   \   00000002   91B9               LD      R27, Y+
   \   00000004   9508               RET

   \                                 In  segment CODE, align 2, keep-with-next
   \                     ?Subroutine2:
   \   00000000   ....               LDI     R16, LOW(??__vtbl_1)
   \   00000002   ....               LDI     R17, (??__vtbl_1) >> 8
   \   00000004   01FD               MOVW    R31:R30, R27:R26
   \   00000006   8301               STD     Z+1, R16
   \   00000008   8312               STD     Z+2, R17
   \   0000000A   9508               RET

   \                                 In  segment CODE, align 2, keep-with-next
   \                     ?Subroutine1:
   \   00000000   93BA               ST      -Y, R27
   \   00000002   93AA               ST      -Y, R26
   \   00000004   01D8               MOVW    R27:R26, R17:R16
   \   00000006   9508               RET
     26          
     27          //-----------------------------------------------------------------------------------------------------

   \                                 In  segment CODE, align 2, keep-with-next
     28          CDataStore::~CDataStore()
   \                     `?~CDataStore`:
     29          {
   \   00000000   ....               RCALL   ?Subroutine7
   \                     ??CrossCallReturnLabel_13:
   \   00000002   01D8               MOVW    R27:R26, R17:R16
   \   00000004   2F82               MOV     R24, R18
   \   00000006   2B0B               OR      R16, R27
   \   00000008   F091               BREQ    `?~CDataStore_1`
   \   0000000A   ....               RCALL   ?Subroutine2
     30          //    delete m_pxStorageDevice;
     31          }
   \                     ??CrossCallReturnLabel_6:
   \   0000000C   E022               LDI     R18, 2
   \   0000000E   E030               LDI     R19, 0
   \   00000010   018D               MOVW    R17:R16, R27:R26
   \   00000012   570D               SUBI    R16, 125
   \   00000014   4F1F               SBCI    R17, 255
   \   00000016   ........           CALL    `?~CTimer`
   \   0000001A   E020               LDI     R18, 0
   \   0000001C   E030               LDI     R19, 0
   \   0000001E   018D               MOVW    R17:R16, R27:R26
   \   00000020   ........           CALL    `?~CDfa`
   \   00000024   FB80               BST     R24, 0
   \   00000026   F41E               BRTC    `?~CDataStore_1`
   \   00000028   018D               MOVW    R17:R16, R27:R26
   \   0000002A   ........           CALL    `??operator delete`
   \                     `?~CDataStore_1`:
   \   0000002E   ....               RJMP    ??Subroutine13_0

   \                                 In  segment CODE, align 2, keep-with-next
   \                     ??Subroutine13_0:
   \   00000000   E0E4               LDI     R30, 4
   \   00000002   ........           JMP     ?EPILOGUE_B4_L09

   \                                 In  segment CODE, align 2, keep-with-next
   \                     ?Subroutine7:
   \   00000000   ........           JMP     ?PROLOGUE4_L09
     32          
     33          //-----------------------------------------------------------------------------------------------------

   \                                 In  segment CODE, align 2, keep-with-next
     34          void CDataStore::Init(void)
   \                     ??Init:
     35          {
   \   00000000   ....               RCALL   ?Subroutine1
     36              // Очистим служебный контекст.
     37              memset(reinterpret_cast<uint8_t*>(&m_xBlocksControlData),
     38                     0,
     39                     sizeof(m_xBlocksControlData));
   \                     ??CrossCallReturnLabel_3:
   \   00000002   E644               LDI     R20, 100
   \   00000004   E050               LDI     R21, 0
   \   00000006   E020               LDI     R18, 0
   \   00000008   E030               LDI     R19, 0
   \   0000000A   5F0B               SUBI    R16, 251
   \   0000000C   4F1F               SBCI    R17, 255
   \   0000000E   ........           CALL    memset
     40          
     41              // Установим смещение на закодированные данные.
     42              m_xBlocksControlData.
     43              axBlockPositionData[BLOCKS_CONTROL_DATA].uiOffset = BLOCKS_CONTROL_DATA_BEGIN;
   \   00000012   01FD               MOVW    R31:R30, R27:R26
   \   00000014   E100               LDI     R16, 16
   \   00000016   E010               LDI     R17, 0
   \   00000018   8701               STD     Z+9, R16
   \   0000001A   8712               STD     Z+10, R17
     44              // Установим размер первичных данных.
     45              m_xBlocksControlData.
     46              axBlockPositionData[BLOCKS_CONTROL_DATA].uiLength = sizeof(struct TBlocksControlData);
   \   0000001C   E604               LDI     R16, 100
   \   0000001E   8703               STD     Z+11, R16
   \   00000020   8714               STD     Z+12, R17
     47              // Установим размер закодированных данных.
     48              m_xBlocksControlData.
     49              axBlockPositionData[BLOCKS_CONTROL_DATA].uiEncodedLength = BLOCKS_CONTROL_DATA_LENGTH;
   \   00000022   E909               LDI     R16, 153
   \   00000024   8705               STD     Z+13, R16
   \   00000026   8716               STD     Z+14, R17
     50              // Установим смещение для служебного контекста.
     51              m_xBlocksControlData.uiFreeSpaceOffset = (BLOCKS_CONTROL_DATA_BEGIN + BLOCKS_CONTROL_DATA_LENGTH);
   \   00000028   EA09               LDI     R16, 169
   \   0000002A   8307               STD     Z+7, R16
   \   0000002C   8710               STD     Z+8, R17
     52              // Установим признак - база данных не подтверждена пользователем.
     53              m_xBlocksControlData.uiCrcOfBlocksCrc = 0;
   \   0000002E   8315               STD     Z+5, R17
   \   00000030   8316               STD     Z+6, R17
     54          }
   \   00000032   ....               RJMP    ?Subroutine11
     55          
     56          //-----------------------------------------------------------------------------------------------------

   \                                 In  segment CODE, align 2, keep-with-next
     57          uint8_t CDataStore::Check(void)
   \                     ??Check:
     58          {
   \   00000000   ........           CALL    ?PROLOGUE8_L09
   \   00000004                      REQUIRE ?Register_R4_is_cg_reg
   \   00000004                      REQUIRE ?Register_R5_is_cg_reg
   \   00000004                      REQUIRE ?Register_R6_is_cg_reg
   \   00000004                      REQUIRE ?Register_R7_is_cg_reg
   \   00000004   01D8               MOVW    R27:R26, R17:R16
     59              CPss21::m_xDataStore.Init();
   \   00000006   ....               LDI     R16, LOW(??m_xDataStore)
   \   00000008   ....               LDI     R17, (??m_xDataStore) >> 8
   \   0000000A   ....               RCALL   ??Init
     60          
     61              // Служебный блок повреждён?
     62              if (!(ReadBlock(reinterpret_cast<uint8_t*>(&m_xBlocksControlData), BLOCKS_CONTROL_DATA)))
   \   0000000C   E040               LDI     R20, 0
   \   0000000E   019D               MOVW    R19:R18, R27:R26
   \   00000010   5F2B               SUBI    R18, 251
   \   00000012   4F3F               SBCI    R19, 255
   \   00000014   ....               RCALL   ?Subroutine3
   \                     ??CrossCallReturnLabel_8:
   \   00000016   2B01               OR      R16, R17
   \   00000018   F149               BREQ    ??Check_1
     63              {
     64                  // Блок повреждён.
     65                  return 0;
     66              }
     67          
     68              enum
     69              {
     70                  IDDLE = 0,
     71                  BLOCK_CHECK_START,
     72                  BLOCK_WRITE_START,
     73                  BLOCK_WRITE_END_WAITING,
     74                  NEXT_BLOCK,
     75                  BLOCK_ERROR,
     76                  ALL_BLOCKS_CHECKED,
     77              };
     78          
     79              uint8_t uiBlockCounter = 0;
   \   0000001A   2466               CLR     R6
     80              uint8_t uiFsmState = BLOCK_CHECK_START;
     81              uint16_t uiLength;
     82          
     83              CHammingCodes::SetErrorCode(CHammingCodes::NONE_ERROR);
   \   0000001C   9260....           STS     ??m_uiErrorCode_1, R6
   \   00000020   012D               MOVW    R5:R4, R27:R26
   \   00000022   E801               LDI     R16, 129
   \   00000024   0E40               ADD     R4, R16
   \   00000026   1C56               ADC     R5, R6
   \   00000028   C03F               RJMP    ??Check_2
     84          
     85              while (1)
     86              {
     87                  switch (uiFsmState)
     88                  {
     89                  case BLOCK_CHECK_START:
     90                      // Проверены не все блоки?
     91                      if (uiBlockCounter < MAX_BLOCKS_NUMBER)
     92                      {
     93                          uiLength = ReadBlock(m_puiIntermediateBuff, uiBlockCounter);
     94                          // Блок не повреждён?
     95                          if (uiLength)
     96                          {
     97                              // Блок восстановлен после обнаружения ошибки?
     98                              if (CHammingCodes::GetErrorCode() != CHammingCodes::NONE_ERROR)
     99                              {
    100                                  // Обновим восстановленный блок в хранилище.
    101                                  uiFsmState = BLOCK_WRITE_START;
    102                              }
    103                              else
    104                              {
    105                                  uiFsmState = NEXT_BLOCK;
    106                              }
    107                          }
    108                          else
    109                          {
    110                              uiFsmState = BLOCK_ERROR;
    111                          }
    112                      }
    113                      else
    114                      {
    115                          uiFsmState = ALL_BLOCKS_CHECKED;
   \                     ??Check_3:
   \   0000002A   E006               LDI     R16, 6
   \   0000002C   C019               RJMP    ??Check_4
    116                      }
    117                      break;
    118          
    119                  case BLOCK_WRITE_START:
    120                      // Поместим данные в хранилище.
    121                      // Блок БД принят к записи?
    122                      if (Write(m_puiIntermediateBuff, uiLength, uiBlockCounter))
   \                     ??Check_5:
   \   0000002E   2D66               MOV     R22, R6
   \   00000030   01AC               MOVW    R21:R20, R25:R24
   \   00000032   01F2               MOVW    R31:R30, R5:R4
   \   00000034   8120               LD      R18, Z
   \   00000036   8131               LDD     R19, Z+1
   \   00000038   018D               MOVW    R17:R16, R27:R26
   \   0000003A   ....               RCALL   ??Write
   \   0000003C   2300               TST     R16
   \   0000003E   F011               BREQ    ??Check_6
    123                      {
    124                          uiFsmState = BLOCK_WRITE_END_WAITING;
   \   00000040   E003               LDI     R16, 3
   \   00000042   C00E               RJMP    ??Check_4
    125                      }
    126                      // При записи блока БД произошла ошибка?
    127                      else if (CPss21::m_xDataStore.GetFsmEvent() == CDataStore::WRITE_ERROR_FSM_EVENT)
   \                     ??Check_6:
   \   00000044   9100....           LDS     R16, (??m_xDataStore + 4)
   \   00000048   3004               CPI     R16, 4
   \   0000004A   F4A9               BRNE    ??Check_7
   \   0000004C   C008               RJMP    ??Check_8
    128                      {
    129                          uiFsmState = BLOCK_ERROR;
    130                      }
    131                      break;
    132          
    133                  case BLOCK_WRITE_END_WAITING:
    134                      // Блок записан успешно?
    135                      if (CPss21::m_xDataStore.GetFsmEvent() == CDataStore::WRITE_OK_FSM_EVENT)
   \                     ??Check_9:
   \   0000004E   9100....           LDS     R16, (??m_xDataStore + 4)
   \   00000052   3003               CPI     R16, 3
   \   00000054   F411               BRNE    ??Check_10
    136                      {
    137                          uiFsmState = NEXT_BLOCK;
   \                     ??Check_11:
   \   00000056   E004               LDI     R16, 4
   \   00000058   C003               RJMP    ??Check_4
    138                      }
    139                      // При записи блока БД произошла ошибка?
    140                      else if (CPss21::m_xDataStore.GetFsmEvent() == CDataStore::WRITE_ERROR_FSM_EVENT)
   \                     ??Check_10:
   \   0000005A   3004               CPI     R16, 4
   \   0000005C   F461               BRNE    ??Check_7
    141                      {
    142                          uiFsmState = BLOCK_ERROR;
   \                     ??Check_8:
   \   0000005E   E005               LDI     R16, 5
   \                     ??Check_4:
   \   00000060   2E70               MOV     R7, R16
   \   00000062   C009               RJMP    ??Check_7
    143                      }
    144                      break;
    145          
    146                  case NEXT_BLOCK:
    147                      uiBlockCounter++;
    148                      uiFsmState = BLOCK_CHECK_START;
    149                      break;
    150          
    151                  case ALL_BLOCKS_CHECKED:
    152                      // данные не повреждены.
    153                      return 1;
   \                     ??Check_12:
   \   00000064   E001               LDI     R16, 1
   \                     ??Check_13:
   \   00000066   E0E8               LDI     R30, 8
   \   00000068   ........           JMP     ?EPILOGUE_B8_L09
    154                      break;
    155          
    156                  case BLOCK_ERROR:
    157                      return 0;
   \                     ??Check_1:
   \   0000006C   E000               LDI     R16, 0
   \   0000006E   CFFB               RJMP    ??Check_13
   \                     ??Check_14:
   \   00000070   9463               INC     R6
   \   00000072   2477               CLR     R7
   \   00000074   9473               INC     R7
    158                      break;
    159          
    160                  default:
    161                      break;
    162                  }
    163          
    164                  CPss21::m_xDataStore.Fsm();
   \                     ??Check_7:
   \   00000076   ....               LDI     R16, LOW(??m_xDataStore)
   \   00000078   ....               LDI     R17, (??m_xDataStore) >> 8
   \   0000007A   ....               RCALL   ??Fsm
    165          
    166                  delay_ms(10);
   \   0000007C   E00A               LDI     R16, 10
   \   0000007E   E010               LDI     R17, 0
   \   00000080   ........           CALL    ??delay_ms
    167          
    168                  CPlatform::WatchdogReset();
   \   00000084   95A8               WDR
   \   00000086   2D07               MOV     R16, R7
   \   00000088   950A               DEC     R16
   \   0000008A   F059               BREQ    ??Check_15
   \   0000008C   950A               DEC     R16
   \   0000008E   F279               BREQ    ??Check_5
   \   00000090   950A               DEC     R16
   \   00000092   F2E9               BREQ    ??Check_9
   \   00000094   950A               DEC     R16
   \   00000096   F361               BREQ    ??Check_14
   \   00000098   950A               DEC     R16
   \   0000009A   F341               BREQ    ??Check_1
   \   0000009C   950A               DEC     R16
   \   0000009E   F311               BREQ    ??Check_12
   \   000000A0   CFEA               RJMP    ??Check_7
   \                     ??Check_15:
   \   000000A2   E00C               LDI     R16, 12
   \   000000A4   1660               CP      R6, R16
   \   000000A6   F608               BRCC    ??Check_3
   \                     ??Check_2:
   \   000000A8   2D46               MOV     R20, R6
   \   000000AA   01F2               MOVW    R31:R30, R5:R4
   \   000000AC   8120               LD      R18, Z
   \   000000AE   8131               LDD     R19, Z+1
   \   000000B0   ....               RCALL   ?Subroutine3
   \                     ??CrossCallReturnLabel_7:
   \   000000B2   01C8               MOVW    R25:R24, R17:R16
   \   000000B4   2B01               OR      R16, R17
   \   000000B6   F299               BREQ    ??Check_8
   \   000000B8   9100....           LDS     R16, ??m_uiErrorCode_1
   \   000000BC   2300               TST     R16
   \   000000BE   F259               BREQ    ??Check_11
   \   000000C0   E002               LDI     R16, 2
   \   000000C2   CFCE               RJMP    ??Check_4
    169              }
    170          }

   \                                 In  segment CODE, align 2, keep-with-next
   \                     ?Subroutine3:
   \   00000000   018D               MOVW    R17:R16, R27:R26
   \   00000002   ....               RJMP    ??ReadBlock
    171          
    172          //-----------------------------------------------------------------------------------------------------

   \                                 In  segment CODE, align 2, keep-with-next
    173          uint16_t CDataStore::ReadBlock(uint8_t *puiDestination, uint8_t uiBlock)
   \                     ??ReadBlock:
    174          {
   \   00000000   ........           CALL    ?PROLOGUE13_L09
   \   00000004                      REQUIRE ?Register_R4_is_cg_reg
   \   00000004                      REQUIRE ?Register_R5_is_cg_reg
   \   00000004                      REQUIRE ?Register_R6_is_cg_reg
   \   00000004                      REQUIRE ?Register_R7_is_cg_reg
   \   00000004                      REQUIRE ?Register_R8_is_cg_reg
   \   00000004                      REQUIRE ?Register_R9_is_cg_reg
   \   00000004                      REQUIRE ?Register_R10_is_cg_reg
   \   00000004                      REQUIRE ?Register_R11_is_cg_reg
   \   00000004                      REQUIRE ?Register_R12_is_cg_reg
   \   00000004   95DA               DEC     R29
   \   00000006   0128               MOVW    R5:R4, R17:R16
   \   00000008   0159               MOVW    R11:R10, R19:R18
   \   0000000A   2EC4               MOV     R12, R20
    175              // Произошёл выход за границы буфера?
    176              if (uiBlock >= MAX_BLOCKS_NUMBER)
   \   0000000C   304C               CPI     R20, 12
   \   0000000E   F008               BRCS    $+2+2
   \   00000010   C051               RJMP    ??ReadBlock_1
    177              {
    178          //        CPss21::SetErrorCode(DB_ERROR);
    179          //        // Нет данных.
    180                  return 0;
    181              }
    182          
    183              uint16_t uiDecodedByteCounter;
    184              uint16_t uiEncodedLength;
    185              uint16_t uiSourseOffset;
    186              uint8_t auiTempArray[256];
    187          
    188              // Блок существует?
    189              if ((m_xBlocksControlData.
    190                      axBlockPositionData[uiBlock].uiOffset != 0) &&
    191                      (m_xBlocksControlData.
    192                       axBlockPositionData[uiBlock].uiEncodedLength != 0))
   \   00000012   E008               LDI     R16, 8
   \   00000014   9EC0               MUL     R12, R16
   \   00000016   2C64               MOV     R6, R4
   \   00000018   0C60               ADD     R6, R0
   \   0000001A   1D11               ADC     R17, R1
   \   0000001C   2E71               MOV     R7, R17
   \   0000001E   2DE6               MOV     R30, R6
   \   00000020   2FF1               MOV     R31, R17
   \   00000022   85A1               LDD     R26, Z+9
   \   00000024   85B2               LDD     R27, Z+10
   \   00000026   2F0A               MOV     R16, R26
   \   00000028   2B0B               OR      R16, R27
   \   0000002A   F041               BREQ    ??ReadBlock_2
   \   0000002C   8485               LDD     R8, Z+13
   \   0000002E   8496               LDD     R9, Z+14
   \   00000030   2D08               MOV     R16, R8
   \   00000032   2909               OR      R16, R9
   \   00000034   F1F9               BREQ    ??ReadBlock_1
    193              {
    194                  // Получим адрес блока в EEPROM.
    195                  uiSourseOffset = m_xBlocksControlData.
    196                                   axBlockPositionData[uiBlock].uiOffset;
    197                  // Получим размер блока.
    198                  uiEncodedLength = m_xBlocksControlData.
    199                                    axBlockPositionData[uiBlock].uiEncodedLength;
    200              }
    201              else
    202              {
    203          //        CPss21::SetErrorCode(DB_ERROR);
    204          //        // Нет данных.
    205                  return 0;
    206              }
    207          
    208              // Прочитаем закодированные данные.
    209              for (uint16_t i = 0; i < uiEncodedLength; i++)
   \   00000036   E080               LDI     R24, 0
   \   00000038   E090               LDI     R25, 0
   \   0000003A   C00A               RJMP    ??ReadBlock_3
   \                     ??ReadBlock_2:
   \   0000003C   C03B               RJMP    ??ReadBlock_1
    210              {
    211                  auiTempArray[i] = CEeprom::ReadByte(uiSourseOffset);
   \                     ??ReadBlock_4:
   \   0000003E   018D               MOVW    R17:R16, R27:R26
   \   00000040   ........           CALL    ??ReadByte
   \   00000044   01FE               MOVW    R31:R30, R29:R28
   \   00000046   0FE8               ADD     R30, R24
   \   00000048   1FF9               ADC     R31, R25
   \   0000004A   8300               ST      Z, R16
    212                  uiSourseOffset++;
   \   0000004C   9611               ADIW    R27:R26, 1
    213              }
   \   0000004E   9601               ADIW    R25:R24, 1
   \                     ??ReadBlock_3:
   \   00000050   1588               CP      R24, R8
   \   00000052   0599               CPC     R25, R9
   \   00000054   F3A0               BRCS    ??ReadBlock_4
    214          
    215              // Декодируем прочитанные данные.
    216              uiDecodedByteCounter = CHammingCodes::HammingCodesToBytes(auiTempArray, auiTempArray, uiEncodedLength);
   \   00000056   01A4               MOVW    R21:R20, R9:R8
   \   00000058   019E               MOVW    R19:R18, R29:R28
   \   0000005A   018E               MOVW    R17:R16, R29:R28
   \   0000005C   ........           CALL    ??HammingCodesToBytes
   \   00000060   01C8               MOVW    R25:R24, R17:R16
    217              // Слишком короткий блок?
    218              // Минимум 3 байта 1 - данные и 2 - Crc.
    219              if (uiDecodedByteCounter <= CRC_LENGTH)
   \   00000062   3003               CPI     R16, 3
   \   00000064   4010               SBCI    R17, 0
   \   00000066   F118               BRCS    ??ReadBlock_5
    220              {
    221                  CPss21::SetErrorCode(DB_ERROR);
    222                  // Нет данных.
    223                  return 0;
    224              }
    225          
    226              // Получим длину блока.
    227              uiDecodedByteCounter -= CRC_LENGTH;
   \   00000068   9702               SBIW    R25:R24, 2
    228              // Размер блока не совпадает?
    229              if (uiDecodedByteCounter !=
    230                      m_xBlocksControlData.
    231                      axBlockPositionData[uiBlock].uiLength)
   \   0000006A   01F3               MOVW    R31:R30, R7:R6
   \   0000006C   8503               LDD     R16, Z+11
   \   0000006E   8514               LDD     R17, Z+12
   \   00000070   1780               CP      R24, R16
   \   00000072   0791               CPC     R25, R17
   \   00000074   F4E1               BRNE    ??ReadBlock_5
    232              {
    233                  CPss21::SetErrorCode(DB_ERROR);
    234                  // Нет данных.
    235                  return 0;
    236              }
    237          
    238              // Получим контрольную сумму блока.
    239              uint16_t uiCrc = static_cast<uint16_t>(auiTempArray[uiDecodedByteCounter]);
    240              uiCrc |= (static_cast<uint16_t>(auiTempArray[uiDecodedByteCounter + 1]) << 8);
   \   00000076   01FE               MOVW    R31:R30, R29:R28
   \   00000078   0FE8               ADD     R30, R24
   \   0000007A   1FF9               ADC     R31, R25
   \   0000007C   81A0               LD      R26, Z
   \   0000007E   81B1               LDD     R27, Z+1
    241              // Вычислим контрольную сумму блока.
    242              uint16_t uiCalculatedCrc = usCrc16(auiTempArray, uiDecodedByteCounter);
    243          
    244              // Блок не повреждён?
    245              if (uiCrc == uiCalculatedCrc)
   \   00000080   019C               MOVW    R19:R18, R25:R24
   \   00000082   ....               RCALL   ?Subroutine8
   \                     ??CrossCallReturnLabel_17:
   \   00000084   17A0               CP      R26, R16
   \   00000086   07B1               CPC     R27, R17
   \   00000088   F491               BRNE    ??ReadBlock_5
    246              {
    247                  m_auiBlocksCurrentCrc[uiBlock] = uiCrc;
   \   0000008A   E002               LDI     R16, 2
   \   0000008C   9EC0               MUL     R12, R16
   \   0000008E   0C40               ADD     R4, R0
   \   00000090   1C51               ADC     R5, R1
   \   00000092   E609               LDI     R16, 105
   \   00000094   0E40               ADD     R4, R16
   \   00000096   E000               LDI     R16, 0
   \   00000098   1E50               ADC     R5, R16
   \   0000009A   01F2               MOVW    R31:R30, R5:R4
   \   0000009C   83A0               ST      Z, R26
   \   0000009E   83B1               STD     Z+1, R27
    248                  memcpy(puiDestination, auiTempArray, uiDecodedByteCounter);
   \   000000A0   01AC               MOVW    R21:R20, R25:R24
   \   000000A2   019E               MOVW    R19:R18, R29:R28
   \   000000A4   0185               MOVW    R17:R16, R11:R10
   \   000000A6   ........           CALL    memcpy
    249                  return uiDecodedByteCounter;
   \   000000AA   018C               MOVW    R17:R16, R25:R24
   \   000000AC   C005               RJMP    ??ReadBlock_6
    250              }
    251              else
    252              {
    253                  CPss21::SetErrorCode(DB_ERROR);
   \                     ??ReadBlock_5:
   \   000000AE   E004               LDI     R16, 4
   \   000000B0   9300....           STS     ??m_uiErrorCode, R16
    254                  // Нет данных.
    255                  return 0;
   \                     ??ReadBlock_1:
   \   000000B4   E000               LDI     R16, 0
   \   000000B6   E010               LDI     R17, 0
   \                     ??ReadBlock_6:
   \   000000B8   95D3               INC     R29
   \   000000BA   E0ED               LDI     R30, 13
   \   000000BC   ........           JMP     ?EPILOGUE_B13_L09
    256              }
    257          }

   \                                 In  segment CODE, align 2, keep-with-next
   \                     ?Subroutine8:
   \   00000000   018E               MOVW    R17:R16, R29:R28
   \   00000002   ........           JMP     ??usCrc16
    258          
    259          //-----------------------------------------------------------------------------------------------------

   \                                 In  segment CODE, align 2, keep-with-next
    260          uint16_t CDataStore::WriteBlock(uint8_t *puiSourse, uint16_t uiLength, uint8_t uiBlock)
   \                     ??WriteBlock:
    261          {
   \   00000000   ........           CALL    ?PROLOGUE10_L09
   \   00000004                      REQUIRE ?Register_R4_is_cg_reg
   \   00000004                      REQUIRE ?Register_R5_is_cg_reg
   \   00000004                      REQUIRE ?Register_R6_is_cg_reg
   \   00000004                      REQUIRE ?Register_R7_is_cg_reg
   \   00000004                      REQUIRE ?Register_R8_is_cg_reg
   \   00000004                      REQUIRE ?Register_R9_is_cg_reg
   \   00000004   95DA               DEC     R29
   \   00000006   0138               MOVW    R7:R6, R17:R16
   \   00000008   01C9               MOVW    R25:R24, R19:R18
   \   0000000A   012A               MOVW    R5:R4, R21:R20
   \   0000000C   2FA6               MOV     R26, R22
    262              // Произошёл выход за границы буфера?
    263              if (uiBlock >= MAX_BLOCKS_NUMBER)
   \   0000000E   306C               CPI     R22, 12
   \   00000010   F018               BRCS    ??WriteBlock_1
    264              {
    265                  // Нет данных.
    266                  return 0;
   \   00000012   E000               LDI     R16, 0
   \   00000014   E010               LDI     R17, 0
   \   00000016   C044               RJMP    ??WriteBlock_2
    267              }
    268          
    269              uint16_t uiEncodedByteCounter;
    270              uint8_t auiTempArray[256];
    271          
    272              memcpy(auiTempArray, puiSourse, uiLength);
   \                     ??WriteBlock_1:
   \   00000018   018E               MOVW    R17:R16, R29:R28
   \   0000001A   ........           CALL    memcpy
    273              // Вычислим контрольную сумму поступивших данных.
    274              uint16_t uiCrc = usCrc16(puiSourse, uiLength);
   \   0000001E   0192               MOVW    R19:R18, R5:R4
   \   00000020   018C               MOVW    R17:R16, R25:R24
   \   00000022   ........           CALL    ??usCrc16
    275              auiTempArray[uiLength] = static_cast<uint8_t>(uiCrc);
   \   00000026   01FE               MOVW    R31:R30, R29:R28
   \   00000028   0DE4               ADD     R30, R4
   \   0000002A   1DF5               ADC     R31, R5
   \   0000002C   8300               ST      Z, R16
    276              auiTempArray[uiLength + 1] = static_cast<uint8_t>(uiCrc >> 8);
   \   0000002E   8311               STD     Z+1, R17
    277          
    278              m_xBlocksControlData.
    279              axBlockPositionData[uiBlock].uiCrc = uiCrc;
   \   00000030   E028               LDI     R18, 8
   \   00000032   9FA2               MUL     R26, R18
   \   00000034   01D3               MOVW    R27:R26, R7:R6
   \   00000036   0DA0               ADD     R26, R0
   \   00000038   1DB1               ADC     R27, R1
   \   0000003A   01FD               MOVW    R31:R30, R27:R26
   \   0000003C   8707               STD     Z+15, R16
   \   0000003E   8B10               STD     Z+16, R17
    280          
    281              uiEncodedByteCounter = CHammingCodes::BytesToHammingCodes(m_puiIntermediateBuff, auiTempArray, (uiLength + CRC_LENGTH));
   \   00000040   0143               MOVW    R9:R8, R7:R6
   \   00000042   E801               LDI     R16, 129
   \   00000044   0E80               ADD     R8, R16
   \   00000046   E000               LDI     R16, 0
   \   00000048   1E90               ADC     R9, R16
   \   0000004A   01A2               MOVW    R21:R20, R5:R4
   \   0000004C   5F4E               SUBI    R20, 254
   \   0000004E   4F5F               SBCI    R21, 255
   \   00000050   019E               MOVW    R19:R18, R29:R28
   \   00000052   01F4               MOVW    R31:R30, R9:R8
   \   00000054   8100               LD      R16, Z
   \   00000056   8111               LDD     R17, Z+1
   \   00000058   ........           CALL    ??BytesToHammingCodes
   \   0000005C   01C8               MOVW    R25:R24, R17:R16
    282          
    283              // Данные текущего блока данных - uiBlock сохраняются впервые?
    284              if (m_xBlocksControlData.
    285                      axBlockPositionData[uiBlock].uiEncodedLength == 0)
   \   0000005E   01FD               MOVW    R31:R30, R27:R26
   \   00000060   8505               LDD     R16, Z+13
   \   00000062   8516               LDD     R17, Z+14
   \   00000064   2B01               OR      R16, R17
   \   00000066   F491               BRNE    ??WriteBlock_3
    286              {
    287                  // Добавили новый блок данных.
    288                  // Сохраним смещение на блок.
    289                  m_xBlocksControlData.
    290                  axBlockPositionData[uiBlock].uiOffset = m_xBlocksControlData.uiFreeSpaceOffset;
   \   00000068   01F3               MOVW    R31:R30, R7:R6
   \   0000006A   8107               LDD     R16, Z+7
   \   0000006C   8510               LDD     R17, Z+8
   \   0000006E   01FD               MOVW    R31:R30, R27:R26
   \   00000070   8701               STD     Z+9, R16
   \   00000072   8712               STD     Z+10, R17
    291                  // Изменим смещение на свободное место.
    292                  m_xBlocksControlData.uiFreeSpaceOffset += uiEncodedByteCounter;
   \   00000074   01F3               MOVW    R31:R30, R7:R6
   \   00000076   8107               LDD     R16, Z+7
   \   00000078   8510               LDD     R17, Z+8
   \   0000007A   0F08               ADD     R16, R24
   \   0000007C   1F19               ADC     R17, R25
   \   0000007E   8307               STD     Z+7, R16
   \   00000080   8710               STD     Z+8, R17
    293                  // Сохраним размер первичных данных.
    294                  m_xBlocksControlData.
    295                  axBlockPositionData[uiBlock].uiLength = uiLength;
   \   00000082   01FD               MOVW    R31:R30, R27:R26
   \   00000084   8643               STD     Z+11, R4
   \   00000086   8654               STD     Z+12, R5
    296                  // Сохраним размер закодированных данных.
    297                  m_xBlocksControlData.
    298                  axBlockPositionData[uiBlock].uiEncodedLength = uiEncodedByteCounter;
   \   00000088   8785               STD     Z+13, R24
   \   0000008A   8796               STD     Z+14, R25
    299              }
    300          
    301          //    if (uiBlock != BLOCKS_CONTROL_DATA)
    302          //    {
    303          //        m_xBlocksControlData.
    304          //        axBlockPositionData[uiBlock].uiCrc = uiCrc;
    305          //    }
    306          
    307              CEeprom::WriteInterrupt(m_xBlocksControlData.
    308                                      axBlockPositionData[uiBlock].uiOffset,
    309                                      m_puiIntermediateBuff,
    310                                      uiEncodedByteCounter);
   \                     ??WriteBlock_3:
   \   0000008C   01AC               MOVW    R21:R20, R25:R24
   \   0000008E   01F4               MOVW    R31:R30, R9:R8
   \   00000090   8120               LD      R18, Z
   \   00000092   8131               LDD     R19, Z+1
   \   00000094   01FD               MOVW    R31:R30, R27:R26
   \   00000096   8501               LDD     R16, Z+9
   \   00000098   8512               LDD     R17, Z+10
   \   0000009A   ........           CALL    ??WriteInterrupt
    311          
    312              // Out length.
    313              return uiEncodedByteCounter;
   \   0000009E   018C               MOVW    R17:R16, R25:R24
   \                     ??WriteBlock_2:
   \   000000A0   95D3               INC     R29
   \   000000A2   E0EA               LDI     R30, 10
   \   000000A4   ........           JMP     ?EPILOGUE_B10_L09
    314          }
    315          
    316          //-----------------------------------------------------------------------------------------------------

   \                                 In  segment CODE, align 2, keep-with-next
    317          bool CDataStore::Write(uint8_t *puiSourse, uint16_t uiLength, uint8_t uiBlock)
   \                     ??Write:
    318          {
   \   00000000   ....               RCALL   ?Subroutine1
    319              if (GetFsmState() == IDDLE)
   \                     ??CrossCallReturnLabel_4:
   \   00000002   910C               LD      R16, X
   \   00000004   2300               TST     R16
   \   00000006   F449               BRNE    ??Write_1
    320              {
    321                  if (WriteBlock(puiSourse,
    322                                 uiLength,
    323                                 uiBlock))
   \   00000008   ....               RCALL   ?Subroutine5
   \                     ??CrossCallReturnLabel_10:
   \   0000000A   01FD               MOVW    R31:R30, R27:R26
   \   0000000C   F021               BREQ    ??Write_2
    324                  {
    325                      SetFsmEvent(WRITE_IN_PROGRESS_FSM_EVENT);
   \   0000000E   E001               LDI     R16, 1
   \   00000010   8304               STD     Z+4, R16
    326                      SetFsmState(START_WRITE);
   \   00000012   930C               ST      X, R16
    327                      return true;
   \   00000014   C006               RJMP    ??Write_3
    328                  }
    329                  else
    330                  {
    331                      SetFsmEvent(WRITE_ERROR_FSM_EVENT);
   \                     ??Write_2:
   \   00000016   E004               LDI     R16, 4
   \   00000018   C002               RJMP    ??Write_4
    332                      return false;
    333                  }
    334              }
    335              else
    336              {
    337                  SetFsmEvent(STORAGE_DEVICE_BUSY_FSM_EVENT);
   \                     ??Write_1:
   \   0000001A   01FD               MOVW    R31:R30, R27:R26
   \   0000001C   E002               LDI     R16, 2
   \                     ??Write_4:
   \   0000001E   8304               STD     Z+4, R16
    338                  return false;
   \   00000020   E000               LDI     R16, 0
    339              }
   \                     ??Write_3:
   \   00000022   ....               RJMP    ?Subroutine11
    340          }

   \                                 In  segment CODE, align 2, keep-with-next
   \                     ?Subroutine5:
   \   00000000   2F0A               MOV     R16, R26
   \   00000002   ....               RCALL   ??WriteBlock
   \   00000004   2B01               OR      R16, R17
   \   00000006   9508               RET
    341          
    342          //-----------------------------------------------------------------------------------------------------

   \                                 In  segment CODE, align 2, keep-with-next
    343          bool CDataStore::CompareCurrentWithStoredCrc(void)
   \                     ??CompareCurrentWithStoredCrc:
    344          {
   \   00000000   2F39               MOV     R19, R25
   \   00000002   2E28               MOV     R2, R24
   \   00000004   01B8               MOVW    R23:R22, R17:R16
    345              // Проверим принадлежность всех блоков текущей базе данных.
    346              // Сравним текущее Crc блока с его Crc сохранённом в служебном блоке в предыдущей сессии записи.
    347              for (uint16_t i = BLOCKS_CONTROL_DATA_BLOCK_NUMBER;
   \   00000006   E081               LDI     R24, 1
   \   00000008   E090               LDI     R25, 0
   \   0000000A   E02A               LDI     R18, 10
    348                      i < (MAX_BLOCKS_NUMBER - BLOCKS_CONTROL_DATA_BLOCK_NUMBER);
    349                      i++)
    350              {
    351                  if (m_auiBlocksCurrentCrc[i] !=
    352                          m_xBlocksControlData.axBlockPositionData[i].uiCrc)
   \                     ??CompareCurrentWithStoredCrc_1:
   \   0000000C   018C               MOVW    R17:R16, R25:R24
   \   0000000E   0F00               LSL     R16
   \   00000010   1F11               ROL     R17
   \   00000012   01FB               MOVW    R31:R30, R23:R22
   \   00000014   0FE0               ADD     R30, R16
   \   00000016   1FF1               ADC     R31, R17
   \   00000018   59E7               SUBI    R30, 151
   \   0000001A   4FFF               SBCI    R31, 255
   \   0000001C   8000               LD      R0, Z
   \   0000001E   8011               LDD     R1, Z+1
   \   00000020   ....               RCALL   ?Subroutine10
   \                     ??CrossCallReturnLabel_21:
   \   00000022   01FB               MOVW    R31:R30, R23:R22
   \   00000024   0FE0               ADD     R30, R16
   \   00000026   1FF1               ADC     R31, R17
   \   00000028   8507               LDD     R16, Z+15
   \   0000002A   8910               LDD     R17, Z+16
   \   0000002C   1600               CP      R0, R16
   \   0000002E   0611               CPC     R1, R17
   \   00000030   F011               BREQ    ??CompareCurrentWithStoredCrc_2
    353                  {
    354                      return false;
   \   00000032   E000               LDI     R16, 0
   \   00000034   C004               RJMP    ??CompareCurrentWithStoredCrc_3
    355                  }
    356              }
   \                     ??CompareCurrentWithStoredCrc_2:
   \   00000036   9601               ADIW    R25:R24, 1
   \   00000038   952A               DEC     R18
   \   0000003A   F741               BRNE    ??CompareCurrentWithStoredCrc_1
    357          
    358              // Все блоки принадлежат текущей базе данных.
    359              return true;
   \   0000003C   E001               LDI     R16, 1
   \                     ??CompareCurrentWithStoredCrc_3:
   \   0000003E   2D82               MOV     R24, R2
   \   00000040   2F93               MOV     R25, R19
   \   00000042   9508               RET
    360          }

   \                                 In  segment CODE, align 2, keep-with-next
   \                     ?Subroutine10:
   \   00000000   E043               LDI     R20, 3
   \   00000002   018C               MOVW    R17:R16, R25:R24
   \   00000004   ........           JMP     ?S_SHL_L02
    361          
    362          //-----------------------------------------------------------------------------------------------------
    363          // Вызывается только если база данных подтверждена пользователем.

   \                                 In  segment CODE, align 2, keep-with-next
   \                     ?Subroutine12:
   \   00000000   9666               ADIW    R29:R28, 22
   \   00000002                      REQUIRE ??Subroutine13_0
   \   00000002                      ;               // Fall through to label ??Subroutine13_0

   \                                 In  segment CODE, align 2, keep-with-next
    364          void CDataStore::CrcOfBlocksCrcCreate(void)
   \                     ??CrcOfBlocksCrcCreate:
    365          {
   \   00000000   ....               RCALL   ?Subroutine0
    366              // Контрольная сумма вычисленная из массива контрольных сумм блоков, не включая служебный.
    367              // Сохраняется при первой и последующих записях любых блоков через программатор.
    368              // Ноль или её не совпадение свидетельствует о том, что база данных создана по умоланию,
    369              // и не подтверждена пользователем. В этом случае прибор переходит в режим сигнализации об ошибке,
    370              // ожидая квитирования или записи базы данных.
    371              uint16_t auiBlocksCrc[MAX_BLOCKS_NUMBER - BLOCKS_CONTROL_DATA_BLOCK_NUMBER];
    372          
    373              // Получим Crc всех блоков, не включая служебный.
    374              for (uint16_t i = 0;
    375                      i < (MAX_BLOCKS_NUMBER - BLOCKS_CONTROL_DATA_BLOCK_NUMBER);
    376                      i++)
    377              {
    378                  auiBlocksCrc[i] =
    379                      m_xBlocksControlData.axBlockPositionData[i + BLOCKS_CONTROL_DATA_BLOCK_NUMBER].uiCrc;
    380              }
    381          
    382              // Сохраним Crc всех блоков, не включая служебный.
    383              m_xBlocksControlData.uiCrcOfBlocksCrc =
    384                  usCrc16(reinterpret_cast<uint8_t*>(auiBlocksCrc),
    385                          ((MAX_BLOCKS_NUMBER - BLOCKS_CONTROL_DATA_BLOCK_NUMBER) * sizeof(uint16_t)));
   \                     ??CrossCallReturnLabel_0:
   \   00000002   8305               STD     Z+5, R16
   \   00000004   8316               STD     Z+6, R17
    386          }
   \   00000006   ....               RJMP    ?Subroutine12

   \                                 In  segment CODE, align 2, keep-with-next
   \                     ?Subroutine0:
   \   00000000   ....               RCALL   ?Subroutine7
   \                     ??CrossCallReturnLabel_15:
   \   00000002   9766               SBIW    R29:R28, 22
   \   00000004   01D8               MOVW    R27:R26, R17:R16
   \   00000006   E080               LDI     R24, 0
   \   00000008   E090               LDI     R25, 0
   \   0000000A   E02B               LDI     R18, 11
   \                     ??Subroutine0_0:
   \   0000000C   ....               RCALL   ?Subroutine10
   \                     ??CrossCallReturnLabel_22:
   \   0000000E   01FD               MOVW    R31:R30, R27:R26
   \   00000010   0FE0               ADD     R30, R16
   \   00000012   1FF1               ADC     R31, R17
   \   00000014   8907               LDD     R16, Z+23
   \   00000016   8D10               LDD     R17, Z+24
   \   00000018   01FE               MOVW    R31:R30, R29:R28
   \   0000001A   01AC               MOVW    R21:R20, R25:R24
   \   0000001C   0F44               LSL     R20
   \   0000001E   1F55               ROL     R21
   \   00000020   0FE4               ADD     R30, R20
   \   00000022   1FF5               ADC     R31, R21
   \   00000024   8300               ST      Z, R16
   \   00000026   8311               STD     Z+1, R17
   \   00000028   9601               ADIW    R25:R24, 1
   \   0000002A   952A               DEC     R18
   \   0000002C   F779               BRNE    ??Subroutine0_0
   \   0000002E   E126               LDI     R18, 22
   \   00000030   E030               LDI     R19, 0
   \   00000032   ....               RCALL   ?Subroutine8
   \                     ??CrossCallReturnLabel_16:
   \   00000034   01FD               MOVW    R31:R30, R27:R26
   \   00000036   9508               RET
    387          
    388          //-----------------------------------------------------------------------------------------------------

   \                                 In  segment CODE, align 2, keep-with-next
    389          bool CDataStore::CrcOfBlocksCrcCheck(void)
   \                     ??CrcOfBlocksCrcCheck:
    390          {
   \   00000000   ....               RCALL   ?Subroutine0
    391              // Контрольная сумма вычисленная из массива контрольных сумм блоков, не включая служебный.
    392              // Сохраняется при первой и последующих записях любых блоков через программатор.
    393              // Ноль или её не совпадение свидетельствует о том, что база данных создана по умоланию,
    394              // и не подтверждена пользователем. В этом случае прибор переходит в режим сигнализации об ошибке,
    395              // ожидая квитирования или записи базы данных.
    396              uint16_t auiBlocksCrc[MAX_BLOCKS_NUMBER - BLOCKS_CONTROL_DATA_BLOCK_NUMBER];
    397          
    398              // Получим Crc всех блоков, не включая служебный.
    399              for (uint16_t i = 0;
    400                      i < (MAX_BLOCKS_NUMBER - BLOCKS_CONTROL_DATA_BLOCK_NUMBER);
    401                      i++)
    402              {
    403                  auiBlocksCrc[i] =
    404                      m_xBlocksControlData.axBlockPositionData[i + BLOCKS_CONTROL_DATA_BLOCK_NUMBER].uiCrc;
    405              }
    406          
    407              // База данных подтверждена пользователем?
    408              if (m_xBlocksControlData.uiCrcOfBlocksCrc ==
    409                      usCrc16(reinterpret_cast<uint8_t*>(auiBlocksCrc),
    410                              ((MAX_BLOCKS_NUMBER - BLOCKS_CONTROL_DATA_BLOCK_NUMBER) * sizeof(uint16_t))))
   \                     ??CrossCallReturnLabel_1:
   \   00000002   8125               LDD     R18, Z+5
   \   00000004   8136               LDD     R19, Z+6
   \   00000006   1720               CP      R18, R16
   \   00000008   0731               CPC     R19, R17
   \   0000000A   F411               BRNE    ??CrcOfBlocksCrcCheck_1
    411              {
    412                  return true;
   \   0000000C   E001               LDI     R16, 1
   \   0000000E   C001               RJMP    ??CrcOfBlocksCrcCheck_2
    413              }
    414              else
    415              {
    416                  return false;
   \                     ??CrcOfBlocksCrcCheck_1:
   \   00000010   E000               LDI     R16, 0
    417              }
   \                     ??CrcOfBlocksCrcCheck_2:
   \   00000012   ....               RJMP    ?Subroutine12
    418          }
    419          
    420          //-----------------------------------------------------------------------------------------------------

   \                                 In  segment CODE, align 2, keep-with-next
    421          void CDataStore::Fsm(void)
   \                     ??Fsm:
    422          {
   \   00000000   ....               RCALL   ?Subroutine7
   \                     ??CrossCallReturnLabel_14:
   \   00000002   01D8               MOVW    R27:R26, R17:R16
    423              switch (GetFsmState())
   \   00000004   01C8               MOVW    R25:R24, R17:R16
   \   00000006   578D               SUBI    R24, 125
   \   00000008   4F9F               SBCI    R25, 255
   \   0000000A   910C               LD      R16, X
   \   0000000C   950A               DEC     R16
   \   0000000E   F059               BREQ    ??Fsm_1
   \   00000010   950A               DEC     R16
   \   00000012   F061               BREQ    ??Fsm_2
   \   00000014   950A               DEC     R16
   \   00000016   F079               BREQ    ??Fsm_3
   \   00000018   950A               DEC     R16
   \   0000001A   F099               BREQ    ??Fsm_4
   \   0000001C   950A               DEC     R16
   \   0000001E   F0E1               BREQ    ??Fsm_5
   \   00000020   950A               DEC     R16
   \   00000022   F0F9               BREQ    ??Fsm_6
   \   00000024   C02F               RJMP    ??Fsm_7
    424              {
    425              case IDDLE:
    426                  break;
    427          
    428              case START_WRITE:
    429                  // Установим время ожидания окончания записи.
    430                  GetTimerPointer() -> Set(READY_TO_WRITE_WAITING_TIMEOUT);
   \                     ??Fsm_1:
   \   00000026   ....               RCALL   ?Subroutine4
    431                  SetFsmState(READY_TO_WRITE_WAITING);
   \                     ??CrossCallReturnLabel_18:
   \   00000028   E002               LDI     R16, 2
   \   0000002A   C02B               RJMP    ??Fsm_8
    432                  break;
    433          
    434              case READY_TO_WRITE_WAITING:
    435                  if (CEeprom::IsReadyToWrite())
   \                     ??Fsm_2:
   \   0000002C   99E1               SBIC    0x1C, 0x01
   \   0000002E   C020               RJMP    ??Fsm_9
    436                  {
    437                      // Установим время ожидания окончания записи.
    438                      GetTimerPointer() -> Set(WRITE_END_WAITING_TIMEOUT);
    439                      CEeprom::StartWrite();
    440                      SetFsmState(WRITE_END_WAITING);
    441                  }
    442                  // Время ожидания окончания записи закончилось?
    443                  else if (GetTimerPointer() -> IsOverflow())
   \   00000030   ....               RCALL   ?Subroutine6
   \                     ??CrossCallReturnLabel_12:
   \   00000032   E003               LDI     R16, 3
   \   00000034   C026               RJMP    ??Fsm_8
    444                  {
    445                      SetFsmEvent(WRITE_ERROR_FSM_EVENT);
    446                      SetFsmState(IDDLE);
    447                  }
    448                  break;
    449          
    450              case WRITE_END_WAITING:
    451                  if (CEeprom::GetBufferIsWrited())
   \                     ??Fsm_3:
   \   00000036   9100....           LDS     R16, ??m_bBufferIsWrited
   \   0000003A   2300               TST     R16
   \   0000003C   F0C9               BREQ    ??Fsm_9
    452                  {
    453                      SetFsmState(START_WRITE_BLOCKS_CONTROL_DATA);
   \   0000003E   E004               LDI     R16, 4
   \   00000040   C020               RJMP    ??Fsm_8
    454                  }
    455                  // Время ожидания окончания записи закончилось?
    456                  else if (GetTimerPointer() -> IsOverflow())
    457                  {
    458                      SetFsmEvent(WRITE_ERROR_FSM_EVENT);
    459                      SetFsmState(IDDLE);
    460                  }
    461                  break;
    462          
    463          
    464                  // Запись служеьного блока.
    465              case START_WRITE_BLOCKS_CONTROL_DATA:
    466                  // Данные обновлены.
    467                  // Сохраним изменённый служебный контекст.
    468                  if (WriteBlock(reinterpret_cast<uint8_t*>(&m_xBlocksControlData),
    469                                 sizeof(m_xBlocksControlData),
    470                                 BLOCKS_CONTROL_DATA))
   \                     ??Fsm_4:
   \   00000042   E060               LDI     R22, 0
   \   00000044   E644               LDI     R20, 100
   \   00000046   E050               LDI     R21, 0
   \   00000048   019D               MOVW    R19:R18, R27:R26
   \   0000004A   5F2B               SUBI    R18, 251
   \   0000004C   4F3F               SBCI    R19, 255
   \   0000004E   ....               RCALL   ?Subroutine5
   \                     ??CrossCallReturnLabel_9:
   \   00000050   F0A1               BREQ    ??Fsm_10
    471                  {
    472                      // Установим время ожидания окончания записи.
    473                      GetTimerPointer() -> Set(READY_TO_WRITE_WAITING_TIMEOUT);
   \   00000052   ....               RCALL   ?Subroutine4
    474                      SetFsmState(READY_TO_WRITE_WAITING_BLOCKS_CONTROL_DATA);
   \                     ??CrossCallReturnLabel_19:
   \   00000054   E005               LDI     R16, 5
   \   00000056   C015               RJMP    ??Fsm_8
    475                  }
    476                  else
    477                  {
    478                      SetFsmEvent(WRITE_ERROR_FSM_EVENT);
    479                      SetFsmState(IDDLE);
    480                  }
    481                  break;
    482          
    483              case READY_TO_WRITE_WAITING_BLOCKS_CONTROL_DATA:
    484                  if (CEeprom::IsReadyToWrite())
   \                     ??Fsm_5:
   \   00000058   99E1               SBIC    0x1C, 0x01
   \   0000005A   C00A               RJMP    ??Fsm_9
    485                  {
    486                      // Установим время ожидания окончания записи.
    487                      GetTimerPointer() -> Set(WRITE_END_WAITING_TIMEOUT);
    488                      CEeprom::StartWrite();
    489                      SetFsmState(WRITE_END_WAITING_BLOCKS_CONTROL_DATA);
    490                  }
    491                  // Время ожидания окончания записи закончилось?
    492                  else if (GetTimerPointer() -> IsOverflow())
   \   0000005C   ....               RCALL   ?Subroutine6
   \                     ??CrossCallReturnLabel_11:
   \   0000005E   E006               LDI     R16, 6
   \   00000060   C010               RJMP    ??Fsm_8
    493                  {
    494                      SetFsmEvent(WRITE_ERROR_FSM_EVENT);
    495                      SetFsmState(IDDLE);
    496                  }
    497                  break;
    498          
    499              case WRITE_END_WAITING_BLOCKS_CONTROL_DATA:
    500                  if (CEeprom::GetBufferIsWrited())
   \                     ??Fsm_6:
   \   00000062   9100....           LDS     R16, ??m_bBufferIsWrited
   \   00000066   2300               TST     R16
   \   00000068   F019               BREQ    ??Fsm_9
    501                  {
    502                      SetFsmEvent(WRITE_OK_FSM_EVENT);
   \   0000006A   01FD               MOVW    R31:R30, R27:R26
   \   0000006C   E003               LDI     R16, 3
   \   0000006E   C007               RJMP    ??Fsm_11
    503                      SetFsmState(IDDLE);
    504                  }
    505                  // Время ожидания окончания записи закончилось?
    506                  else if (GetTimerPointer() -> IsOverflow())
   \                     ??Fsm_9:
   \   00000070   018C               MOVW    R17:R16, R25:R24
   \   00000072   ........           CALL    ??IsOverflow
   \   00000076   2300               TST     R16
   \   00000078   F029               BREQ    ??Fsm_7
    507                  {
    508                      SetFsmEvent(WRITE_ERROR_FSM_EVENT);
   \                     ??Fsm_10:
   \   0000007A   01FD               MOVW    R31:R30, R27:R26
   \   0000007C   E004               LDI     R16, 4
   \                     ??Fsm_11:
   \   0000007E   8304               STD     Z+4, R16
    509                      SetFsmState(IDDLE);
   \   00000080   E000               LDI     R16, 0
   \                     ??Fsm_8:
   \   00000082   930C               ST      X, R16
    510                  }
    511                  break;
    512          
    513              default:
    514                  break;
    515              }
    516          }
   \                     ??Fsm_7:
   \   00000084   ....               RJMP    ??Subroutine13_0
   \   00000086                      REQUIRE _A_EECR

   \                                 In  segment CODE, align 2, keep-with-next
   \                     ?Subroutine6:
   \   00000000   E120               LDI     R18, 16
   \   00000002   E237               LDI     R19, 39
   \   00000004   ....               RCALL   ?Subroutine9
   \                     ??CrossCallReturnLabel_20:
   \   00000006   ........           JMP     ??StartWrite

   \                                 In  segment CODE, align 2, keep-with-next
   \                     ?Subroutine4:
   \   00000000   EC28               LDI     R18, 200
   \   00000002   E030               LDI     R19, 0
   \   00000004                      REQUIRE ?Subroutine9
   \   00000004                      ;               // Fall through to label ?Subroutine9

   \                                 In  segment CODE, align 2, keep-with-next
   \                     ?Subroutine9:
   \   00000000   018C               MOVW    R17:R16, R25:R24
   \   00000002   ........           JMP     ??Set

   \                                 In  segment CODE, align 2, keep-with-next
   \   __version_3 CDataStore &CDataStore::new CDataStore()
   \                     `??new CDataStore`:
   \   00000000   E809               LDI     R16, 137
   \   00000002   E010               LDI     R17, 0
   \   00000004   ........           CALL    `??operator new`
   \   00000008   2F20               MOV     R18, R16
   \   0000000A   2B21               OR      R18, R17
   \   0000000C   F009               BREQ    `??new CDataStore_1`
   \   0000000E   ....               RJMP    ??CDataStore
   \                     `??new CDataStore_1`:
   \   00000010   E000               LDI     R16, 0
   \   00000012   E010               LDI     R17, 0
   \   00000014   9508               RET
    517          

   Maximum stack usage in bytes:

   CSTACK RSTACK Function
   ------ ------ --------
      2      2   CDataStore::CDataStore()
        2      2   -> CDfa::CDfa()
        2      2   -> CTimer::CTimer()
      8      2   CDataStore::Check()
        8      2   -> CDataStore::Fsm()
        8      2   -> CDataStore::Init()
        8      2   -> CDataStore::ReadBlock(uint8_t *, uint8_t)
        8      2   -> CDataStore::Write(uint8_t *, uint16_t, uint8_t)
        8      2   -> delay_ms(uint16_t)
      0      2   CDataStore::CompareCurrentWithStoredCrc()
        0      2 ?S_SHL_L02
     26      2   CDataStore::CrcOfBlocksCrcCheck()
       26      4   -> usCrc16(unsigned char const *, uint16_t)
       26      4 ?S_SHL_L02
     26      2   CDataStore::CrcOfBlocksCrcCreate()
       26      4   -> usCrc16(unsigned char const *, uint16_t)
       26      4 ?S_SHL_L02
      4      2   CDataStore::Fsm()
        4      4   -> CDataStore::WriteBlock(uint8_t *, uint16_t, uint8_t)
        4      2   -> CEeprom::StartWrite()
        4      2   -> CTimer::IsOverflow()
        4      2   -> CTimer::Set(uint16_t)
        4      4   -> CTimer::Set(uint16_t)
      2      2   CDataStore::Init()
        2      2   -> memset
    269      2   CDataStore::ReadBlock(uint8_t *, uint8_t)
      269      2   -> CEeprom::ReadByte(uint16_t)
      269      2   -> CHammingCodes::HammingCodesToBytes(uint8_t *, uint8_t *, uint16_t)
      269      2   -> memcpy
      269      2   -> usCrc16(unsigned char const *, uint16_t)
      2      2   CDataStore::Write(uint8_t *, uint16_t, uint8_t)
        2      4   -> CDataStore::WriteBlock(uint8_t *, uint16_t, uint8_t)
    266      2   CDataStore::WriteBlock(uint8_t *, uint16_t, uint8_t)
      266      2   -> CEeprom::WriteInterrupt(uint16_t, uint8_t *, uint16_t)
      266      2   -> CHammingCodes::BytesToHammingCodes(uint8_t *, uint8_t *, uint16_t)
      266      2   -> memcpy
      266      2   -> usCrc16(unsigned char const *, uint16_t)
      0      2   CDataStore::new CDataStore()
        0      2   -> CDataStore::CDataStore()
        0      2   -> operator new(unsigned int)
      4      2   CDataStore::~CDataStore()
        4      2   -> CDfa::~CDfa()
        4      2   -> CTimer::~CTimer()
        4      2   -> operator delete(void *)
      0      2   CEeprom::StartWrite()


   Segment part sizes:

   Bytes  Function/Label
   -----  --------------
       6  ??Subroutine13_0
      56  ?Subroutine0
       8  ?Subroutine1
       8  ?Subroutine10
       6  ?Subroutine11
       2  ?Subroutine12
      12  ?Subroutine2
       4  ?Subroutine3
       4  ?Subroutine4
       8  ?Subroutine5
      10  ?Subroutine6
       4  ?Subroutine7
       6  ?Subroutine8
       6  ?Subroutine9
      42  CDataStore::CDataStore()
     196  CDataStore::Check()
      68  CDataStore::CompareCurrentWithStoredCrc()
      20  CDataStore::CrcOfBlocksCrcCheck()
       8  CDataStore::CrcOfBlocksCrcCreate()
     134  CDataStore::Fsm()
      52  CDataStore::Init()
     192  CDataStore::ReadBlock(uint8_t *, uint8_t)
      36  CDataStore::Write(uint8_t *, uint16_t, uint8_t)
     168  CDataStore::WriteBlock(uint8_t *, uint16_t, uint8_t)
      22  CDataStore::new CDataStore()
      48  CDataStore::~CDataStore()
      10  CEeprom::StartWrite()
       1  _A_ACSR
       2  _A_ADC
       1  _A_ADCSRA
       1  _A_ADMUX
       1  _A_ASSR
       1  _A_DDRA
       1  _A_DDRB
       1  _A_DDRC
       1  _A_DDRD
       1  _A_DDRE
       1  _A_DDRF
       1  _A_DDRG
       2  _A_EEAR
       1  _A_EECR
       1  _A_EEDR
       1  _A_EICRA
       1  _A_EICRB
       1  _A_EIFR
       1  _A_EIMSK
       1  _A_ETIFR
       1  _A_ETIMSK
       2  _A_ICR1
       2  _A_ICR3
       1  _A_MCUCR
       1  _A_MCUCSR
       1  _A_OCDR
       1  _A_OCR0
       2  _A_OCR1A
       2  _A_OCR1B
       2  _A_OCR1C
       1  _A_OCR2
       2  _A_OCR3A
       2  _A_OCR3B
       2  _A_OCR3C
       1  _A_OSCCAL
       1  _A_PINA
       1  _A_PINB
       1  _A_PINC
       1  _A_PIND
       1  _A_PINE
       1  _A_PINF
       1  _A_PING
       1  _A_PORTA
       1  _A_PORTB
       1  _A_PORTC
       1  _A_PORTD
       1  _A_PORTE
       1  _A_PORTF
       1  _A_PORTG
       1  _A_RAMPZ
       1  _A_SFIOR
       2  _A_SP
       1  _A_SPCR
       1  _A_SPDR
       1  _A_SPMCSR
       1  _A_SPSR
       1  _A_SREG
       1  _A_TCCR0
       1  _A_TCCR1A
       1  _A_TCCR1B
       1  _A_TCCR1C
       1  _A_TCCR2
       1  _A_TCCR3A
       1  _A_TCCR3B
       1  _A_TCCR3C
       1  _A_TCNT0
       2  _A_TCNT1
       1  _A_TCNT2
       2  _A_TCNT3
       1  _A_TIFR
       1  _A_TIMSK
       1  _A_TWAR
       1  _A_TWBR
       1  _A_TWCR
       1  _A_TWDR
       1  _A_TWSR
       1  _A_UBRR0H
       1  _A_UBRR0L
       1  _A_UBRR1H
       1  _A_UBRR1L
       1  _A_UCSR0A
       1  _A_UCSR0B
       1  _A_UCSR0C
       1  _A_UCSR1A
       1  _A_UCSR1B
       1  _A_UCSR1C
       1  _A_UDR0
       1  _A_UDR1
       1  _A_WDTCR
       1  _A_XDIV
       1  _A_XMCRA
       1  _A_XMCRB
      40  -- Other

 
   105 bytes in segment ABSOLUTE
 1 136 bytes in segment CODE
    40 bytes in segment NEAR_F
 
 1 162 bytes of CODE memory (+  14 bytes shared)
     0 bytes of DATA memory (+ 105 bytes shared)

Errors: none
Warnings: none
