###############################################################################
#
# IAR C/C++ Compiler V7.10.6.1378 for Atmel AVR           09/Aug/2022  02:57:04
# Copyright 1996-2018 IAR Systems AB.
#
#    Source file  =  D:\Projects\CautoProjects\PSS48\PSS48\src\InputDevice.cpp
#    Command line =  
#        -f C:\Users\ghost\AppData\Local\Temp\EWD610.tmp
#        (--string_literals_in_flash
#        D:\Projects\CautoProjects\PSS48\PSS48\src\InputDevice.cpp --cpu=m128a
#        -ms -o D:\Projects\CautoProjects\PSS48\PSS48\Debug\Obj -lC
#        D:\Projects\CautoProjects\PSS48\PSS48\Debug\List -lB
#        D:\Projects\CautoProjects\PSS48\PSS48\Debug\List -y
#        --initializers_in_flash --root_variables --no_cse --no_inline
#        --no_code_motion --no_cross_call --no_clustering --no_tbaa --debug
#        -DENABLE_BIT_DEFINITIONS -e -I
#        D:\Projects\CautoProjects\PSS48\PSS48\include\ -I
#        D:\Projects\CautoProjects\PSS48\PSS48\Modbus\ --eeprom_size 4096
#        --dlib --dlib_config "C:\Program Files (x86)\IAR Systems\Embedded
#        Workbench 8.0\avr\LIB\DLIB\dlAVR-3s-ec_mul-n.h" -On --eec++)
#    Locale       =  Russian_RUS.1251
#    List file    =  
#        D:\Projects\CautoProjects\PSS48\PSS48\Debug\List\InputDevice.lst
#    Object file  =  
#        D:\Projects\CautoProjects\PSS48\PSS48\Debug\Obj\InputDevice.r90
#
###############################################################################

D:\Projects\CautoProjects\PSS48\PSS48\src\InputDevice.cpp
      1          //-----------------------------------------------------------------------------------------------------
      2          //  Sourse      : FileName.cpp
      3          //  Created     : 01.06.2022
      4          //  Author      : Alexandr Volvenkin
      5          //  email       : aav-36@mail.ru
      6          //  GitHub      : https://github.com/AlexandrVolvenkin
      7          //-----------------------------------------------------------------------------------------------------
      8          #include "InputDevice.h"

   \                                 In  segment CODE, align 2, keep-with-next
   \   __version_3 void CDfaLite::SetFsmState(uint8_t)
   \                     ??SetFsmState:
   \   00000000   01F8               MOVW    R31:R30, R17:R16
   \   00000002   8320               ST      Z, R18
   \   00000004   9508               RET

   \                                 In  segment CODE, align 2, keep-with-next
   \   __version_3 uint8_t CDfaLite::GetFsmState()
   \                     ??GetFsmState:
   \   00000000   01F8               MOVW    R31:R30, R17:R16
   \   00000002   8100               LD      R16, Z
   \   00000004   9508               RET

   \                                 In  segment CODE, align 2, keep-with-next
   \   __version_3 uint16_t CInputDevice::KEY_PRESSED_TIME_PUSH()
   \                     ??KEY_PRESSED_TIME_PUSH:
   \   00000000   0198               MOVW    R19:R18, R17:R16
   \   00000002   E604               LDI     R16, 100
   \   00000004   E010               LDI     R17, 0
   \   00000006   9508               RET

   \                                 In  segment CODE, align 2, keep-with-next
   \   __version_3 uint16_t CInputDevice::KEY_PRESSED_TIME_HOLD()
   \                     ??KEY_PRESSED_TIME_HOLD:
   \   00000000   0198               MOVW    R19:R18, R17:R16
   \   00000002   ED0C               LDI     R16, 220
   \   00000004   E015               LDI     R17, 5
   \   00000006   9508               RET

   \                                 In  segment CODE, align 2, keep-with-next
   \   __version_3 uint16_t CInputDevice::KEY_PRESSED_TIME_CHECK()
   \                     ??KEY_PRESSED_TIME_CHECK:
   \   00000000   0198               MOVW    R19:R18, R17:R16
   \   00000002   EB08               LDI     R16, 184
   \   00000004   E01B               LDI     R17, 11
   \   00000006   9508               RET

   \                                 In  segment CODE, align 2, keep-with-next
   \   __version_3 uint16_t CInputDevice::KEY_PRESSED_HOLD_REPEAT_TIME()
   \                     ??KEY_PRESSED_HOLD_REPEAT_TIME:
   \   00000000   0198               MOVW    R19:R18, R17:R16
   \   00000002   E302               LDI     R16, 50
   \   00000004   E010               LDI     R17, 0
   \   00000006   9508               RET

   \                                 In  segment CODE, align 2, keep-with-next
   \   __version_3 uint16_t CMultiFunctionKey::KEY_PRESSED_TIME_RECEIPT()
   \                     ??KEY_PRESSED_TIME_RECEIPT:
   \   00000000   0198               MOVW    R19:R18, R17:R16
   \   00000002   E604               LDI     R16, 100
   \   00000004   E010               LDI     R17, 0
   \   00000006   9508               RET

   \                                 In  segment CODE, align 2, keep-with-next
   \   __version_3 uint16_t CMultiFunctionKey::KEY_PRESSED_TIME_RESET()
   \                     ??KEY_PRESSED_TIME_RESET:
   \   00000000   0198               MOVW    R19:R18, R17:R16
   \   00000002   ED0C               LDI     R16, 220
   \   00000004   E015               LDI     R17, 5
   \   00000006   9508               RET

   \                                 In  segment CODE, align 2, keep-with-next
   \   __version_3 uint16_t CMultiFunctionKey::KEY_PRESSED_TIME_CHECK()
   \                     ??KEY_PRESSED_TIME_CHECK_1:
   \   00000000   0198               MOVW    R19:R18, R17:R16
   \   00000002   EB08               LDI     R16, 184
   \   00000004   E01B               LDI     R17, 11
   \   00000006   9508               RET

   \                                 In  segment CODE, align 2, keep-with-next
   \   __version_3 uint16_t CMultiFunctionKey::KEY_PRESSED_TIME_SET_DEFAULT()
   \                     ??KEY_PRESSED_TIME_SET_DEFAULT:
   \   00000000   0198               MOVW    R19:R18, R17:R16
   \   00000002   E808               LDI     R16, 136
   \   00000004   E113               LDI     R17, 19
   \   00000006   9508               RET

   \                                 In  segment CODE, align 2, keep-with-next
   \   __version_3 uint16_t CMultiFunctionKey::KEY_PRESSED_CHECK_REPEAT_TIME()
   \                     ??KEY_PRESSED_CHECK_REPEAT_TIME:
   \   00000000   0198               MOVW    R19:R18, R17:R16
   \   00000002   E302               LDI     R16, 50
   \   00000004   E010               LDI     R17, 0
   \   00000006   9508               RET
      9          
     10          //-----------------------------------------------------------------------------------------------------

   \                                 In  segment CODE, align 2, keep-with-next
     11          CInputDevice::CInputDevice()
   \                     ??CInputDevice:
   \   00000000   93BA               ST      -Y, R27
   \   00000002   93AA               ST      -Y, R26
   \   00000004   01D8               MOVW    R27:R26, R17:R16
     12          {
   \   00000006   018D               MOVW    R17:R16, R27:R26
   \   00000008   ........           CALL    ??CDfa
   \   0000000C   ....               LDI     R16, LOW(??__vtbl)
   \   0000000E   ....               LDI     R17, (??__vtbl) >> 8
   \   00000010   01FD               MOVW    R31:R30, R27:R26
   \   00000012   8301               STD     Z+1, R16
   \   00000014   8312               STD     Z+2, R17
   \   00000016   018D               MOVW    R17:R16, R27:R26
   \   00000018   5F07               SUBI    R16, 247
   \   0000001A   4F1F               SBCI    R17, 255
   \   0000001C   ........           CALL    ??CTimer
     13          
     14          }
   \   00000020   018D               MOVW    R17:R16, R27:R26
   \   00000022   91A9               LD      R26, Y+
   \   00000024   91B9               LD      R27, Y+
   \   00000026   9508               RET
     15          
     16          //-----------------------------------------------------------------------------------------------------

   \                                 In  segment CODE, align 2, keep-with-next
     17          CInputDevice::CInputDevice(uint8_t (*fpuiEventSourse)(void)) :
   \                     ??CInputDevice_1:
   \   00000000   ........           CALL    ?PROLOGUE4_L09
   \   00000004   01D8               MOVW    R27:R26, R17:R16
   \   00000006   01C9               MOVW    R25:R24, R19:R18
     18              m_fpuiEventSourse(fpuiEventSourse)
     19          {
   \   00000008   018D               MOVW    R17:R16, R27:R26
   \   0000000A   ........           CALL    ??CDfa
   \   0000000E   ....               LDI     R16, LOW(??__vtbl)
   \   00000010   ....               LDI     R17, (??__vtbl) >> 8
   \   00000012   01FD               MOVW    R31:R30, R27:R26
   \   00000014   8301               STD     Z+1, R16
   \   00000016   8312               STD     Z+2, R17
   \   00000018   01FD               MOVW    R31:R30, R27:R26
   \   0000001A   8385               STD     Z+5, R24
   \   0000001C   8396               STD     Z+6, R25
   \   0000001E   018D               MOVW    R17:R16, R27:R26
   \   00000020   5F07               SUBI    R16, 247
   \   00000022   4F1F               SBCI    R17, 255
   \   00000024   ........           CALL    ??CTimer
     20              m_uiEventCode = KEY_EVENT_UNPRESSED;
   \   00000028   01FD               MOVW    R31:R30, R27:R26
   \   0000002A   E000               LDI     R16, 0
   \   0000002C   8307               STD     Z+7, R16
     21              SetFsmState(KEY_EVENT_UNPRESSED);
   \   0000002E   E020               LDI     R18, 0
   \   00000030   018D               MOVW    R17:R16, R27:R26
   \   00000032   ........           CALL    ??SetFsmState
     22          }
   \   00000036   018D               MOVW    R17:R16, R27:R26
   \   00000038   E0E4               LDI     R30, 4
   \   0000003A   ........           JMP     ?EPILOGUE_B4_L09
     23          
     24          //-----------------------------------------------------------------------------------------------------

   \                                 In  segment CODE, align 2, keep-with-next
     25          CInputDevice::~CInputDevice()
   \                     `?~CInputDevice`:
     26          {
   \   00000000   ........           CALL    ?PROLOGUE4_L09
   \   00000004   01D8               MOVW    R27:R26, R17:R16
   \   00000006   01C9               MOVW    R25:R24, R19:R18
   \   00000008   2F0A               MOV     R16, R26
   \   0000000A   2B0B               OR      R16, R27
   \   0000000C   F0B1               BREQ    `?~CInputDevice_1`
   \   0000000E   ....               LDI     R16, LOW(??__vtbl)
   \   00000010   ....               LDI     R17, (??__vtbl) >> 8
   \   00000012   01FD               MOVW    R31:R30, R27:R26
   \   00000014   8301               STD     Z+1, R16
   \   00000016   8312               STD     Z+2, R17
     27          
     28          }
   \   00000018   E022               LDI     R18, 2
   \   0000001A   E030               LDI     R19, 0
   \   0000001C   018D               MOVW    R17:R16, R27:R26
   \   0000001E   5F07               SUBI    R16, 247
   \   00000020   4F1F               SBCI    R17, 255
   \   00000022   ........           CALL    `?~CTimer`
   \   00000026   E020               LDI     R18, 0
   \   00000028   E030               LDI     R19, 0
   \   0000002A   018D               MOVW    R17:R16, R27:R26
   \   0000002C   ........           CALL    `?~CDfa`
   \   00000030   FB80               BST     R24, 0
   \   00000032   F41E               BRTC    `?~CInputDevice_1`
   \   00000034   018D               MOVW    R17:R16, R27:R26
   \   00000036   ........           CALL    `??operator delete`
   \                     `?~CInputDevice_1`:
   \   0000003A   E0E4               LDI     R30, 4
   \   0000003C   ........           JMP     ?EPILOGUE_B4_L09
     29          
     30          //-----------------------------------------------------------------------------------------------------

   \                                 In  segment CODE, align 2, keep-with-next
     31          void CInputDevice::SetCapabilities(uint8_t (*fpuiEventSourse)(void))
   \                     ??SetCapabilities:
     32          {
   \   00000000   ........           CALL    ?PROLOGUE4_L09
   \   00000004   01D8               MOVW    R27:R26, R17:R16
   \   00000006   01C9               MOVW    R25:R24, R19:R18
     33              m_fpuiEventSourse = fpuiEventSourse;
   \   00000008   01FD               MOVW    R31:R30, R27:R26
   \   0000000A   8385               STD     Z+5, R24
   \   0000000C   8396               STD     Z+6, R25
     34              m_uiEventCode = KEY_EVENT_UNPRESSED;
   \   0000000E   01FD               MOVW    R31:R30, R27:R26
   \   00000010   E000               LDI     R16, 0
   \   00000012   8307               STD     Z+7, R16
     35              SetFsmState(KEY_EVENT_UNPRESSED);
   \   00000014   E020               LDI     R18, 0
   \   00000016   018D               MOVW    R17:R16, R27:R26
   \   00000018   ........           CALL    ??SetFsmState
     36          }
   \   0000001C   E0E4               LDI     R30, 4
   \   0000001E   ........           JMP     ?EPILOGUE_B4_L09
     37          
     38          //-----------------------------------------------------------------------------------------------------

   \                                 In  segment CODE, align 2, keep-with-next
     39          uint8_t CInputDevice::EventHappened(void)
   \                     ??EventHappened:
     40          {
   \   00000000   93BA               ST      -Y, R27
   \   00000002   93AA               ST      -Y, R26
   \   00000004   01D8               MOVW    R27:R26, R17:R16
     41              if (m_fpuiEventSourse())
   \   00000006   9615               ADIW    R27:R26, 5
   \   00000008   91ED               LD      R30, X+
   \   0000000A   91FC               LD      R31, X
   \   0000000C   9716               SBIW    R27:R26, 6
   \   0000000E   9509               ICALL
   \   00000010   2300               TST     R16
   \   00000012   F011               BREQ    ??EventHappened_1
     42              {
     43                  return 1;
   \   00000014   E001               LDI     R16, 1
   \   00000016   C001               RJMP    ??EventHappened_2
     44              }
     45              else
     46              {
     47                  return 0;
   \                     ??EventHappened_1:
   \   00000018   E000               LDI     R16, 0
   \                     ??EventHappened_2:
   \   0000001A   91A9               LD      R26, Y+
   \   0000001C   91B9               LD      R27, Y+
   \   0000001E   9508               RET
     48              }
     49          
     50          }
     51          
     52          //-----------------------------------------------------------------------------------------------------

   \                                 In  segment CODE, align 2, keep-with-next
     53          uint8_t CInputDevice::KeyEventHappened(uint8_t uiCode)
   \                     ??KeyEventHappened:
     54          {
   \   00000000   ........           CALL    ?PROLOGUE4_L09
   \   00000004   01D8               MOVW    R27:R26, R17:R16
   \   00000006   2F82               MOV     R24, R18
     55              Fsm();
   \   00000008   018D               MOVW    R17:R16, R27:R26
   \   0000000A   01FD               MOVW    R31:R30, R27:R26
   \   0000000C   8121               LDD     R18, Z+1
   \   0000000E   8132               LDD     R19, Z+2
   \   00000010   01F9               MOVW    R31:R30, R19:R18
   \   00000012   9632               ADIW    R31:R30, 2
   \   00000014   9125               LPM     R18, Z+
   \   00000016   9134               LPM     R19, Z
   \   00000018   9733               SBIW    R31:R30, 3
   \   0000001A   01F9               MOVW    R31:R30, R19:R18
   \   0000001C   9509               ICALL
     56          
     57              if (m_uiEventCode == uiCode)
   \   0000001E   01FD               MOVW    R31:R30, R27:R26
   \   00000020   8107               LDD     R16, Z+7
   \   00000022   1708               CP      R16, R24
   \   00000024   F441               BRNE    ??KeyEventHappened_1
     58              {
     59                  m_uiEventCode = KEY_EVENT_UNPRESSED;
   \   00000026   01FD               MOVW    R31:R30, R27:R26
   \   00000028   E000               LDI     R16, 0
   \   0000002A   8307               STD     Z+7, R16
     60                  m_uiPreliminaryEventCode = KEY_EVENT_UNPRESSED;
   \   0000002C   01FD               MOVW    R31:R30, R27:R26
   \   0000002E   E000               LDI     R16, 0
   \   00000030   8700               STD     Z+8, R16
     61                  return 1;
   \   00000032   E001               LDI     R16, 1
   \   00000034   C001               RJMP    ??KeyEventHappened_2
     62              }
     63              else
     64              {
     65                  return 0;
   \                     ??KeyEventHappened_1:
   \   00000036   E000               LDI     R16, 0
   \                     ??KeyEventHappened_2:
   \   00000038   E0E4               LDI     R30, 4
   \   0000003A   ........           JMP     ?EPILOGUE_B4_L09
     66              }
     67          
     68          }
     69          
     70          //-----------------------------------------------------------------------------------------------------

   \                                 In  segment CODE, align 2, keep-with-next
     71          void CInputDevice::Fsm(void)
   \                     ??Fsm:
     72          {
   \   00000000   93BA               ST      -Y, R27
   \   00000002   93AA               ST      -Y, R26
   \   00000004   01D8               MOVW    R27:R26, R17:R16
     73              // какое событие обрабатываем?
     74              switch (GetFsmState())
   \   00000006   018D               MOVW    R17:R16, R27:R26
   \   00000008   ........           CALL    ??GetFsmState
   \   0000000C   5000               SUBI    R16, 0
   \   0000000E   F059               BREQ    ??Fsm_2
   \   00000010   950A               DEC     R16
   \   00000012   F071               BREQ    ??Fsm_3
   \   00000014   950A               DEC     R16
   \   00000016   F131               BREQ    ??Fsm_4
   \   00000018   950A               DEC     R16
   \   0000001A   F409               BRNE    $+2+2
   \   0000001C   C04C               RJMP    ??Fsm_5
   \   0000001E   5003               SUBI    R16, 3
   \   00000020   F409               BRNE    $+2+2
   \   00000022   C072               RJMP    ??Fsm_6
   \   00000024   C095               RJMP    ??Fsm_7
     75              {
     76              case KEY_EVENT_UNPRESSED:
     77                  SetFsmState(KEY_EVENT_WAITING_PRESSED);
   \                     ??Fsm_2:
   \   00000026   E021               LDI     R18, 1
   \   00000028   018D               MOVW    R17:R16, R27:R26
   \   0000002A   ........           CALL    ??SetFsmState
     78                  break;
   \   0000002E   C090               RJMP    ??Fsm_7
     79          
     80              case KEY_EVENT_WAITING_PRESSED:
     81                  // кнопка нажата?
     82                  if (EventHappened())
   \                     ??Fsm_3:
   \   00000030   018D               MOVW    R17:R16, R27:R26
   \   00000032   ....               RCALL   ??EventHappened
   \   00000034   2300               TST     R16
   \   00000036   F0A9               BREQ    ??Fsm_8
     83                  {
     84                      m_xTimer.Set(KEY_PRESSED_TIME_PUSH());
   \   00000038   018D               MOVW    R17:R16, R27:R26
   \   0000003A   9611               ADIW    R27:R26, 1
   \   0000003C   91ED               LD      R30, X+
   \   0000003E   91FC               LD      R31, X
   \   00000040   9712               SBIW    R27:R26, 2
   \   00000042   9634               ADIW    R31:R30, 4
   \   00000044   9125               LPM     R18, Z+
   \   00000046   9134               LPM     R19, Z
   \   00000048   9735               SBIW    R31:R30, 5
   \   0000004A   01F9               MOVW    R31:R30, R19:R18
   \   0000004C   9509               ICALL
   \   0000004E   0198               MOVW    R19:R18, R17:R16
   \   00000050   018D               MOVW    R17:R16, R27:R26
   \   00000052   5F07               SUBI    R16, 247
   \   00000054   4F1F               SBCI    R17, 255
   \   00000056   ........           CALL    ??Set
     85                      SetFsmState(KEY_EVENT_PRESSED_PUSH);
   \   0000005A   E022               LDI     R18, 2
   \   0000005C   018D               MOVW    R17:R16, R27:R26
   \   0000005E   ........           CALL    ??SetFsmState
     86                  }
     87                  break;
   \                     ??Fsm_8:
   \   00000062   C076               RJMP    ??Fsm_7
     88              case KEY_EVENT_PRESSED_PUSH:
     89                  // кнопка нажата?
     90                  if (EventHappened())
   \                     ??Fsm_4:
   \   00000064   018D               MOVW    R17:R16, R27:R26
   \   00000066   ....               RCALL   ??EventHappened
   \   00000068   2300               TST     R16
   \   0000006A   F101               BREQ    ??Fsm_9
     91                  {
     92                      if (m_xTimer.IsOverflow())
   \   0000006C   018D               MOVW    R17:R16, R27:R26
   \   0000006E   5F07               SUBI    R16, 247
   \   00000070   4F1F               SBCI    R17, 255
   \   00000072   ........           CALL    ??IsOverflow
   \   00000076   2300               TST     R16
   \   00000078   F0E9               BREQ    ??Fsm_10
     93                      {
     94                          m_xTimer.Set(KEY_PRESSED_TIME_HOLD());
   \   0000007A   018D               MOVW    R17:R16, R27:R26
   \   0000007C   9611               ADIW    R27:R26, 1
   \   0000007E   91ED               LD      R30, X+
   \   00000080   91FC               LD      R31, X
   \   00000082   9712               SBIW    R27:R26, 2
   \   00000084   9636               ADIW    R31:R30, 6
   \   00000086   9125               LPM     R18, Z+
   \   00000088   9134               LPM     R19, Z
   \   0000008A   9737               SBIW    R31:R30, 7
   \   0000008C   01F9               MOVW    R31:R30, R19:R18
   \   0000008E   9509               ICALL
   \   00000090   0198               MOVW    R19:R18, R17:R16
   \   00000092   018D               MOVW    R17:R16, R27:R26
   \   00000094   5F07               SUBI    R16, 247
   \   00000096   4F1F               SBCI    R17, 255
   \   00000098   ........           CALL    ??Set
     95                          m_uiEventCode = KEY_EVENT_PRESSED_PUSH;
   \   0000009C   01FD               MOVW    R31:R30, R27:R26
   \   0000009E   E002               LDI     R16, 2
   \   000000A0   8307               STD     Z+7, R16
     96                          SetFsmState(KEY_EVENT_PRESSED_HOLD);
   \   000000A2   E023               LDI     R18, 3
   \   000000A4   018D               MOVW    R17:R16, R27:R26
   \   000000A6   ........           CALL    ??SetFsmState
   \   000000AA   C052               RJMP    ??Fsm_7
     97          
     98                      }
     99                  }
    100                  else
    101                  {
    102                      SetFsmState(KEY_EVENT_UNPRESSED);
   \                     ??Fsm_9:
   \   000000AC   E020               LDI     R18, 0
   \   000000AE   018D               MOVW    R17:R16, R27:R26
   \   000000B0   ........           CALL    ??SetFsmState
    103                  }
    104                  break;
   \                     ??Fsm_10:
   \   000000B4   C04D               RJMP    ??Fsm_7
    105              case KEY_EVENT_PRESSED_HOLD:
    106                  // кнопка нажата?
    107                  if (EventHappened())
   \                     ??Fsm_5:
   \   000000B6   018D               MOVW    R17:R16, R27:R26
   \   000000B8   ....               RCALL   ??EventHappened
   \   000000BA   2300               TST     R16
   \   000000BC   F101               BREQ    ??Fsm_11
    108                  {
    109                      if (m_xTimer.IsOverflow())
   \   000000BE   018D               MOVW    R17:R16, R27:R26
   \   000000C0   5F07               SUBI    R16, 247
   \   000000C2   4F1F               SBCI    R17, 255
   \   000000C4   ........           CALL    ??IsOverflow
   \   000000C8   2300               TST     R16
   \   000000CA   F0E9               BREQ    ??Fsm_12
    110                      {
    111                          m_xTimer.Set(KEY_PRESSED_HOLD_REPEAT_TIME());
   \   000000CC   018D               MOVW    R17:R16, R27:R26
   \   000000CE   9611               ADIW    R27:R26, 1
   \   000000D0   91ED               LD      R30, X+
   \   000000D2   91FC               LD      R31, X
   \   000000D4   9712               SBIW    R27:R26, 2
   \   000000D6   963A               ADIW    R31:R30, 10
   \   000000D8   9125               LPM     R18, Z+
   \   000000DA   9134               LPM     R19, Z
   \   000000DC   973B               SBIW    R31:R30, 11
   \   000000DE   01F9               MOVW    R31:R30, R19:R18
   \   000000E0   9509               ICALL
   \   000000E2   0198               MOVW    R19:R18, R17:R16
   \   000000E4   018D               MOVW    R17:R16, R27:R26
   \   000000E6   5F07               SUBI    R16, 247
   \   000000E8   4F1F               SBCI    R17, 255
   \   000000EA   ........           CALL    ??Set
    112                          m_uiEventCode = KEY_EVENT_PRESSED_HOLD;
   \   000000EE   01FD               MOVW    R31:R30, R27:R26
   \   000000F0   E003               LDI     R16, 3
   \   000000F2   8307               STD     Z+7, R16
    113                          SetFsmState(KEY_EVENT_PRESSED_REPEAT);
   \   000000F4   E026               LDI     R18, 6
   \   000000F6   018D               MOVW    R17:R16, R27:R26
   \   000000F8   ........           CALL    ??SetFsmState
   \   000000FC   C029               RJMP    ??Fsm_7
    114          
    115                      }
    116                  }
    117                  else
    118                  {
    119                      SetFsmState(KEY_EVENT_UNPRESSED);
   \                     ??Fsm_11:
   \   000000FE   E020               LDI     R18, 0
   \   00000100   018D               MOVW    R17:R16, R27:R26
   \   00000102   ........           CALL    ??SetFsmState
    120                  }
    121                  break;
   \                     ??Fsm_12:
   \   00000106   C024               RJMP    ??Fsm_7
    122          
    123              case KEY_EVENT_PRESSED_REPEAT:
    124                  // кнопка нажата?
    125                  if (EventHappened())
   \                     ??Fsm_6:
   \   00000108   018D               MOVW    R17:R16, R27:R26
   \   0000010A   ....               RCALL   ??EventHappened
   \   0000010C   2300               TST     R16
   \   0000010E   F0E1               BREQ    ??Fsm_13
    126                  {
    127                      if (m_xTimer.IsOverflow())
   \   00000110   018D               MOVW    R17:R16, R27:R26
   \   00000112   5F07               SUBI    R16, 247
   \   00000114   4F1F               SBCI    R17, 255
   \   00000116   ........           CALL    ??IsOverflow
   \   0000011A   2300               TST     R16
   \   0000011C   F0C9               BREQ    ??Fsm_7
    128                      {
    129                          m_xTimer.Set(KEY_PRESSED_HOLD_REPEAT_TIME());
   \   0000011E   018D               MOVW    R17:R16, R27:R26
   \   00000120   9611               ADIW    R27:R26, 1
   \   00000122   91ED               LD      R30, X+
   \   00000124   91FC               LD      R31, X
   \   00000126   9712               SBIW    R27:R26, 2
   \   00000128   963A               ADIW    R31:R30, 10
   \   0000012A   9125               LPM     R18, Z+
   \   0000012C   9134               LPM     R19, Z
   \   0000012E   973B               SBIW    R31:R30, 11
   \   00000130   01F9               MOVW    R31:R30, R19:R18
   \   00000132   9509               ICALL
   \   00000134   0198               MOVW    R19:R18, R17:R16
   \   00000136   018D               MOVW    R17:R16, R27:R26
   \   00000138   5F07               SUBI    R16, 247
   \   0000013A   4F1F               SBCI    R17, 255
   \   0000013C   ........           CALL    ??Set
    130                          m_uiEventCode = KEY_EVENT_PRESSED_REPEAT;
   \   00000140   01FD               MOVW    R31:R30, R27:R26
   \   00000142   E006               LDI     R16, 6
   \   00000144   8307               STD     Z+7, R16
   \   00000146   C004               RJMP    ??Fsm_7
    131                      }
    132                  }
    133                  else
    134                  {
    135                      SetFsmState(KEY_EVENT_UNPRESSED);
   \                     ??Fsm_13:
   \   00000148   E020               LDI     R18, 0
   \   0000014A   018D               MOVW    R17:R16, R27:R26
   \   0000014C   ........           CALL    ??SetFsmState
    136                  }
    137                  break;
    138              default:
    139                  break;
    140              }
    141          }
   \                     ??Fsm_7:
   \   00000150   91A9               LD      R26, Y+
   \   00000152   91B9               LD      R27, Y+
   \   00000154   9508               RET
    142          //-----------------------------------------------------------------------------------------------------
    143          
    144          
    145          
    146          
    147          
    148          
    149          //-----------------------------------------------------------------------------------------------------

   \                                 In  segment CODE, align 2, keep-with-next
    150          CMultiFunctionKey::CMultiFunctionKey()
   \                     ??CMultiFunctionKey:
   \   00000000   93BA               ST      -Y, R27
   \   00000002   93AA               ST      -Y, R26
   \   00000004   01D8               MOVW    R27:R26, R17:R16
    151          {
   \   00000006   018D               MOVW    R17:R16, R27:R26
   \   00000008   ....               RCALL   ??CInputDevice
   \   0000000A   ....               LDI     R16, LOW(??__vtbl_1)
   \   0000000C   ....               LDI     R17, (??__vtbl_1) >> 8
   \   0000000E   01FD               MOVW    R31:R30, R27:R26
   \   00000010   8301               STD     Z+1, R16
   \   00000012   8312               STD     Z+2, R17
    152          
    153          }
   \   00000014   018D               MOVW    R17:R16, R27:R26
   \   00000016   91A9               LD      R26, Y+
   \   00000018   91B9               LD      R27, Y+
   \   0000001A   9508               RET
    154          
    155          //-----------------------------------------------------------------------------------------------------

   \                                 In  segment CODE, align 2, keep-with-next
    156          CMultiFunctionKey::CMultiFunctionKey(uint8_t (*fpuiEventSourse)(void))
   \                     ??CMultiFunctionKey_1:
   \   00000000   ........           CALL    ?PROLOGUE4_L09
   \   00000004   01D8               MOVW    R27:R26, R17:R16
   \   00000006   01C9               MOVW    R25:R24, R19:R18
    157          {
   \   00000008   018D               MOVW    R17:R16, R27:R26
   \   0000000A   ....               RCALL   ??CInputDevice
   \   0000000C   ....               LDI     R16, LOW(??__vtbl_1)
   \   0000000E   ....               LDI     R17, (??__vtbl_1) >> 8
   \   00000010   01FD               MOVW    R31:R30, R27:R26
   \   00000012   8301               STD     Z+1, R16
   \   00000014   8312               STD     Z+2, R17
    158              m_fpuiEventSourse = fpuiEventSourse;
   \   00000016   01FD               MOVW    R31:R30, R27:R26
   \   00000018   8385               STD     Z+5, R24
   \   0000001A   8396               STD     Z+6, R25
    159              m_uiPreliminaryEventCode = KEY_EVENT_UNPRESSED;
   \   0000001C   01FD               MOVW    R31:R30, R27:R26
   \   0000001E   E000               LDI     R16, 0
   \   00000020   8700               STD     Z+8, R16
    160              m_uiEventCode = KEY_EVENT_UNPRESSED;
   \   00000022   01FD               MOVW    R31:R30, R27:R26
   \   00000024   E000               LDI     R16, 0
   \   00000026   8307               STD     Z+7, R16
    161              SetFsmState(KEY_EVENT_UNPRESSED);
   \   00000028   E020               LDI     R18, 0
   \   0000002A   018D               MOVW    R17:R16, R27:R26
   \   0000002C   ........           CALL    ??SetFsmState
    162          }
   \   00000030   018D               MOVW    R17:R16, R27:R26
   \   00000032   E0E4               LDI     R30, 4
   \   00000034   ........           JMP     ?EPILOGUE_B4_L09
    163          
    164          //-----------------------------------------------------------------------------------------------------

   \                                 In  segment CODE, align 2, keep-with-next
    165          CMultiFunctionKey::~CMultiFunctionKey()
   \                     `?~CMultiFunctionKey`:
    166          {
   \   00000000   ........           CALL    ?PROLOGUE4_L09
   \   00000004   01C8               MOVW    R25:R24, R17:R16
   \   00000006   01D9               MOVW    R27:R26, R19:R18
   \   00000008   2F08               MOV     R16, R24
   \   0000000A   2B09               OR      R16, R25
   \   0000000C   F049               BREQ    `?~CMultiFunctionKey_1`
    167          
    168          }
   \   0000000E   E020               LDI     R18, 0
   \   00000010   E030               LDI     R19, 0
   \   00000012   018C               MOVW    R17:R16, R25:R24
   \   00000014   ....               RCALL   `?~CInputDevice`
   \   00000016   FBA0               BST     R26, 0
   \   00000018   F41E               BRTC    `?~CMultiFunctionKey_1`
   \   0000001A   018C               MOVW    R17:R16, R25:R24
   \   0000001C   ........           CALL    `??operator delete`
   \                     `?~CMultiFunctionKey_1`:
   \   00000020   E0E4               LDI     R30, 4
   \   00000022   ........           JMP     ?EPILOGUE_B4_L09
    169          
    170          //-----------------------------------------------------------------------------------------------------

   \                                 In  segment CODE, align 2, keep-with-next
    171          void CMultiFunctionKey::Fsm(void)
   \                     ??Fsm_1:
    172          {
   \   00000000   93BA               ST      -Y, R27
   \   00000002   93AA               ST      -Y, R26
   \   00000004   01D8               MOVW    R27:R26, R17:R16
    173              // какое событие обрабатываем?
    174              switch (GetFsmState())
   \   00000006   018D               MOVW    R17:R16, R27:R26
   \   00000008   ........           CALL    ??GetFsmState
   \   0000000C   5000               SUBI    R16, 0
   \   0000000E   F089               BREQ    ??Fsm_14
   \   00000010   950A               DEC     R16
   \   00000012   F0C1               BREQ    ??Fsm_15
   \   00000014   950A               DEC     R16
   \   00000016   F141               BREQ    ??Fsm_16
   \   00000018   950A               DEC     R16
   \   0000001A   F409               BRNE    $+2+2
   \   0000001C   C04A               RJMP    ??Fsm_17
   \   0000001E   950A               DEC     R16
   \   00000020   F409               BRNE    $+2+2
   \   00000022   C074               RJMP    ??Fsm_18
   \   00000024   950A               DEC     R16
   \   00000026   F409               BRNE    $+2+2
   \   00000028   C096               RJMP    ??Fsm_19
   \   0000002A   5002               SUBI    R16, 2
   \   0000002C   F409               BRNE    $+2+2
   \   0000002E   C0B8               RJMP    ??Fsm_20
   \   00000030   C0BF               RJMP    ??Fsm_21
    175              {
    176              case KEY_EVENT_UNPRESSED:
    177                  m_uiEventCode = m_uiPreliminaryEventCode;
   \                     ??Fsm_14:
   \   00000032   01FD               MOVW    R31:R30, R27:R26
   \   00000034   8500               LDD     R16, Z+8
   \   00000036   01FD               MOVW    R31:R30, R27:R26
   \   00000038   8307               STD     Z+7, R16
    178                  SetFsmState(KEY_EVENT_WAITING_PRESSED);
   \   0000003A   E021               LDI     R18, 1
   \   0000003C   018D               MOVW    R17:R16, R27:R26
   \   0000003E   ........           CALL    ??SetFsmState
    179                  break;
   \   00000042   C0B6               RJMP    ??Fsm_21
    180          
    181              case KEY_EVENT_WAITING_PRESSED:
    182                  // кнопка нажата?
    183                  if (EventHappened())
   \                     ??Fsm_15:
   \   00000044   018D               MOVW    R17:R16, R27:R26
   \   00000046   ....               RCALL   ??EventHappened
   \   00000048   2300               TST     R16
   \   0000004A   F069               BREQ    ??Fsm_22
    184                  {
    185                      m_xTimer.Set(KEY_PRESSED_TIME_RECEIPT());
   \   0000004C   018D               MOVW    R17:R16, R27:R26
   \   0000004E   ........           CALL    ??KEY_PRESSED_TIME_RECEIPT
   \   00000052   0198               MOVW    R19:R18, R17:R16
   \   00000054   018D               MOVW    R17:R16, R27:R26
   \   00000056   5F07               SUBI    R16, 247
   \   00000058   4F1F               SBCI    R17, 255
   \   0000005A   ........           CALL    ??Set
    186                      SetFsmState(KEY_EVENT_PRESSED_RECEIPT);
   \   0000005E   E022               LDI     R18, 2
   \   00000060   018D               MOVW    R17:R16, R27:R26
   \   00000062   ........           CALL    ??SetFsmState
    187                  }
    188                  break;
   \                     ??Fsm_22:
   \   00000066   C0A4               RJMP    ??Fsm_21
    189              case KEY_EVENT_PRESSED_RECEIPT:
    190                  // кнопка нажата?
    191                  if (EventHappened())
   \                     ??Fsm_16:
   \   00000068   018D               MOVW    R17:R16, R27:R26
   \   0000006A   ....               RCALL   ??EventHappened
   \   0000006C   2300               TST     R16
   \   0000006E   F0C1               BREQ    ??Fsm_23
    192                  {
    193                      if (m_xTimer.IsOverflow())
   \   00000070   018D               MOVW    R17:R16, R27:R26
   \   00000072   5F07               SUBI    R16, 247
   \   00000074   4F1F               SBCI    R17, 255
   \   00000076   ........           CALL    ??IsOverflow
   \   0000007A   2300               TST     R16
   \   0000007C   F0C9               BREQ    ??Fsm_24
    194                      {
    195                          m_xTimer.Set(KEY_PRESSED_TIME_RESET());
   \   0000007E   018D               MOVW    R17:R16, R27:R26
   \   00000080   ........           CALL    ??KEY_PRESSED_TIME_RESET
   \   00000084   0198               MOVW    R19:R18, R17:R16
   \   00000086   018D               MOVW    R17:R16, R27:R26
   \   00000088   5F07               SUBI    R16, 247
   \   0000008A   4F1F               SBCI    R17, 255
   \   0000008C   ........           CALL    ??Set
    196                          m_uiPreliminaryEventCode = KEY_EVENT_PRESSED_RECEIPT;
   \   00000090   01FD               MOVW    R31:R30, R27:R26
   \   00000092   E002               LDI     R16, 2
   \   00000094   8700               STD     Z+8, R16
    197                          SetFsmState(KEY_EVENT_PRESSED_RESET);
   \   00000096   E023               LDI     R18, 3
   \   00000098   018D               MOVW    R17:R16, R27:R26
   \   0000009A   ........           CALL    ??SetFsmState
   \   0000009E   C088               RJMP    ??Fsm_21
    198                      }
    199                  }
    200                  else
    201                  {
    202                      m_uiEventCode = m_uiPreliminaryEventCode;
   \                     ??Fsm_23:
   \   000000A0   01FD               MOVW    R31:R30, R27:R26
   \   000000A2   8500               LDD     R16, Z+8
   \   000000A4   01FD               MOVW    R31:R30, R27:R26
   \   000000A6   8307               STD     Z+7, R16
    203                      SetFsmState(KEY_EVENT_UNPRESSED);
   \   000000A8   E020               LDI     R18, 0
   \   000000AA   018D               MOVW    R17:R16, R27:R26
   \   000000AC   ........           CALL    ??SetFsmState
    204                  }
    205                  break;
   \                     ??Fsm_24:
   \   000000B0   C07F               RJMP    ??Fsm_21
    206              case KEY_EVENT_PRESSED_RESET:
    207                  // кнопка нажата?
    208                  if (EventHappened())
   \                     ??Fsm_17:
   \   000000B2   018D               MOVW    R17:R16, R27:R26
   \   000000B4   ....               RCALL   ??EventHappened
   \   000000B6   2300               TST     R16
   \   000000B8   F101               BREQ    ??Fsm_25
    209                  {
    210                      if (m_xTimer.IsOverflow())
   \   000000BA   018D               MOVW    R17:R16, R27:R26
   \   000000BC   5F07               SUBI    R16, 247
   \   000000BE   4F1F               SBCI    R17, 255
   \   000000C0   ........           CALL    ??IsOverflow
   \   000000C4   2300               TST     R16
   \   000000C6   F109               BREQ    ??Fsm_26
    211                      {
    212                          m_xTimer.Set(KEY_PRESSED_TIME_CHECK());
   \   000000C8   018D               MOVW    R17:R16, R27:R26
   \   000000CA   9611               ADIW    R27:R26, 1
   \   000000CC   91ED               LD      R30, X+
   \   000000CE   91FC               LD      R31, X
   \   000000D0   9712               SBIW    R27:R26, 2
   \   000000D2   9638               ADIW    R31:R30, 8
   \   000000D4   9125               LPM     R18, Z+
   \   000000D6   9134               LPM     R19, Z
   \   000000D8   9739               SBIW    R31:R30, 9
   \   000000DA   01F9               MOVW    R31:R30, R19:R18
   \   000000DC   9509               ICALL
   \   000000DE   0198               MOVW    R19:R18, R17:R16
   \   000000E0   018D               MOVW    R17:R16, R27:R26
   \   000000E2   5F07               SUBI    R16, 247
   \   000000E4   4F1F               SBCI    R17, 255
   \   000000E6   ........           CALL    ??Set
    213                          m_uiPreliminaryEventCode = KEY_EVENT_PRESSED_RESET;
   \   000000EA   01FD               MOVW    R31:R30, R27:R26
   \   000000EC   E003               LDI     R16, 3
   \   000000EE   8700               STD     Z+8, R16
    214                          SetFsmState(KEY_EVENT_PRESSED_CHECK);
   \   000000F0   E024               LDI     R18, 4
   \   000000F2   018D               MOVW    R17:R16, R27:R26
   \   000000F4   ........           CALL    ??SetFsmState
   \   000000F8   C05B               RJMP    ??Fsm_21
    215          
    216                      }
    217                  }
    218                  else
    219                  {
    220                      m_uiEventCode = m_uiPreliminaryEventCode;
   \                     ??Fsm_25:
   \   000000FA   01FD               MOVW    R31:R30, R27:R26
   \   000000FC   8500               LDD     R16, Z+8
   \   000000FE   01FD               MOVW    R31:R30, R27:R26
   \   00000100   8307               STD     Z+7, R16
    221                      SetFsmState(KEY_EVENT_UNPRESSED);
   \   00000102   E020               LDI     R18, 0
   \   00000104   018D               MOVW    R17:R16, R27:R26
   \   00000106   ........           CALL    ??SetFsmState
    222                  }
    223                  break;
   \                     ??Fsm_26:
   \   0000010A   C052               RJMP    ??Fsm_21
    224          
    225              case KEY_EVENT_PRESSED_CHECK:
    226                  // кнопка нажата?
    227                  if (EventHappened())
   \                     ??Fsm_18:
   \   0000010C   018D               MOVW    R17:R16, R27:R26
   \   0000010E   ....               RCALL   ??EventHappened
   \   00000110   2300               TST     R16
   \   00000112   F0C1               BREQ    ??Fsm_27
    228                  {
    229                      if (m_xTimer.IsOverflow())
   \   00000114   018D               MOVW    R17:R16, R27:R26
   \   00000116   5F07               SUBI    R16, 247
   \   00000118   4F1F               SBCI    R17, 255
   \   0000011A   ........           CALL    ??IsOverflow
   \   0000011E   2300               TST     R16
   \   00000120   F0C9               BREQ    ??Fsm_28
    230                      {
    231                          m_xTimer.Set(KEY_PRESSED_TIME_SET_DEFAULT());
   \   00000122   018D               MOVW    R17:R16, R27:R26
   \   00000124   ........           CALL    ??KEY_PRESSED_TIME_SET_DEFAULT
   \   00000128   0198               MOVW    R19:R18, R17:R16
   \   0000012A   018D               MOVW    R17:R16, R27:R26
   \   0000012C   5F07               SUBI    R16, 247
   \   0000012E   4F1F               SBCI    R17, 255
   \   00000130   ........           CALL    ??Set
    232                          m_uiPreliminaryEventCode = KEY_EVENT_PRESSED_CHECK;
   \   00000134   01FD               MOVW    R31:R30, R27:R26
   \   00000136   E004               LDI     R16, 4
   \   00000138   8700               STD     Z+8, R16
    233                          SetFsmState(KEY_EVENT_PRESSED_SET_DEFAULT);
   \   0000013A   E025               LDI     R18, 5
   \   0000013C   018D               MOVW    R17:R16, R27:R26
   \   0000013E   ........           CALL    ??SetFsmState
   \   00000142   C036               RJMP    ??Fsm_21
    234          
    235                      }
    236                  }
    237                  else
    238                  {
    239                      m_uiEventCode = m_uiPreliminaryEventCode;
   \                     ??Fsm_27:
   \   00000144   01FD               MOVW    R31:R30, R27:R26
   \   00000146   8500               LDD     R16, Z+8
   \   00000148   01FD               MOVW    R31:R30, R27:R26
   \   0000014A   8307               STD     Z+7, R16
    240                      SetFsmState(KEY_EVENT_UNPRESSED);
   \   0000014C   E020               LDI     R18, 0
   \   0000014E   018D               MOVW    R17:R16, R27:R26
   \   00000150   ........           CALL    ??SetFsmState
    241                  }
    242                  break;
   \                     ??Fsm_28:
   \   00000154   C02D               RJMP    ??Fsm_21
    243          
    244              case KEY_EVENT_PRESSED_SET_DEFAULT:
    245                  // кнопка нажата?
    246                  if (EventHappened())
   \                     ??Fsm_19:
   \   00000156   018D               MOVW    R17:R16, R27:R26
   \   00000158   ....               RCALL   ??EventHappened
   \   0000015A   2300               TST     R16
   \   0000015C   F0E1               BREQ    ??Fsm_29
    247                  {
    248                      if (m_xTimer.IsOverflow())
   \   0000015E   018D               MOVW    R17:R16, R27:R26
   \   00000160   5F07               SUBI    R16, 247
   \   00000162   4F1F               SBCI    R17, 255
   \   00000164   ........           CALL    ??IsOverflow
   \   00000168   2300               TST     R16
   \   0000016A   F111               BREQ    ??Fsm_21
    249                      {
    250                          m_xTimer.Set(KEY_PRESSED_CHECK_REPEAT_TIME());
   \   0000016C   018D               MOVW    R17:R16, R27:R26
   \   0000016E   ........           CALL    ??KEY_PRESSED_CHECK_REPEAT_TIME
   \   00000172   0198               MOVW    R19:R18, R17:R16
   \   00000174   018D               MOVW    R17:R16, R27:R26
   \   00000176   5F07               SUBI    R16, 247
   \   00000178   4F1F               SBCI    R17, 255
   \   0000017A   ........           CALL    ??Set
    251                          m_uiPreliminaryEventCode = KEY_EVENT_PRESSED_SET_DEFAULT;
   \   0000017E   01FD               MOVW    R31:R30, R27:R26
   \   00000180   E005               LDI     R16, 5
   \   00000182   8700               STD     Z+8, R16
    252                          m_uiEventCode = m_uiPreliminaryEventCode;
   \   00000184   01FD               MOVW    R31:R30, R27:R26
   \   00000186   8500               LDD     R16, Z+8
   \   00000188   01FD               MOVW    R31:R30, R27:R26
   \   0000018A   8307               STD     Z+7, R16
    253                          SetFsmState(KEY_EVENT_UNPRESSED_WAITING);
   \   0000018C   E027               LDI     R18, 7
   \   0000018E   018D               MOVW    R17:R16, R27:R26
   \   00000190   ........           CALL    ??SetFsmState
   \   00000194   C00D               RJMP    ??Fsm_21
    254          
    255                      }
    256                  }
    257                  else
    258                  {
    259          //            m_uiEventCode = m_uiPreliminaryEventCode;
    260                      SetFsmState(KEY_EVENT_UNPRESSED);
   \                     ??Fsm_29:
   \   00000196   E020               LDI     R18, 0
   \   00000198   018D               MOVW    R17:R16, R27:R26
   \   0000019A   ........           CALL    ??SetFsmState
    261                  }
    262                  break;
   \   0000019E   C008               RJMP    ??Fsm_21
    263          
    264              case KEY_EVENT_UNPRESSED_WAITING:
    265                  // кнопка нажата?
    266                  if (!(EventHappened()))
   \                     ??Fsm_20:
   \   000001A0   018D               MOVW    R17:R16, R27:R26
   \   000001A2   ....               RCALL   ??EventHappened
   \   000001A4   2300               TST     R16
   \   000001A6   F421               BRNE    ??Fsm_21
    267                  {
    268                      SetFsmState(KEY_EVENT_UNPRESSED);
   \   000001A8   E020               LDI     R18, 0
   \   000001AA   018D               MOVW    R17:R16, R27:R26
   \   000001AC   ........           CALL    ??SetFsmState
    269                  }
    270                  break;
    271          
    272          
    273              default:
    274                  break;
    275              }
    276          }
   \                     ??Fsm_21:
   \   000001B0   91A9               LD      R26, Y+
   \   000001B2   91B9               LD      R27, Y+
   \   000001B4   9508               RET

   \                                 In  segment CODE, align 2, keep-with-next
   \   __version_3 CInputDevice &CInputDevice::new CInputDevice()
   \                     `??new CInputDevice`:
   \   00000000   E00F               LDI     R16, 15
   \   00000002   E010               LDI     R17, 0
   \   00000004   ........           CALL    `??operator new`
   \   00000008   2F20               MOV     R18, R16
   \   0000000A   2B21               OR      R18, R17
   \   0000000C   F011               BREQ    `??new CInputDevice_2`
   \   0000000E   ....               RCALL   ??CInputDevice
   \   00000010   9508               RET
   \                     `??new CInputDevice_2`:
   \   00000012   E000               LDI     R16, 0
   \   00000014   E010               LDI     R17, 0
   \   00000016   9508               RET

   \                                 In  segment CODE, align 2, keep-with-next
   \   __version_3 CInputDevice &CInputDevice::new CInputDevice(uint8_t (*)())
   \                     `??new CInputDevice_1`:
   \   00000000   939A               ST      -Y, R25
   \   00000002   938A               ST      -Y, R24
   \   00000004   01C8               MOVW    R25:R24, R17:R16
   \   00000006   E00F               LDI     R16, 15
   \   00000008   E010               LDI     R17, 0
   \   0000000A   ........           CALL    `??operator new`
   \   0000000E   2F20               MOV     R18, R16
   \   00000010   2B21               OR      R18, R17
   \   00000012   F019               BREQ    `??new CInputDevice_3`
   \   00000014   019C               MOVW    R19:R18, R25:R24
   \   00000016   ....               RCALL   ??CInputDevice_1
   \   00000018   C002               RJMP    `??new CInputDevice_4`
   \                     `??new CInputDevice_3`:
   \   0000001A   E000               LDI     R16, 0
   \   0000001C   E010               LDI     R17, 0
   \                     `??new CInputDevice_4`:
   \   0000001E   9189               LD      R24, Y+
   \   00000020   9199               LD      R25, Y+
   \   00000022   9508               RET

   \                                 In  segment CODE, align 2, keep-with-next
   \   __version_3 CMultiFunctionKey &CMultiFunctionKey::new CMultiFunctionKey()
   \                     `??new CMultiFunctionKey`:
   \   00000000   E00F               LDI     R16, 15
   \   00000002   E010               LDI     R17, 0
   \   00000004   ........           CALL    `??operator new`
   \   00000008   2F20               MOV     R18, R16
   \   0000000A   2B21               OR      R18, R17
   \   0000000C   F011               BREQ    `??new CMultiFunctionKey_2`
   \   0000000E   ....               RCALL   ??CMultiFunctionKey
   \   00000010   9508               RET
   \                     `??new CMultiFunctionKey_2`:
   \   00000012   E000               LDI     R16, 0
   \   00000014   E010               LDI     R17, 0
   \   00000016   9508               RET

   \                                 In  segment CODE, align 2, keep-with-next
   \   __version_3 CMultiFunctionKey &CMultiFunctionKey::new CMultiFunctionKey(uint8_t (*)())
   \                     `??new CMultiFunctionKey_1`:
   \   00000000   939A               ST      -Y, R25
   \   00000002   938A               ST      -Y, R24
   \   00000004   01C8               MOVW    R25:R24, R17:R16
   \   00000006   E00F               LDI     R16, 15
   \   00000008   E010               LDI     R17, 0
   \   0000000A   ........           CALL    `??operator new`
   \   0000000E   2F20               MOV     R18, R16
   \   00000010   2B21               OR      R18, R17
   \   00000012   F019               BREQ    `??new CMultiFunctionKey_3`
   \   00000014   019C               MOVW    R19:R18, R25:R24
   \   00000016   ....               RCALL   ??CMultiFunctionKey_1
   \   00000018   C002               RJMP    `??new CMultiFunctionKey_4`
   \                     `??new CMultiFunctionKey_3`:
   \   0000001A   E000               LDI     R16, 0
   \   0000001C   E010               LDI     R17, 0
   \                     `??new CMultiFunctionKey_4`:
   \   0000001E   9189               LD      R24, Y+
   \   00000020   9199               LD      R25, Y+
   \   00000022   9508               RET

   Maximum stack usage in bytes:

   CSTACK RSTACK Function
   ------ ------ --------
      0      2   CDfaLite::GetFsmState()
      0      2   CDfaLite::SetFsmState(uint8_t)
      2      2   CInputDevice::CInputDevice()
        2      2   -> CDfa::CDfa()
        2      2   -> CTimer::CTimer()
      4      2   CInputDevice::CInputDevice(uint8_t (*)())
        4      2   -> CDfa::CDfa()
        4      2   -> CDfaLite::SetFsmState(uint8_t)
        4      2   -> CTimer::CTimer()
      2      2   CInputDevice::EventHappened()
        2      2   -- Indirect call
      2      2   CInputDevice::Fsm()
        2      2   -- Indirect call
        2      2   -> CDfaLite::GetFsmState()
        2      2   -> CDfaLite::SetFsmState(uint8_t)
        2      2   -> CInputDevice::EventHappened()
        2      2   -> CTimer::IsOverflow()
        2      2   -> CTimer::Set(uint16_t)
      0      2   CInputDevice::KEY_PRESSED_HOLD_REPEAT_TIME()
      0      2   CInputDevice::KEY_PRESSED_TIME_CHECK()
      0      2   CInputDevice::KEY_PRESSED_TIME_HOLD()
      0      2   CInputDevice::KEY_PRESSED_TIME_PUSH()
      4      2   CInputDevice::KeyEventHappened(uint8_t)
        4      2   -- Indirect call
      4      2   CInputDevice::SetCapabilities(uint8_t (*)())
        4      2   -> CDfaLite::SetFsmState(uint8_t)
      0      2   CInputDevice::new CInputDevice()
        0      2   -> CInputDevice::CInputDevice()
        0      2   -> operator new(unsigned int)
      2      2   CInputDevice::new CInputDevice(uint8_t (*)())
        2      2   -> CInputDevice::CInputDevice(uint8_t (*)())
        2      2   -> operator new(unsigned int)
      4      2   CInputDevice::~CInputDevice()
        4      2   -> CDfa::~CDfa()
        4      2   -> CTimer::~CTimer()
        4      2   -> operator delete(void *)
      2      2   CMultiFunctionKey::CMultiFunctionKey()
        2      2   -> CInputDevice::CInputDevice()
      4      2   CMultiFunctionKey::CMultiFunctionKey(uint8_t (*)())
        4      2   -> CDfaLite::SetFsmState(uint8_t)
        4      2   -> CInputDevice::CInputDevice()
      2      2   CMultiFunctionKey::Fsm()
        2      2   -- Indirect call
        2      2   -> CDfaLite::GetFsmState()
        2      2   -> CDfaLite::SetFsmState(uint8_t)
        2      2   -> CInputDevice::EventHappened()
        2      2   -> CMultiFunctionKey::KEY_PRESSED_CHECK_REPEAT_TIME()
        2      2   -> CMultiFunctionKey::KEY_PRESSED_TIME_RECEIPT()
        2      2   -> CMultiFunctionKey::KEY_PRESSED_TIME_RESET()
        2      2   -> CMultiFunctionKey::KEY_PRESSED_TIME_SET_DEFAULT()
        2      2   -> CTimer::IsOverflow()
        2      2   -> CTimer::Set(uint16_t)
      0      2   CMultiFunctionKey::KEY_PRESSED_CHECK_REPEAT_TIME()
      0      2   CMultiFunctionKey::KEY_PRESSED_TIME_CHECK()
      0      2   CMultiFunctionKey::KEY_PRESSED_TIME_RECEIPT()
      0      2   CMultiFunctionKey::KEY_PRESSED_TIME_RESET()
      0      2   CMultiFunctionKey::KEY_PRESSED_TIME_SET_DEFAULT()
      0      2   CMultiFunctionKey::new CMultiFunctionKey()
        0      2   -> CMultiFunctionKey::CMultiFunctionKey()
        0      2   -> operator new(unsigned int)
      2      2   CMultiFunctionKey::new CMultiFunctionKey(uint8_t (*)())
        2      2   -> CMultiFunctionKey::CMultiFunctionKey(uint8_t (*)())
        2      2   -> operator new(unsigned int)
      4      2   CMultiFunctionKey::~CMultiFunctionKey()
        4      2   -> CInputDevice::~CInputDevice()
        4      2   -> operator delete(void *)


   Segment part sizes:

   Bytes  Function/Label
   -----  --------------
       6  CDfaLite::GetFsmState()
       6  CDfaLite::SetFsmState(uint8_t)
      40  CInputDevice::CInputDevice()
      62  CInputDevice::CInputDevice(uint8_t (*)())
      32  CInputDevice::EventHappened()
     342  CInputDevice::Fsm()
       8  CInputDevice::KEY_PRESSED_HOLD_REPEAT_TIME()
       8  CInputDevice::KEY_PRESSED_TIME_CHECK()
       8  CInputDevice::KEY_PRESSED_TIME_HOLD()
       8  CInputDevice::KEY_PRESSED_TIME_PUSH()
      62  CInputDevice::KeyEventHappened(uint8_t)
      34  CInputDevice::SetCapabilities(uint8_t (*)())
      24  CInputDevice::new CInputDevice()
      36  CInputDevice::new CInputDevice(uint8_t (*)())
      64  CInputDevice::~CInputDevice()
      28  CMultiFunctionKey::CMultiFunctionKey()
      56  CMultiFunctionKey::CMultiFunctionKey(uint8_t (*)())
     438  CMultiFunctionKey::Fsm()
       8  CMultiFunctionKey::KEY_PRESSED_CHECK_REPEAT_TIME()
       8  CMultiFunctionKey::KEY_PRESSED_TIME_CHECK()
       8  CMultiFunctionKey::KEY_PRESSED_TIME_RECEIPT()
       8  CMultiFunctionKey::KEY_PRESSED_TIME_RESET()
       8  CMultiFunctionKey::KEY_PRESSED_TIME_SET_DEFAULT()
      24  CMultiFunctionKey::new CMultiFunctionKey()
      36  CMultiFunctionKey::new CMultiFunctionKey(uint8_t (*)())
      38  CMultiFunctionKey::~CMultiFunctionKey()
      24  -- Other

 
 1 400 bytes in segment CODE
    24 bytes in segment NEAR_F
 
 1 316 bytes of CODE memory (+ 108 bytes shared)

Errors: none
Warnings: none
