###############################################################################
#
# IAR C/C++ Compiler V7.10.6.1378 for Atmel AVR           09/Aug/2022  10:49:20
# Copyright 1996-2018 IAR Systems AB.
#
#    Source file  =  D:\Projects\CautoProjects\PSS48\PSS48\src\InputDevice.cpp
#    Command line =  
#        -f C:\Users\ghost\AppData\Local\Temp\EWF489.tmp
#        (--string_literals_in_flash
#        D:\Projects\CautoProjects\PSS48\PSS48\src\InputDevice.cpp --cpu=m128a
#        -ms -o D:\Projects\CautoProjects\PSS48\PSS48\Debug\Obj -lC
#        D:\Projects\CautoProjects\PSS48\PSS48\Debug\List -lB
#        D:\Projects\CautoProjects\PSS48\PSS48\Debug\List -y
#        --initializers_in_flash --root_variables --debug
#        -DENABLE_BIT_DEFINITIONS -e -I
#        D:\Projects\CautoProjects\PSS48\PSS48\include\ -I
#        D:\Projects\CautoProjects\PSS48\PSS48\Modbus\ --eeprom_size 4096
#        --dlib --dlib_config "C:\Program Files (x86)\IAR Systems\Embedded
#        Workbench 8.0\avr\LIB\DLIB\dlAVR-3s-ec_mul-n.h" -Ohz --eec++)
#    Locale       =  Russian_RUS.1251
#    List file    =  
#        D:\Projects\CautoProjects\PSS48\PSS48\Debug\List\InputDevice.lst
#    Object file  =  
#        D:\Projects\CautoProjects\PSS48\PSS48\Debug\Obj\InputDevice.r90
#
###############################################################################

D:\Projects\CautoProjects\PSS48\PSS48\src\InputDevice.cpp
      1          //-----------------------------------------------------------------------------------------------------
      2          //  Sourse      : FileName.cpp
      3          //  Created     : 01.06.2022
      4          //  Author      : Alexandr Volvenkin
      5          //  email       : aav-36@mail.ru
      6          //  GitHub      : https://github.com/AlexandrVolvenkin
      7          //-----------------------------------------------------------------------------------------------------
      8          #include "InputDevice.h"

   \                                 In  segment CODE, align 2, keep-with-next
   \   __version_3 uint16_t CInputDevice::KEY_PRESSED_TIME_PUSH()
   \                     ??KEY_PRESSED_TIME_PUSH:
   \   00000000   E604               LDI     R16, 100
   \   00000002   E010               LDI     R17, 0
   \   00000004   9508               RET

   \                                 In  segment CODE, align 2, keep-with-next
   \   __version_3 uint16_t CInputDevice::KEY_PRESSED_TIME_HOLD()
   \                     ??KEY_PRESSED_TIME_HOLD:
   \   00000000   ED0C               LDI     R16, 220
   \   00000002   E015               LDI     R17, 5
   \   00000004   9508               RET

   \                                 In  segment CODE, align 2, keep-with-next
   \   __version_3 uint16_t CInputDevice::KEY_PRESSED_TIME_CHECK()
   \                     ??KEY_PRESSED_TIME_CHECK:
   \   00000000   EB08               LDI     R16, 184
   \   00000002   E01B               LDI     R17, 11
   \   00000004   9508               RET

   \                                 In  segment CODE, align 2, keep-with-next
   \   __version_3 uint16_t CInputDevice::KEY_PRESSED_HOLD_REPEAT_TIME()
   \                     ??KEY_PRESSED_HOLD_REPEAT_TIME:
   \   00000000   E302               LDI     R16, 50
   \   00000002   E010               LDI     R17, 0
   \   00000004   9508               RET

   \                                 In  segment CODE, align 2, keep-with-next
   \   __version_3 uint16_t CMultiFunctionKey::KEY_PRESSED_TIME_CHECK()
   \                     ??KEY_PRESSED_TIME_CHECK_1:
   \   00000000   EB08               LDI     R16, 184
   \   00000002   E01B               LDI     R17, 11
   \   00000004   9508               RET
      9          
     10          //-----------------------------------------------------------------------------------------------------

   \                                 In  segment CODE, align 2, keep-with-next
     11          CInputDevice::CInputDevice()
   \                     ??CInputDevice:
   \   00000000   ....               RCALL   ?Subroutine9
     12          {
   \                     ??CrossCallReturnLabel_5:
   \   00000002   ....               RCALL   ?Subroutine2
   \                     ??CrossCallReturnLabel_57:
   \   00000004   ....               RCALL   ?Subroutine6
     13          
     14          }
   \                     ??CrossCallReturnLabel_3:
   \   00000006   ....               RJMP    ?Subroutine11

   \                                 In  segment CODE, align 2, keep-with-next
   \                     ?Subroutine2:
   \   00000000   ........           CALL    ??CDfa
   \   00000004                      REQUIRE ?Subroutine24
   \   00000004                      REQUIRE ??Subroutine30_0
   \   00000004                      ;               // Fall through to label ??Subroutine30_0

   \                                 In  segment CODE, align 2, keep-with-next
   \                     ??Subroutine30_0:
   \   00000000   ....               LDI     R16, LOW(??__vtbl)
   \   00000002   ....               LDI     R17, (??__vtbl) >> 8
   \   00000004                      REQUIRE ?Subroutine24
   \   00000004                      ;               // Fall through to label ?Subroutine24

   \                                 In  segment CODE, align 2, keep-with-next
   \                     ?Subroutine24:
   \   00000000   01FD               MOVW    R31:R30, R27:R26
   \   00000002   8301               STD     Z+1, R16
   \   00000004   8312               STD     Z+2, R17
   \   00000006   9508               RET

   \                                 In  segment CODE, align 2, keep-with-next
   \                     ?Subroutine6:
   \   00000000   ....               RCALL   ?Subroutine20
   \                     ??CrossCallReturnLabel_19:
   \   00000002   ........           JMP     ??CTimer

   \                                 In  segment CODE, align 2, keep-with-next
   \                     ?Subroutine11:
   \   00000000   018D               MOVW    R17:R16, R27:R26
   \   00000002                      REQUIRE ??Subroutine32_0
   \   00000002                      ;               // Fall through to label ??Subroutine32_0

   \                                 In  segment CODE, align 2, keep-with-next
   \                     ??Subroutine32_0:
   \   00000000   91A9               LD      R26, Y+
   \   00000002   91B9               LD      R27, Y+
   \   00000004   9508               RET

   \                                 In  segment CODE, align 2, keep-with-next
   \                     ?Subroutine9:
   \   00000000   93BA               ST      -Y, R27
   \   00000002   93AA               ST      -Y, R26
   \   00000004   01D8               MOVW    R27:R26, R17:R16
   \   00000006   9508               RET

   \                                 In  segment CODE, align 2, keep-with-next
   \                     ?Subroutine20:
   \   00000000   018D               MOVW    R17:R16, R27:R26
   \   00000002   5F07               SUBI    R16, 247
   \   00000004   4F1F               SBCI    R17, 255
   \   00000006   9508               RET
     15          
     16          //-----------------------------------------------------------------------------------------------------

   \                                 In  segment CODE, align 2, keep-with-next
     17          CInputDevice::CInputDevice(uint8_t (*fpuiEventSourse)(void)) :
   \                     ??CInputDevice_1:
   \   00000000   ....               RCALL   ?Subroutine13
     18              m_fpuiEventSourse(fpuiEventSourse)
     19          {
   \                     ??CrossCallReturnLabel_9:
   \   00000002   ....               RCALL   ?Subroutine2
   \                     ??CrossCallReturnLabel_58:
   \   00000004   8385               STD     Z+5, R24
   \   00000006   8396               STD     Z+6, R25
   \   00000008   ....               RCALL   ?Subroutine6
     20              m_uiEventCode = KEY_EVENT_UNPRESSED;
   \                     ??CrossCallReturnLabel_2:
   \   0000000A   01FD               MOVW    R31:R30, R27:R26
   \   0000000C   E000               LDI     R16, 0
   \   0000000E   ....               RJMP    ?Subroutine28
     21              SetFsmState(KEY_EVENT_UNPRESSED);
     22          }

   \                                 In  segment CODE, align 2, keep-with-next
   \                     ?Subroutine16:
   \   00000000   8307               STD     Z+7, R16
   \   00000002   930C               ST      X, R16
   \   00000004   018D               MOVW    R17:R16, R27:R26
   \   00000006   E0E4               LDI     R30, 4
   \   00000008   9508               RET

   \                                 In  segment CODE, align 2, keep-with-next
   \                     ?Subroutine13:
   \   00000000   ........           CALL    ?PROLOGUE4_L09
   \   00000004   01D8               MOVW    R27:R26, R17:R16
   \   00000006   01C9               MOVW    R25:R24, R19:R18
   \   00000008   9508               RET

   \                                 In  segment CODE, align 2, keep-with-next
   \                     ?Subroutine28:
   \   00000000   ....               RCALL   ?Subroutine16
   \                     ??CrossCallReturnLabel_54:
   \   00000002                      REQUIRE ??Subroutine33_0
   \   00000002                      ;               // Fall through to label ??Subroutine33_0

   \                                 In  segment CODE, align 2, keep-with-next
   \                     ??Subroutine33_0:
   \   00000000   ........           JMP     ?EPILOGUE_B4_L09
     23          
     24          //-----------------------------------------------------------------------------------------------------

   \                                 In  segment CODE, align 2, keep-with-next
     25          CInputDevice::~CInputDevice()
   \                     `?~CInputDevice`:
     26          {
   \   00000000   ....               RCALL   ?Subroutine14
   \                     ??CrossCallReturnLabel_11:
   \   00000002   2B0B               OR      R16, R27
   \   00000004   F081               BREQ    `?~CInputDevice_1`
   \   00000006   ....               RCALL   ??Subroutine30_0
     27          
     28          }
   \                     ??CrossCallReturnLabel_59:
   \   00000008   E022               LDI     R18, 2
   \   0000000A   E030               LDI     R19, 0
   \   0000000C   ....               RCALL   ?Subroutine20
   \                     ??CrossCallReturnLabel_17:
   \   0000000E   ........           CALL    `?~CTimer`
   \   00000012   E020               LDI     R18, 0
   \   00000014   E030               LDI     R19, 0
   \   00000016   018D               MOVW    R17:R16, R27:R26
   \   00000018   ........           CALL    `?~CDfa`
   \   0000001C   FB80               BST     R24, 0
   \   0000001E   F41E               BRTC    `?~CInputDevice_1`
   \   00000020   018D               MOVW    R17:R16, R27:R26
   \   00000022   ........           CALL    `??operator delete`
   \                     `?~CInputDevice_1`:
   \   00000026                      REQUIRE ?Subroutine29
   \   00000026                      ;               // Fall through to label ?Subroutine29

   \                                 In  segment CODE, align 2, keep-with-next
   \                     ?Subroutine29:
   \   00000000   E0E4               LDI     R30, 4
   \   00000002   ....               RJMP    ??Subroutine33_0

   \                                 In  segment CODE, align 2, keep-with-next
   \                     ?Subroutine14:
   \   00000000   ........           CALL    ?PROLOGUE4_L09
   \   00000004   01D8               MOVW    R27:R26, R17:R16
   \   00000006   2F82               MOV     R24, R18
   \   00000008   9508               RET
     29          
     30          //-----------------------------------------------------------------------------------------------------

   \                                 In  segment CODE, align 2, keep-with-next
     31          void CInputDevice::SetCapabilities(uint8_t (*fpuiEventSourse)(void))
   \                     ??SetCapabilities:
     32          {
     33              m_fpuiEventSourse = fpuiEventSourse;
   \   00000000   01F8               MOVW    R31:R30, R17:R16
   \   00000002   8325               STD     Z+5, R18
   \   00000004   8336               STD     Z+6, R19
     34              m_uiEventCode = KEY_EVENT_UNPRESSED;
   \   00000006   E020               LDI     R18, 0
   \   00000008   8327               STD     Z+7, R18
     35              SetFsmState(KEY_EVENT_UNPRESSED);
   \   0000000A   8320               ST      Z, R18
     36          }
   \   0000000C   9508               RET
     37          
     38          //-----------------------------------------------------------------------------------------------------

   \                                 In  segment CODE, align 2, keep-with-next
     39          uint8_t CInputDevice::EventHappened(void)
   \                     ??EventHappened:
     40          {
   \   00000000   ....               RCALL   ?Subroutine9
     41              if (m_fpuiEventSourse())
   \                     ??CrossCallReturnLabel_4:
   \   00000002   9615               ADIW    R27:R26, 5
   \   00000004   91ED               LD      R30, X+
   \   00000006   91FC               LD      R31, X
   \   00000008   9509               ICALL
   \   0000000A   2300               TST     R16
   \   0000000C   F011               BREQ    ??EventHappened_1
     42              {
     43                  return 1;
   \   0000000E   E001               LDI     R16, 1
   \   00000010   C001               RJMP    ??EventHappened_2
     44              }
     45              else
     46              {
     47                  return 0;
   \                     ??EventHappened_1:
   \   00000012   E000               LDI     R16, 0
     48              }
   \                     ??EventHappened_2:
   \   00000014   ....               RJMP    ??Subroutine32_0
     49          
     50          }
     51          
     52          //-----------------------------------------------------------------------------------------------------

   \                                 In  segment CODE, align 2, keep-with-next
     53          uint8_t CInputDevice::KeyEventHappened(uint8_t uiCode)
   \                     ??KeyEventHappened:
     54          {
   \   00000000   ....               RCALL   ?Subroutine14
     55              Fsm();
   \                     ??CrossCallReturnLabel_12:
   \   00000002   01F8               MOVW    R31:R30, R17:R16
   \   00000004   8121               LDD     R18, Z+1
   \   00000006   81F2               LDD     R31, Z+2
   \   00000008   2FE2               MOV     R30, R18
   \   0000000A   9632               ADIW    R31:R30, 2
   \   0000000C   ....               RCALL   ?Subroutine23
     56          
     57              if (m_uiEventCode == uiCode)
   \                     ??CrossCallReturnLabel_30:
   \   0000000E   01FD               MOVW    R31:R30, R27:R26
   \   00000010   8107               LDD     R16, Z+7
   \   00000012   1708               CP      R16, R24
   \   00000014   E000               LDI     R16, 0
   \   00000016   F419               BRNE    ??KeyEventHappened_1
     58              {
     59                  m_uiEventCode = KEY_EVENT_UNPRESSED;
   \   00000018   8307               STD     Z+7, R16
     60                  m_uiPreliminaryEventCode = KEY_EVENT_UNPRESSED;
   \   0000001A   8700               STD     Z+8, R16
     61                  return 1;
   \   0000001C   E001               LDI     R16, 1
     62              }
     63              else
     64              {
     65                  return 0;
   \                     ??KeyEventHappened_1:
   \   0000001E   ....               RJMP    ?Subroutine29
     66              }
     67          
     68          }

   \                                 In  segment CODE, align 2, keep-with-next
   \                     ?Subroutine23:
   \   00000000   9125               LPM     R18, Z+
   \   00000002   91F4               LPM     R31, Z
   \   00000004   2FE2               MOV     R30, R18
   \   00000006   9409               IJMP
     69          
     70          //-----------------------------------------------------------------------------------------------------

   \                                 In  segment CODE, align 2, keep-with-next
     71          void CInputDevice::Fsm(void)
   \                     ??Fsm:
     72          {
   \   00000000   ....               RCALL   ?Subroutine8
     73              // какое событие обрабатываем?
     74              switch (GetFsmState())
   \                     ??CrossCallReturnLabel_38:
   \   00000002   F049               BREQ    ??Fsm_2
   \   00000004   950A               DEC     R16
   \   00000006   F049               BREQ    ??Fsm_3
   \   00000008   950A               DEC     R16
   \   0000000A   F071               BREQ    ??Fsm_4
   \   0000000C   950A               DEC     R16
   \   0000000E   F0B9               BREQ    ??Fsm_5
   \   00000010   5003               SUBI    R16, 3
   \   00000012   F0F1               BREQ    ??Fsm_6
   \   00000014   C027               RJMP    ??Fsm_7
     75              {
     76              case KEY_EVENT_UNPRESSED:
     77                  SetFsmState(KEY_EVENT_WAITING_PRESSED);
   \                     ??Fsm_2:
   \   00000016   E001               LDI     R16, 1
   \   00000018   C024               RJMP    ??Fsm_8
     78                  break;
     79          
     80              case KEY_EVENT_WAITING_PRESSED:
     81                  // кнопка нажата?
     82                  if (EventHappened())
   \                     ??Fsm_3:
   \   0000001A   ....               RCALL   ?Subroutine17
   \                     ??CrossCallReturnLabel_40:
   \   0000001C   F119               BREQ    ??Fsm_7
     83                  {
     84                      m_xTimer.Set(KEY_PRESSED_TIME_PUSH());
   \   0000001E   ....               RCALL   ?Subroutine21
     85                      SetFsmState(KEY_EVENT_PRESSED_PUSH);
     86                  }
   \                     ??CrossCallReturnLabel_21:
   \   00000020   9634               ADIW    R31:R30, 4
   \   00000022   ....               RCALL   ?Subroutine22
   \                     ??CrossCallReturnLabel_28:
   \   00000024   ....               RCALL   ?Subroutine7
   \                     ??CrossCallReturnLabel_52:
   \   00000026   C01D               RJMP    ??Fsm_8
     87                  break;
     88              case KEY_EVENT_PRESSED_PUSH:
     89                  // кнопка нажата?
     90                  if (EventHappened())
   \                     ??Fsm_4:
   \   00000028   ....               RCALL   ?Subroutine17
   \                     ??CrossCallReturnLabel_41:
   \   0000002A   F0D1               BREQ    ??Fsm_9
     91                  {
     92                      if (m_xTimer.IsOverflow())
   \   0000002C   ....               RCALL   ?Subroutine0
   \                     ??CrossCallReturnLabel_31:
   \   0000002E   F0D1               BREQ    ??Fsm_7
     93                      {
     94                          m_xTimer.Set(KEY_PRESSED_TIME_HOLD());
   \   00000030   ....               RCALL   ?Subroutine21
   \                     ??CrossCallReturnLabel_22:
   \   00000032   9636               ADIW    R31:R30, 6
   \   00000034   ....               RCALL   ?Subroutine22
   \                     ??CrossCallReturnLabel_27:
   \   00000036   ....               RCALL   ?Subroutine4
     95                          m_uiEventCode = KEY_EVENT_PRESSED_PUSH;
   \                     ??CrossCallReturnLabel_50:
   \   00000038   8307               STD     Z+7, R16
     96                          SetFsmState(KEY_EVENT_PRESSED_HOLD);
   \   0000003A   E003               LDI     R16, 3
   \   0000003C   C012               RJMP    ??Fsm_8
     97          
     98                      }
     99                  }
    100                  else
    101                  {
    102                      SetFsmState(KEY_EVENT_UNPRESSED);
    103                  }
    104                  break;
    105              case KEY_EVENT_PRESSED_HOLD:
    106                  // кнопка нажата?
    107                  if (EventHappened())
   \                     ??Fsm_5:
   \   0000003E   ....               RCALL   ?Subroutine17
   \                     ??CrossCallReturnLabel_42:
   \   00000040   F079               BREQ    ??Fsm_9
    108                  {
    109                      if (m_xTimer.IsOverflow())
   \   00000042   ....               RCALL   ?Subroutine0
   \                     ??CrossCallReturnLabel_32:
   \   00000044   F079               BREQ    ??Fsm_7
    110                      {
    111                          m_xTimer.Set(KEY_PRESSED_HOLD_REPEAT_TIME());
   \   00000046   ....               RCALL   ?Subroutine1
    112                          m_uiEventCode = KEY_EVENT_PRESSED_HOLD;
   \                     ??CrossCallReturnLabel_0:
   \   00000048   E003               LDI     R16, 3
   \   0000004A   8307               STD     Z+7, R16
    113                          SetFsmState(KEY_EVENT_PRESSED_REPEAT);
   \   0000004C   E006               LDI     R16, 6
   \   0000004E   C009               RJMP    ??Fsm_8
    114          
    115                      }
    116                  }
    117                  else
    118                  {
    119                      SetFsmState(KEY_EVENT_UNPRESSED);
    120                  }
    121                  break;
    122          
    123              case KEY_EVENT_PRESSED_REPEAT:
    124                  // кнопка нажата?
    125                  if (EventHappened())
   \                     ??Fsm_6:
   \   00000050   ....               RCALL   ?Subroutine17
   \                     ??CrossCallReturnLabel_43:
   \   00000052   F031               BREQ    ??Fsm_9
    126                  {
    127                      if (m_xTimer.IsOverflow())
   \   00000054   ....               RCALL   ?Subroutine0
   \                     ??CrossCallReturnLabel_33:
   \   00000056   F031               BREQ    ??Fsm_7
    128                      {
    129                          m_xTimer.Set(KEY_PRESSED_HOLD_REPEAT_TIME());
   \   00000058   ....               RCALL   ?Subroutine1
    130                          m_uiEventCode = KEY_EVENT_PRESSED_REPEAT;
    131                      }
    132                  }
   \                     ??CrossCallReturnLabel_1:
   \   0000005A   E006               LDI     R16, 6
   \   0000005C   8307               STD     Z+7, R16
   \   0000005E   C002               RJMP    ??Fsm_7
    133                  else
    134                  {
    135                      SetFsmState(KEY_EVENT_UNPRESSED);
   \                     ??Fsm_9:
   \   00000060   E000               LDI     R16, 0
   \                     ??Fsm_8:
   \   00000062   930C               ST      X, R16
    136                  }
    137                  break;
    138              default:
    139                  break;
    140              }
    141          }
   \                     ??Fsm_7:
   \   00000064   ....               RJMP    ??Subroutine32_0

   \                                 In  segment CODE, align 2, keep-with-next
   \                     ?Subroutine1:
   \   00000000   ....               RCALL   ?Subroutine21
   \                     ??CrossCallReturnLabel_24:
   \   00000002   963A               ADIW    R31:R30, 10
   \   00000004   ....               RCALL   ?Subroutine22
   \                     ??CrossCallReturnLabel_25:
   \   00000006   ....               RJMP    ?Subroutine19

   \                                 In  segment CODE, align 2, keep-with-next
   \                     ?Subroutine22:
   \   00000000   ....               RCALL   ?Subroutine23
   \                     ??CrossCallReturnLabel_29:
   \   00000002   0198               MOVW    R19:R18, R17:R16
   \   00000004   9508               RET

   \                                 In  segment CODE, align 2, keep-with-next
   \                     ?Subroutine17:
   \   00000000   2F0A               MOV     R16, R26
   \   00000002   ....               RCALL   ??EventHappened
   \   00000004                      REQUIRE ?Subroutine26
   \   00000004                      ;               // Fall through to label ?Subroutine26

   \                                 In  segment CODE, align 2, keep-with-next
   \                     ?Subroutine26:
   \   00000000   2300               TST     R16
   \   00000002   9508               RET

   \                                 In  segment CODE, align 2, keep-with-next
   \                     ?Subroutine8:
   \   00000000   93BA               ST      -Y, R27
   \   00000002   93AA               ST      -Y, R26
   \   00000004   01D8               MOVW    R27:R26, R17:R16
   \   00000006   910C               LD      R16, X
   \   00000008   ....               RJMP    ?Subroutine26

   \                                 In  segment CODE, align 2, keep-with-next
   \                     ?Subroutine7:
   \   00000000   ....               RCALL   ?Subroutine20
   \                     ??CrossCallReturnLabel_20:
   \   00000002   ........           CALL    ??Set
   \   00000006                      REQUIRE ?Subroutine27
   \   00000006                      ;               // Fall through to label ?Subroutine27

   \                                 In  segment CODE, align 2, keep-with-next
   \                     ?Subroutine27:
   \   00000000   E002               LDI     R16, 2
   \   00000002   9508               RET

   \                                 In  segment CODE, align 2, keep-with-next
   \                     ?Subroutine19:
   \   00000000   018D               MOVW    R17:R16, R27:R26
   \   00000002   5F07               SUBI    R16, 247
   \   00000004   4F1F               SBCI    R17, 255
   \   00000006   ........           CALL    ??Set
   \   0000000A   01FD               MOVW    R31:R30, R27:R26
   \   0000000C   9508               RET

   \                                 In  segment CODE, align 2, keep-with-next
   \                     ?Subroutine4:
   \   00000000   ....               RCALL   ?Subroutine19
   \                     ??CrossCallReturnLabel_16:
   \   00000002   ....               RJMP    ?Subroutine27

   \                                 In  segment CODE, align 2, keep-with-next
   \                     ?Subroutine21:
   \   00000000   018D               MOVW    R17:R16, R27:R26
   \   00000002   9611               ADIW    R27:R26, 1
   \   00000004   91ED               LD      R30, X+
   \   00000006   91FC               LD      R31, X
   \   00000008   9712               SBIW    R27:R26, 2
   \   0000000A   9508               RET

   \                                 In  segment CODE, align 2, keep-with-next
   \                     ?Subroutine0:
   \   00000000   ....               RCALL   ?Subroutine20
   \                     ??CrossCallReturnLabel_18:
   \   00000002   ........           CALL    ??IsOverflow
   \   00000006   ....               RJMP    ?Subroutine26
    142          //-----------------------------------------------------------------------------------------------------
    143          
    144          
    145          
    146          
    147          
    148          
    149          //-----------------------------------------------------------------------------------------------------

   \                                 In  segment CODE, align 2, keep-with-next
    150          CMultiFunctionKey::CMultiFunctionKey()
   \                     ??CMultiFunctionKey:
   \   00000000   ....               RCALL   ?Subroutine9
    151          {
   \                     ??CrossCallReturnLabel_6:
   \   00000002   ....               RCALL   ?Subroutine15
    152          
    153          }
   \                     ??CrossCallReturnLabel_55:
   \   00000004                      REQUIRE ?Subroutine11
   \   00000004                      ;               // Fall through to label ?Subroutine11

   \                                 In  segment CODE, align 2, keep-with-next
   \                     ?Subroutine15:
   \   00000000   ....               RCALL   ??CInputDevice
   \   00000002   ....               LDI     R16, LOW(??__vtbl_1)
   \   00000004   ....               LDI     R17, (??__vtbl_1) >> 8
   \   00000006   ....               RJMP    ?Subroutine24
    154          
    155          //-----------------------------------------------------------------------------------------------------

   \                                 In  segment CODE, align 2, keep-with-next
    156          CMultiFunctionKey::CMultiFunctionKey(uint8_t (*fpuiEventSourse)(void))
   \                     ??CMultiFunctionKey_1:
   \   00000000   ....               RCALL   ?Subroutine13
    157          {
   \                     ??CrossCallReturnLabel_10:
   \   00000002   ....               RCALL   ?Subroutine15
    158              m_fpuiEventSourse = fpuiEventSourse;
   \                     ??CrossCallReturnLabel_56:
   \   00000004   8385               STD     Z+5, R24
   \   00000006   8396               STD     Z+6, R25
    159              m_uiPreliminaryEventCode = KEY_EVENT_UNPRESSED;
   \   00000008   E000               LDI     R16, 0
   \   0000000A   8700               STD     Z+8, R16
    160              m_uiEventCode = KEY_EVENT_UNPRESSED;
   \   0000000C   ....               RJMP    ?Subroutine28
    161              SetFsmState(KEY_EVENT_UNPRESSED);
    162          }
    163          
    164          //-----------------------------------------------------------------------------------------------------

   \                                 In  segment CODE, align 2, keep-with-next
    165          CMultiFunctionKey::~CMultiFunctionKey()
   \                     `?~CMultiFunctionKey`:
    166          {
   \   00000000   ........           CALL    ?PROLOGUE3_L09
   \   00000004   01C8               MOVW    R25:R24, R17:R16
   \   00000006   2FA2               MOV     R26, R18
   \   00000008   2B01               OR      R16, R17
   \   0000000A   F049               BREQ    `?~CMultiFunctionKey_1`
    167          
    168          }
   \   0000000C   E020               LDI     R18, 0
   \   0000000E   E030               LDI     R19, 0
   \   00000010   2F08               MOV     R16, R24
   \   00000012   ....               RCALL   `?~CInputDevice`
   \   00000014   FBA0               BST     R26, 0
   \   00000016   F41E               BRTC    `?~CMultiFunctionKey_1`
   \   00000018   018C               MOVW    R17:R16, R25:R24
   \   0000001A   ........           CALL    `??operator delete`
   \                     `?~CMultiFunctionKey_1`:
   \   0000001E   E0E3               LDI     R30, 3
   \   00000020   ........           JMP     ?EPILOGUE_B3_L09
    169          
    170          //-----------------------------------------------------------------------------------------------------

   \                                 In  segment CODE, align 2, keep-with-next
    171          void CMultiFunctionKey::Fsm(void)
   \                     ??Fsm_1:
    172          {
   \   00000000   ....               RCALL   ?Subroutine8
    173              // какое событие обрабатываем?
    174              switch (GetFsmState())
   \                     ??CrossCallReturnLabel_39:
   \   00000002   F069               BREQ    ??Fsm_10
   \   00000004   950A               DEC     R16
   \   00000006   F081               BREQ    ??Fsm_11
   \   00000008   950A               DEC     R16
   \   0000000A   F0A1               BREQ    ??Fsm_12
   \   0000000C   950A               DEC     R16
   \   0000000E   F0E1               BREQ    ??Fsm_13
   \   00000010   950A               DEC     R16
   \   00000012   F131               BREQ    ??Fsm_14
   \   00000014   950A               DEC     R16
   \   00000016   F199               BREQ    ??Fsm_15
   \   00000018   5002               SUBI    R16, 2
   \   0000001A   F1E9               BREQ    ??Fsm_16
   \   0000001C   C040               RJMP    ??Fsm_17
    175              {
    176              case KEY_EVENT_UNPRESSED:
    177                  m_uiEventCode = m_uiPreliminaryEventCode;
   \                     ??Fsm_10:
   \   0000001E   01FD               MOVW    R31:R30, R27:R26
   \   00000020   8500               LDD     R16, Z+8
   \   00000022   8307               STD     Z+7, R16
    178                  SetFsmState(KEY_EVENT_WAITING_PRESSED);
   \   00000024   E001               LDI     R16, 1
   \   00000026   C03A               RJMP    ??Fsm_18
    179                  break;
    180          
    181              case KEY_EVENT_WAITING_PRESSED:
    182                  // кнопка нажата?
    183                  if (EventHappened())
   \                     ??Fsm_11:
   \   00000028   ....               RCALL   ?Subroutine17
   \                     ??CrossCallReturnLabel_44:
   \   0000002A   F1C9               BREQ    ??Fsm_17
    184                  {
    185                      m_xTimer.Set(KEY_PRESSED_TIME_RECEIPT());
   \   0000002C   E624               LDI     R18, 100
   \   0000002E   E030               LDI     R19, 0
   \   00000030   ....               RCALL   ?Subroutine7
   \                     ??CrossCallReturnLabel_53:
   \   00000032   C034               RJMP    ??Fsm_18
    186                      SetFsmState(KEY_EVENT_PRESSED_RECEIPT);
    187                  }
    188                  break;
    189              case KEY_EVENT_PRESSED_RECEIPT:
    190                  // кнопка нажата?
    191                  if (EventHappened())
   \                     ??Fsm_12:
   \   00000034   ....               RCALL   ?Subroutine17
   \                     ??CrossCallReturnLabel_45:
   \   00000036   F0F9               BREQ    ??Fsm_19
    192                  {
    193                      if (m_xTimer.IsOverflow())
   \   00000038   ....               RCALL   ?Subroutine0
   \                     ??CrossCallReturnLabel_34:
   \   0000003A   F189               BREQ    ??Fsm_17
    194                      {
    195                          m_xTimer.Set(KEY_PRESSED_TIME_RESET());
   \   0000003C   ED2C               LDI     R18, 220
   \   0000003E   E035               LDI     R19, 5
   \   00000040   ....               RCALL   ?Subroutine4
    196                          m_uiPreliminaryEventCode = KEY_EVENT_PRESSED_RECEIPT;
   \                     ??CrossCallReturnLabel_51:
   \   00000042   8700               STD     Z+8, R16
    197                          SetFsmState(KEY_EVENT_PRESSED_RESET);
   \   00000044   E003               LDI     R16, 3
   \   00000046   C02A               RJMP    ??Fsm_18
    198                      }
    199                  }
    200                  else
    201                  {
    202                      m_uiEventCode = m_uiPreliminaryEventCode;
    203                      SetFsmState(KEY_EVENT_UNPRESSED);
    204                  }
    205                  break;
    206              case KEY_EVENT_PRESSED_RESET:
    207                  // кнопка нажата?
    208                  if (EventHappened())
   \                     ??Fsm_13:
   \   00000048   ....               RCALL   ?Subroutine17
   \                     ??CrossCallReturnLabel_46:
   \   0000004A   F0A9               BREQ    ??Fsm_19
    209                  {
    210                      if (m_xTimer.IsOverflow())
   \   0000004C   ....               RCALL   ?Subroutine0
   \                     ??CrossCallReturnLabel_35:
   \   0000004E   F139               BREQ    ??Fsm_17
    211                      {
    212                          m_xTimer.Set(KEY_PRESSED_TIME_CHECK());
   \   00000050   ....               RCALL   ?Subroutine21
   \                     ??CrossCallReturnLabel_23:
   \   00000052   9638               ADIW    R31:R30, 8
   \   00000054   ....               RCALL   ?Subroutine22
   \                     ??CrossCallReturnLabel_26:
   \   00000056   ....               RCALL   ?Subroutine19
    213                          m_uiPreliminaryEventCode = KEY_EVENT_PRESSED_RESET;
   \                     ??CrossCallReturnLabel_15:
   \   00000058   E003               LDI     R16, 3
   \   0000005A   8700               STD     Z+8, R16
    214                          SetFsmState(KEY_EVENT_PRESSED_CHECK);
   \   0000005C   E004               LDI     R16, 4
   \   0000005E   C01E               RJMP    ??Fsm_18
    215          
    216                      }
    217                  }
    218                  else
    219                  {
    220                      m_uiEventCode = m_uiPreliminaryEventCode;
    221                      SetFsmState(KEY_EVENT_UNPRESSED);
    222                  }
    223                  break;
    224          
    225              case KEY_EVENT_PRESSED_CHECK:
    226                  // кнопка нажата?
    227                  if (EventHappened())
   \                     ??Fsm_14:
   \   00000060   ....               RCALL   ?Subroutine17
   \                     ??CrossCallReturnLabel_47:
   \   00000062   F049               BREQ    ??Fsm_19
    228                  {
    229                      if (m_xTimer.IsOverflow())
   \   00000064   ....               RCALL   ?Subroutine0
   \                     ??CrossCallReturnLabel_36:
   \   00000066   F0D9               BREQ    ??Fsm_17
    230                      {
    231                          m_xTimer.Set(KEY_PRESSED_TIME_SET_DEFAULT());
   \   00000068   E828               LDI     R18, 136
   \   0000006A   E133               LDI     R19, 19
   \   0000006C   ....               RCALL   ?Subroutine19
    232                          m_uiPreliminaryEventCode = KEY_EVENT_PRESSED_CHECK;
   \                     ??CrossCallReturnLabel_14:
   \   0000006E   E004               LDI     R16, 4
   \   00000070   8700               STD     Z+8, R16
    233                          SetFsmState(KEY_EVENT_PRESSED_SET_DEFAULT);
   \   00000072   E005               LDI     R16, 5
   \   00000074   C013               RJMP    ??Fsm_18
    234          
    235                      }
    236                  }
    237                  else
    238                  {
    239                      m_uiEventCode = m_uiPreliminaryEventCode;
   \                     ??Fsm_19:
   \   00000076   01FD               MOVW    R31:R30, R27:R26
   \   00000078   8500               LDD     R16, Z+8
   \   0000007A   8307               STD     Z+7, R16
    240                      SetFsmState(KEY_EVENT_UNPRESSED);
   \   0000007C   C00E               RJMP    ??Fsm_20
    241                  }
    242                  break;
    243          
    244              case KEY_EVENT_PRESSED_SET_DEFAULT:
    245                  // кнопка нажата?
    246                  if (EventHappened())
   \                     ??Fsm_15:
   \   0000007E   ....               RCALL   ?Subroutine17
   \                     ??CrossCallReturnLabel_48:
   \   00000080   F061               BREQ    ??Fsm_20
    247                  {
    248                      if (m_xTimer.IsOverflow())
   \   00000082   ....               RCALL   ?Subroutine0
   \                     ??CrossCallReturnLabel_37:
   \   00000084   F061               BREQ    ??Fsm_17
    249                      {
    250                          m_xTimer.Set(KEY_PRESSED_CHECK_REPEAT_TIME());
   \   00000086   E322               LDI     R18, 50
   \   00000088   E030               LDI     R19, 0
   \   0000008A   ....               RCALL   ?Subroutine19
    251                          m_uiPreliminaryEventCode = KEY_EVENT_PRESSED_SET_DEFAULT;
   \                     ??CrossCallReturnLabel_13:
   \   0000008C   E005               LDI     R16, 5
   \   0000008E   8700               STD     Z+8, R16
    252                          m_uiEventCode = m_uiPreliminaryEventCode;
   \   00000090   8307               STD     Z+7, R16
    253                          SetFsmState(KEY_EVENT_UNPRESSED_WAITING);
   \   00000092   E007               LDI     R16, 7
   \   00000094   C003               RJMP    ??Fsm_18
    254          
    255                      }
    256                  }
    257                  else
    258                  {
    259          //            m_uiEventCode = m_uiPreliminaryEventCode;
    260                      SetFsmState(KEY_EVENT_UNPRESSED);
    261                  }
    262                  break;
    263          
    264              case KEY_EVENT_UNPRESSED_WAITING:
    265                  // кнопка нажата?
    266                  if (!(EventHappened()))
   \                     ??Fsm_16:
   \   00000096   ....               RCALL   ?Subroutine17
   \                     ??CrossCallReturnLabel_49:
   \   00000098   F411               BRNE    ??Fsm_17
    267                  {
    268                      SetFsmState(KEY_EVENT_UNPRESSED);
   \                     ??Fsm_20:
   \   0000009A   E000               LDI     R16, 0
   \                     ??Fsm_18:
   \   0000009C   930C               ST      X, R16
    269                  }
    270                  break;
    271          
    272          
    273              default:
    274                  break;
    275              }
    276          }
   \                     ??Fsm_17:
   \   0000009E   ....               RJMP    ??Subroutine32_0

   \                                 In  segment CODE, align 2, keep-with-next
   \   __version_3 CInputDevice &CInputDevice::new CInputDevice()
   \                     `??new CInputDevice`:
   \   00000000   ....               RCALL   ??Subroutine31_0
   \                     ??CrossCallReturnLabel_62:
   \   00000002   F009               BREQ    `??new CInputDevice_2`
   \   00000004   ....               RJMP    ??CInputDevice
   \                     `??new CInputDevice_2`:
   \   00000006   ....               RJMP    ?Subroutine12

   \                                 In  segment CODE, align 2, keep-with-next
   \   __version_3 CInputDevice &CInputDevice::new CInputDevice(uint8_t (*)())
   \                     `??new CInputDevice_1`:
   \   00000000   ....               RCALL   ?Subroutine10
   \                     ??CrossCallReturnLabel_60:
   \   00000002   F019               BREQ    `??new CInputDevice_3`
   \   00000004   019C               MOVW    R19:R18, R25:R24
   \   00000006   ....               RCALL   ??CInputDevice_1
   \   00000008   C001               RJMP    ??CrossCallReturnLabel_7
   \                     `??new CInputDevice_3`:
   \   0000000A   ....               RCALL   ?Subroutine12
   \                     ??CrossCallReturnLabel_7:
   \   0000000C                      REQUIRE ?Subroutine25
   \   0000000C                      ;               // Fall through to label ?Subroutine25

   \                                 In  segment CODE, align 2, keep-with-next
   \                     ?Subroutine25:
   \   00000000   9189               LD      R24, Y+
   \   00000002   9199               LD      R25, Y+
   \   00000004   9508               RET

   \                                 In  segment CODE, align 2, keep-with-next
   \                     ?Subroutine10:
   \   00000000   939A               ST      -Y, R25
   \   00000002   938A               ST      -Y, R24
   \   00000004   01C8               MOVW    R25:R24, R17:R16
   \   00000006                      REQUIRE ??Subroutine31_0
   \   00000006                      ;               // Fall through to label ??Subroutine31_0

   \                                 In  segment CODE, align 2, keep-with-next
   \                     ??Subroutine31_0:
   \   00000000   E00F               LDI     R16, 15
   \   00000002   E010               LDI     R17, 0
   \   00000004   ........           CALL    `??operator new`
   \   00000008   2F20               MOV     R18, R16
   \   0000000A   2B21               OR      R18, R17
   \   0000000C   9508               RET

   \                                 In  segment CODE, align 2, keep-with-next
   \   __version_3 CMultiFunctionKey &CMultiFunctionKey::new CMultiFunctionKey()
   \                     `??new CMultiFunctionKey`:
   \   00000000   ....               RCALL   ??Subroutine31_0
   \                     ??CrossCallReturnLabel_63:
   \   00000002   F009               BREQ    `??new CMultiFunctionKey_2`
   \   00000004   ....               RJMP    ??CMultiFunctionKey
   \                     `??new CMultiFunctionKey_2`:
   \   00000006                      REQUIRE ?Subroutine12
   \   00000006                      ;               // Fall through to label ?Subroutine12

   \                                 In  segment CODE, align 2, keep-with-next
   \                     ?Subroutine12:
   \   00000000   E000               LDI     R16, 0
   \   00000002   E010               LDI     R17, 0
   \   00000004   9508               RET

   \                                 In  segment CODE, align 2, keep-with-next
   \   __version_3 CMultiFunctionKey &CMultiFunctionKey::new CMultiFunctionKey(uint8_t (*)())
   \                     `??new CMultiFunctionKey_1`:
   \   00000000   ....               RCALL   ?Subroutine10
   \                     ??CrossCallReturnLabel_61:
   \   00000002   F019               BREQ    `??new CMultiFunctionKey_3`
   \   00000004   019C               MOVW    R19:R18, R25:R24
   \   00000006   ....               RCALL   ??CMultiFunctionKey_1
   \   00000008   C001               RJMP    ??CrossCallReturnLabel_8
   \                     `??new CMultiFunctionKey_3`:
   \   0000000A   ....               RCALL   ?Subroutine12
   \                     ??CrossCallReturnLabel_8:
   \   0000000C   ....               RJMP    ?Subroutine25

   Maximum stack usage in bytes:

   CSTACK RSTACK Function
   ------ ------ --------
      2      2   CInputDevice::CInputDevice()
        2      4   -> CDfa::CDfa()
        2      2   -> CTimer::CTimer()
      4      2   CInputDevice::CInputDevice(uint8_t (*)())
        4      4   -> CDfa::CDfa()
        4      2   -> CTimer::CTimer()
      2      2   CInputDevice::EventHappened()
        2      2   -- Indirect call
      2      2   CInputDevice::Fsm()
        2      4   -- Indirect call
        2      6   -- Indirect call
        2      4   -> CInputDevice::EventHappened()
        2      4   -> CTimer::IsOverflow()
        2      4   -> CTimer::Set(uint16_t)
        2      6   -> CTimer::Set(uint16_t)
      0      2   CInputDevice::KEY_PRESSED_HOLD_REPEAT_TIME()
      0      2   CInputDevice::KEY_PRESSED_TIME_CHECK()
      0      2   CInputDevice::KEY_PRESSED_TIME_HOLD()
      0      2   CInputDevice::KEY_PRESSED_TIME_PUSH()
      4      2   CInputDevice::KeyEventHappened(uint8_t)
        4      2   -- Indirect call
      0      2   CInputDevice::SetCapabilities(uint8_t (*)())
      0      2   CInputDevice::new CInputDevice()
        0      2   -> CInputDevice::CInputDevice()
        0      4   -> operator new(unsigned int)
      2      2   CInputDevice::new CInputDevice(uint8_t (*)())
        2      2   -> CInputDevice::CInputDevice(uint8_t (*)())
        2      4   -> operator new(unsigned int)
      4      2   CInputDevice::~CInputDevice()
        4      2   -> CDfa::~CDfa()
        4      2   -> CTimer::~CTimer()
        4      2   -> operator delete(void *)
      2      2   CMultiFunctionKey::CMultiFunctionKey()
        2      4   -> CInputDevice::CInputDevice()
      4      2   CMultiFunctionKey::CMultiFunctionKey(uint8_t (*)())
        4      4   -> CInputDevice::CInputDevice()
      2      2   CMultiFunctionKey::Fsm()
        2      4   -- Indirect call
        2      4   -> CInputDevice::EventHappened()
        2      4   -> CTimer::IsOverflow()
        2      4   -> CTimer::Set(uint16_t)
        2      6   -> CTimer::Set(uint16_t)
      0      2   CMultiFunctionKey::KEY_PRESSED_TIME_CHECK()
      0      2   CMultiFunctionKey::new CMultiFunctionKey()
        0      2   -> CMultiFunctionKey::CMultiFunctionKey()
        0      4   -> operator new(unsigned int)
      2      2   CMultiFunctionKey::new CMultiFunctionKey(uint8_t (*)())
        2      2   -> CMultiFunctionKey::CMultiFunctionKey(uint8_t (*)())
        2      4   -> operator new(unsigned int)
      3      2   CMultiFunctionKey::~CMultiFunctionKey()
        3      2   -> CInputDevice::~CInputDevice()
        3      2   -> operator delete(void *)


   Segment part sizes:

   Bytes  Function/Label
   -----  --------------
       4  ??Subroutine30_0
      14  ??Subroutine31_0
       6  ??Subroutine32_0
       4  ??Subroutine33_0
       8  ?Subroutine0
       8  ?Subroutine1
       6  ?Subroutine10
       2  ?Subroutine11
       6  ?Subroutine12
      10  ?Subroutine13
      10  ?Subroutine14
       8  ?Subroutine15
      10  ?Subroutine16
       4  ?Subroutine17
      14  ?Subroutine19
       4  ?Subroutine2
       8  ?Subroutine20
      12  ?Subroutine21
       6  ?Subroutine22
       8  ?Subroutine23
       8  ?Subroutine24
       6  ?Subroutine25
       4  ?Subroutine26
       4  ?Subroutine27
       2  ?Subroutine28
       4  ?Subroutine29
       4  ?Subroutine4
       6  ?Subroutine6
       6  ?Subroutine7
      10  ?Subroutine8
       8  ?Subroutine9
       8  CInputDevice::CInputDevice()
      16  CInputDevice::CInputDevice(uint8_t (*)())
      22  CInputDevice::EventHappened()
     102  CInputDevice::Fsm()
       6  CInputDevice::KEY_PRESSED_HOLD_REPEAT_TIME()
       6  CInputDevice::KEY_PRESSED_TIME_CHECK()
       6  CInputDevice::KEY_PRESSED_TIME_HOLD()
       6  CInputDevice::KEY_PRESSED_TIME_PUSH()
      32  CInputDevice::KeyEventHappened(uint8_t)
      14  CInputDevice::SetCapabilities(uint8_t (*)())
       8  CInputDevice::new CInputDevice()
      12  CInputDevice::new CInputDevice(uint8_t (*)())
      38  CInputDevice::~CInputDevice()
       4  CMultiFunctionKey::CMultiFunctionKey()
      14  CMultiFunctionKey::CMultiFunctionKey(uint8_t (*)())
     160  CMultiFunctionKey::Fsm()
       6  CMultiFunctionKey::KEY_PRESSED_TIME_CHECK()
       6  CMultiFunctionKey::new CMultiFunctionKey()
      14  CMultiFunctionKey::new CMultiFunctionKey(uint8_t (*)())
      36  CMultiFunctionKey::~CMultiFunctionKey()
      24  -- Other

 
 730 bytes in segment CODE
  24 bytes in segment NEAR_F
 
 700 bytes of CODE memory (+ 54 bytes shared)

Errors: none
Warnings: none
