################################################################################
#                                                                              #
#      IAR Universal Linker V6.5.2.97                                          #
#                                                                              #
#           Link time     =  29/Nov/2022  02:07:36                             #
#           Target CPU    =  A90                                               #
#           List file     =  D:\Projects\CautoProjects\PSS48\PSS48\Debug\List\ #
#                            PSS48.map                                         #
#           Output file 1 =  D:\Projects\CautoProjects\PSS48\PSS48\Debug\Exe\P #
#                            SS48.hex                                          #
#                            Format: intel-standard                            #
#           Output file 2 =  D:\Projects\CautoProjects\PSS48\PSS48\Debug\Exe\P #
#                            SS48.d90                                          #
#                            Format: ubrof8                                    #
#                            UBROF version 8.0.2                               #
#           Command line  =  -f C:\Users\ghost\AppData\Local\Temp\EW9BF6.tmp   #
#                            (D:\Projects\CautoProjects\PSS48\PSS48\Debug\Obj\ #
#                            Alarm.r90                                         #
#                            D:\Projects\CautoProjects\PSS48\PSS48\Debug\Obj\A #
#                            larmWindow.r90                                    #
#                            D:\Projects\CautoProjects\PSS48\PSS48\Debug\Obj\B #
#                            uzzer.r90                                         #
#                            D:\Projects\CautoProjects\PSS48\PSS48\Debug\Obj\C #
#                            rc.r90                                            #
#                            D:\Projects\CautoProjects\PSS48\PSS48\Debug\Obj\D #
#                            ataBase.r90                                       #
#                            D:\Projects\CautoProjects\PSS48\PSS48\Debug\Obj\D #
#                            ataStore.r90                                      #
#                            D:\Projects\CautoProjects\PSS48\PSS48\Debug\Obj\D #
#                            fa.r90                                            #
#                            D:\Projects\CautoProjects\PSS48\PSS48\Debug\Obj\D #
#                            M134.r90                                          #
#                            D:\Projects\CautoProjects\PSS48\PSS48\Debug\Obj\E #
#                            vent.r90                                          #
#                            D:\Projects\CautoProjects\PSS48\PSS48\Debug\Obj\H #
#                            ammingCodes.r90                                   #
#                            D:\Projects\CautoProjects\PSS48\PSS48\Debug\Obj\I #
#                            nputDevice.r90                                    #
#                            D:\Projects\CautoProjects\PSS48\PSS48\Debug\Obj\L #
#                            ightBoard.r90                                     #
#                            D:\Projects\CautoProjects\PSS48\PSS48\Debug\Obj\L #
#                            inkControl.r90                                    #
#                            D:\Projects\CautoProjects\PSS48\PSS48\Debug\Obj\m #
#                            ain.r90                                           #
#                            D:\Projects\CautoProjects\PSS48\PSS48\Debug\Obj\m #
#                            odbus.r90                                         #
#                            D:\Projects\CautoProjects\PSS48\PSS48\Debug\Obj\M #
#                            odbusRTU.r90                                      #
#                            D:\Projects\CautoProjects\PSS48\PSS48\Debug\Obj\M #
#                            oduleMrXX.r90                                     #
#                            D:\Projects\CautoProjects\PSS48\PSS48\Debug\Obj\M #
#                            vsn21.r90                                         #
#                            D:\Projects\CautoProjects\PSS48\PSS48\Debug\Obj\N #
#                            otifyerControl.r90                                #
#                            D:\Projects\CautoProjects\PSS48\PSS48\Debug\Obj\P #
#                            latform.r90                                       #
#                            D:\Projects\CautoProjects\PSS48\PSS48\Debug\Obj\P #
#                            ss21.r90                                          #
#                            D:\Projects\CautoProjects\PSS48\PSS48\Debug\Obj\T #
#                            imer.r90                                          #
#                            -l                                                #
#                            D:\Projects\CautoProjects\PSS48\PSS48\Debug\List\ #
#                            PSS48.map                                         #
#                            -xms                                              #
#                            "-IC:\Program Files (x86)\IAR Systems\Embedded Wo #
#                            rkbench 8.0\avr\LIB\"                             #
#                            -f                                                #
#                            "C:\Program Files (x86)\IAR Systems\Embedded Work #
#                            bench 8.0\avr\src\template\cfgm128a.xcl"          #
#                            (-D_..X_INTVEC_SIZE=8C -D_..X_FLASH_END=1FFFF     #
#                            -D_..X_FLASH_NEND=FFFF -D_..X_SRAM_BASE=100       #
#                            -D_..X_SRAM_TBASE=0 -D_..X_SRAM_TSIZE=0           #
#                            -D_..X_SRAM_END=10FF -D_..X_EEPROM_START=0        #
#                            -D_..X_EEPROM_END=FFF) -D_..X_HEAP_SIZE=0         #
#                            -D_..X_TINY_HEAP_SIZE=0                           #
#                            -D_..X_NEAR_HEAP_SIZE=400                         #
#                            -D_..X_FAR_HEAP_SIZE=0 -D_..X_HUGE_HEAP_SIZE=0    #
#                            -D_..X_CSTACK_SIZE=200 -D_..X_RSTACK_SIZE=40      #
#                            -D_..X_FLASH_CODE_END=1FFFF -f                    #
#                            "C:\Program Files (x86)\IAR Systems\Embedded Work #
#                            bench 8.0\avr\src\template\cfg3soim.xcl"          #
#                            (-ca90 -w29                                       #
#                            -Z(CODE)INTVEC=0-(_..X_INTVEC_SIZE-1)             #
#                            -Z(CODE)TINY_F=_..X_FLASH_BASE-FF                 #
#                            -Z(CODE)NEAR_F=_..X_FLASH_BASE-_..X_FLASH_NEND    #
#                            -Z(CODE)SWITCH=_..X_FLASH_BASE-_..X_FLASH_NEND    #
#                            -Z(CODE)DIFUNCT=_..X_FLASH_BASE-_..X_FLASH_NEND   #
#                            -Z(CODE)CODE=_..X_FLASH_BASE-_..X_FLASH_END       #
#                            -P(CODE)FAR_F=[_..X_FLASH_BASE-_..X_FLASH_END]/10 #
#                            000                                               #
#                            -Z(CODE)INITTAB=_..X_FLASH_BASE-_..X_FLASH_END    #
#                            -Z(CODE)HUGE_F=_..X_FLASH_BASE-_..X_FLASH_END     #
#                            -Z(CODE)TINY_ID=_..X_FLASH_BASE-_..X_FLASH_END    #
#                            -Z(CODE)NEAR_ID=_..X_FLASH_BASE-_..X_FLASH_END    #
#                            -Z(CODE)CHECKSUM#_..X_FLASH_END                   #
#                            -Z(DATA)TINY_I,TINY_Z,TINY_N=_..X_SRAM_TBASE:+_.. #
#                            X_SRAM_TSIZE                                      #
#                            -Z(DATA)CSTACK+_..X_CSTACK_SIZE=_..X_CSTACK_BASE- #
#                            _..X_CSTACK_END                                   #
#                            -Z(DATA)HEAP+_..X_HEAP_SIZE=_..X_SRAM_BASE-_..X_S #
#                            RAM_END                                           #
#                            -Z(DATA)IOSTREAM_N#_..X_SRAM_BASE-_..X_SRAM_END   #
#                            -Z(DATA)NEAR_HEAP+_..X_NEAR_HEAP_SIZE=_..X_SRAM_B #
#                            ASE-_..X_SRAM_END                                 #
#                            -Z(DATA)RSTACK+_..X_RSTACK_SIZE=_..X_RSTACK_BASE- #
#                            _..X_RSTACK_END                                   #
#                            -Z(DATA)NEAR_I,NEAR_Z,NEAR_N=_..X_SRAM_BASE-_..X_ #
#                            SRAM_END                                          #
#                            -Z(XDATA)EEPROM_I,EEPROM_N=_..X_EEPROM_START-_..X #
#                            _EEPROM_END)                                      #
#                            -D_..X_FLASH_BASE=_..X_INTVEC_SIZE -H1895         #
#                            -h(CODE)0-(_..X_INTVEC_SIZE-1)                    #
#                            -D_..X_EXT_SRAM_BASE=_..X_SRAM_END                #
#                            -D_..X_EXT_SRAM_SIZE=0                            #
#                            -D_..X_EXT_ROM_BASE=_..X_SRAM_END                 #
#                            -D_..X_EXT_ROM_SIZE=0                             #
#                            -D_..X_EXT_NV_BASE=_..X_SRAM_END                  #
#                            -D_..X_EXT_NV_SIZE=0                              #
#                            -D_..X_CSTACK_BASE=_..X_SRAM_BASE                 #
#                            -D_..X_CSTACK_END=_..X_SRAM_END                   #
#                            -D_..X_RSTACK_BASE=_..X_SRAM_BASE                 #
#                            -D_..X_RSTACK_END=_..X_SRAM_END                   #
#                            -Oubrof8=D:\Projects\CautoProjects\PSS48\PSS48\De #
#                            bug\Exe\PSS48.d90                                 #
#                            -s __program_start                                #
#                            "C:\Program Files (x86)\IAR Systems\Embedded Work #
#                            bench 8.0\avr\LIB\DLIB\dlAVR-3s-ec_mul-n.r90"     #
#                            -o                                                #
#                            D:\Projects\CautoProjects\PSS48\PSS48\Debug\Exe\P #
#                            SS48.hex                                          #
#                            -Fintel-standard)                                 #
#                                                                              #
#                           Copyright (C) 1987-2017 IAR Systems AB.            #
################################################################################





                ****************************************
                *                                      *
                *           CROSS REFERENCE            *
                *                                      *
                ****************************************

       Program entry at : CODE      000042FC  Relocatable, from module : ?C_STARTUP




                ****************************************
                *                                      *
                *            RUNTIME MODEL             *
                *                                      *
                ****************************************

  R10                        = REG
  R11                        = REG
  R12                        = REG
  R13                        = REG
  R14                        = REG
  R15                        = REG
  R4                         = REG
  R5                         = REG
  R6                         = REG
  R7                         = REG
  R8                         = REG
  R9                         = REG
  __64bit_doubles            = disabled
  __Heap_Handler             = Basic
  __SystemLibrary            = DLib
  __cpu                      = 3
  __cpu_name                 = ATmega128A
  __dlib_file_descriptor     = 0
  __dlib_full_locale_support = 0
  __enhanced_core            = enabled
  __has_elpm                 = true
  __memory_model             = 2
  __no_rampd                 = enabled
  __rt_version               = 3
  __tiny_avr                 = false
  __vtable_memory            = __nearflash

                ****************************************
                *                                      *
                *    AUTOMATIC SYMBOL REDIRECTIONS     *
                *                                      *
                ****************************************

                  There are no automatic symbol redirections.



                ****************************************
                *                                      *
                *              MODULE MAP              *
                *                                      *
                ****************************************


  DEFINED ABSOLUTE ENTRIES
  PROGRAM MODULE, NAME : ?ABS_ENTRY_MOD

Absolute parts
           ENTRY                   ADDRESS         REF BY
           =====                   =======         ======
           _..X_RSTACK_END         000010FF 
           _..X_RSTACK_BASE        00000100 
           _..X_CSTACK_END         000010FF 
           _..X_CSTACK_BASE        00000100 
           _..X_EXT_NV_SIZE        00000000 
           _..X_EXT_NV_BASE        000010FF 
           _..X_EXT_ROM_SIZE       00000000 
           _..X_EXT_ROM_BASE       000010FF 
           _..X_EXT_SRAM_SIZE      00000000 
           _..X_EXT_SRAM_BASE      000010FF 
           _..X_FLASH_BASE         0000008C 
           _..X_FLASH_CODE_END     0001FFFF 
           _..X_RSTACK_SIZE        00000040 
           _..X_CSTACK_SIZE        00000200 
           _..X_HUGE_HEAP_SIZE     00000000 
           _..X_FAR_HEAP_SIZE      00000000 
           _..X_NEAR_HEAP_SIZE     00000400 
           _..X_TINY_HEAP_SIZE     00000000 
           _..X_HEAP_SIZE          00000000 
           _..X_EEPROM_END         00000FFF 
           _..X_EEPROM_START       00000000 
           _..X_SRAM_END           000010FF 
           _..X_SRAM_TSIZE         00000000 
           _..X_SRAM_TBASE         00000000 
           _..X_SRAM_BASE          00000100 
           _..X_FLASH_NEND         0000FFFF 
           _..X_FLASH_END          0001FFFF 
           _..X_INTVEC_SIZE        0000008C 
    *************************************************************************

  FILE NAME : D:\Projects\CautoProjects\PSS48\PSS48\Debug\Obj\Alarm.r90
  PROGRAM MODULE, NAME : Alarm

  SEGMENTS IN THE MODULE
  ======================
ABSOLUTE
  Relative segment, address: DATA 0000009D - 0000009D (0x1 bytes), align: 0
  Segment part 1. ROOT        Intra module refs:   __sti__routine() (Pss21)
           ENTRY                   ADDRESS         REF BY
           =====                   =======         ======
           _A_UCSR1C               0000009D 
           LOCAL                   ADDRESS         
           =====                   =======         
           UCSR1C                  0000009D 
    -------------------------------------------------------------------------
ABSOLUTE
  Relative segment, address: DATA 0000009C - 0000009C (0x1 bytes), align: 0
  Segment part 2. ROOT        Intra module refs:   __sti__routine() (Pss21)
           ENTRY                   ADDRESS         REF BY
           =====                   =======         ======
           _A_UDR1                 0000009C 
           LOCAL                   ADDRESS         
           =====                   =======         
           UDR1                    0000009C 
    -------------------------------------------------------------------------
ABSOLUTE
  Relative segment, address: DATA 0000009B - 0000009B (0x1 bytes), align: 0
  Segment part 3. ROOT        Intra module refs:   __sti__routine() (Pss21)
           ENTRY                   ADDRESS         REF BY
           =====                   =======         ======
           _A_UCSR1A               0000009B 
           LOCAL                   ADDRESS         
           =====                   =======         
           UCSR1A                  0000009B 
    -------------------------------------------------------------------------
ABSOLUTE
  Relative segment, address: DATA 0000009A - 0000009A (0x1 bytes), align: 0
  Segment part 4. ROOT        Intra module refs:   __sti__routine() (Pss21)
           ENTRY                   ADDRESS         REF BY
           =====                   =======         ======
           _A_UCSR1B               0000009A 
           LOCAL                   ADDRESS         
           =====                   =======         
           UCSR1B                  0000009A 
    -------------------------------------------------------------------------
ABSOLUTE
  Relative segment, address: DATA 00000099 - 00000099 (0x1 bytes), align: 0
  Segment part 5. ROOT        Intra module refs:   __sti__routine() (Pss21)
           ENTRY                   ADDRESS         REF BY
           =====                   =======         ======
           _A_UBRR1L               00000099 
           LOCAL                   ADDRESS         
           =====                   =======         
           UBRR1L                  00000099 
    -------------------------------------------------------------------------
ABSOLUTE
  Relative segment, address: DATA 00000098 - 00000098 (0x1 bytes), align: 0
  Segment part 6. ROOT        Intra module refs:   __sti__routine() (Pss21)
           ENTRY                   ADDRESS         REF BY
           =====                   =======         ======
           _A_UBRR1H               00000098 
           LOCAL                   ADDRESS         
           =====                   =======         
           UBRR1H                  00000098 
    -------------------------------------------------------------------------
ABSOLUTE
  Relative segment, address: DATA 00000095 - 00000095 (0x1 bytes), align: 0
  Segment part 7. ROOT 
           ENTRY                   ADDRESS         REF BY
           =====                   =======         ======
           _A_UCSR0C               00000095 
           LOCAL                   ADDRESS         
           =====                   =======         
           UCSR0C                  00000095 
    -------------------------------------------------------------------------
ABSOLUTE
  Relative segment, address: DATA 00000090 - 00000090 (0x1 bytes), align: 0
  Segment part 8. ROOT 
           ENTRY                   ADDRESS         REF BY
           =====                   =======         ======
           _A_UBRR0H               00000090 
           LOCAL                   ADDRESS         
           =====                   =======         
           UBRR0H                  00000090 
    -------------------------------------------------------------------------
ABSOLUTE
  Relative segment, address: DATA 0000008C - 0000008C (0x1 bytes), align: 0
  Segment part 9. ROOT 
           ENTRY                   ADDRESS         REF BY
           =====                   =======         ======
           _A_TCCR3C               0000008C 
           LOCAL                   ADDRESS         
           =====                   =======         
           TCCR3C                  0000008C 
    -------------------------------------------------------------------------
ABSOLUTE
  Relative segment, address: DATA 0000008B - 0000008B (0x1 bytes), align: 0
  Segment part 10. ROOT       Intra module refs:   CPlatform::BuzzerTimerFrequencySet(uint16_t) (Platform)
                                                   CPlatform::BuzzerTimerStop() (Platform)
           ENTRY                   ADDRESS         REF BY
           =====                   =======         ======
           _A_TCCR3A               0000008B 
           LOCAL                   ADDRESS         
           =====                   =======         
           TCCR3A                  0000008B 
    -------------------------------------------------------------------------
ABSOLUTE
  Relative segment, address: DATA 0000008A - 0000008A (0x1 bytes), align: 0
  Segment part 11. ROOT       Intra module refs:   ?Subroutine29 (Platform)
                                                   CPlatform::BuzzerTimerFrequencySet(uint16_t) (Platform)
                                                   CPlatform::BuzzerTimerStop() (Platform)
           ENTRY                   ADDRESS         REF BY
           =====                   =======         ======
           _A_TCCR3B               0000008A 
           LOCAL                   ADDRESS         
           =====                   =======         
           TCCR3B                  0000008A 
    -------------------------------------------------------------------------
ABSOLUTE
  Relative segment, address: DATA 00000088 - 00000089 (0x2 bytes), align: 0
  Segment part 12. ROOT 
           ENTRY                   ADDRESS         REF BY
           =====                   =======         ======
           _A_TCNT3                00000088 
           LOCAL                   ADDRESS         
           =====                   =======         
           TCNT3                   00000088 
           TCNT3H                  00000089 
           TCNT3L                  00000088 
    -------------------------------------------------------------------------
ABSOLUTE
  Relative segment, address: DATA 00000086 - 00000087 (0x2 bytes), align: 0
  Segment part 13. ROOT       Intra module refs:   CPlatform::BuzzerTimerFrequencySet(uint16_t) (Platform)
           ENTRY                   ADDRESS         REF BY
           =====                   =======         ======
           _A_OCR3A                00000086 
           LOCAL                   ADDRESS         
           =====                   =======         
           OCR3A                   00000086 
           OCR3AH                  00000087 
           OCR3AL                  00000086 
    -------------------------------------------------------------------------
ABSOLUTE
  Relative segment, address: DATA 00000084 - 00000085 (0x2 bytes), align: 0
  Segment part 14. ROOT       Intra module refs:   CPlatform::BuzzerTimerFrequencySet(uint16_t) (Platform)
           ENTRY                   ADDRESS         REF BY
           =====                   =======         ======
           _A_OCR3B                00000084 
           LOCAL                   ADDRESS         
           =====                   =======         
           OCR3B                   00000084 
           OCR3BH                  00000085 
           OCR3BL                  00000084 
    -------------------------------------------------------------------------
ABSOLUTE
  Relative segment, address: DATA 00000082 - 00000083 (0x2 bytes), align: 0
  Segment part 15. ROOT 
           ENTRY                   ADDRESS         REF BY
           =====                   =======         ======
           _A_OCR3C                00000082 
           LOCAL                   ADDRESS         
           =====                   =======         
           OCR3C                   00000082 
           OCR3CH                  00000083 
           OCR3CL                  00000082 
    -------------------------------------------------------------------------
ABSOLUTE
  Relative segment, address: DATA 00000080 - 00000081 (0x2 bytes), align: 0
  Segment part 16. ROOT       Intra module refs:   CPlatform::BuzzerTimerFrequencySet(uint16_t) (Platform)
           ENTRY                   ADDRESS         REF BY
           =====                   =======         ======
           _A_ICR3                 00000080 
           LOCAL                   ADDRESS         
           =====                   =======         
           ICR3                    00000080 
           ICR3H                   00000081 
           ICR3L                   00000080 
    -------------------------------------------------------------------------
ABSOLUTE
  Relative segment, address: DATA 0000007D - 0000007D (0x1 bytes), align: 0
  Segment part 17. ROOT 
           ENTRY                   ADDRESS         REF BY
           =====                   =======         ======
           _A_ETIMSK               0000007D 
           LOCAL                   ADDRESS         
           =====                   =======         
           ETIMSK                  0000007D 
    -------------------------------------------------------------------------
ABSOLUTE
  Relative segment, address: DATA 0000007C - 0000007C (0x1 bytes), align: 0
  Segment part 18. ROOT 
           ENTRY                   ADDRESS         REF BY
           =====                   =======         ======
           _A_ETIFR                0000007C 
           LOCAL                   ADDRESS         
           =====                   =======         
           ETIFR                   0000007C 
    -------------------------------------------------------------------------
ABSOLUTE
  Relative segment, address: DATA 0000007A - 0000007A (0x1 bytes), align: 0
  Segment part 19. ROOT 
           ENTRY                   ADDRESS         REF BY
           =====                   =======         ======
           _A_TCCR1C               0000007A 
           LOCAL                   ADDRESS         
           =====                   =======         
           TCCR1C                  0000007A 
    -------------------------------------------------------------------------
ABSOLUTE
  Relative segment, address: DATA 00000078 - 00000079 (0x2 bytes), align: 0
  Segment part 20. ROOT 
           ENTRY                   ADDRESS         REF BY
           =====                   =======         ======
           _A_OCR1C                00000078 
           LOCAL                   ADDRESS         
           =====                   =======         
           OCR1C                   00000078 
           OCR1CH                  00000079 
           OCR1CL                  00000078 
    -------------------------------------------------------------------------
ABSOLUTE
  Relative segment, address: DATA 00000074 - 00000074 (0x1 bytes), align: 0
  Segment part 21. ROOT 
           ENTRY                   ADDRESS         REF BY
           =====                   =======         ======
           _A_TWCR                 00000074 
           LOCAL                   ADDRESS         
           =====                   =======         
           TWCR                    00000074 
    -------------------------------------------------------------------------
ABSOLUTE
  Relative segment, address: DATA 00000073 - 00000073 (0x1 bytes), align: 0
  Segment part 22. ROOT 
           ENTRY                   ADDRESS         REF BY
           =====                   =======         ======
           _A_TWDR                 00000073 
           LOCAL                   ADDRESS         
           =====                   =======         
           TWDR                    00000073 
    -------------------------------------------------------------------------
ABSOLUTE
  Relative segment, address: DATA 00000072 - 00000072 (0x1 bytes), align: 0
  Segment part 23. ROOT 
           ENTRY                   ADDRESS         REF BY
           =====                   =======         ======
           _A_TWAR                 00000072 
           LOCAL                   ADDRESS         
           =====                   =======         
           TWAR                    00000072 
    -------------------------------------------------------------------------
ABSOLUTE
  Relative segment, address: DATA 00000071 - 00000071 (0x1 bytes), align: 0
  Segment part 24. ROOT 
           ENTRY                   ADDRESS         REF BY
           =====                   =======         ======
           _A_TWSR                 00000071 
           LOCAL                   ADDRESS         
           =====                   =======         
           TWSR                    00000071 
    -------------------------------------------------------------------------
ABSOLUTE
  Relative segment, address: DATA 00000070 - 00000070 (0x1 bytes), align: 0
  Segment part 25. ROOT 
           ENTRY                   ADDRESS         REF BY
           =====                   =======         ======
           _A_TWBR                 00000070 
           LOCAL                   ADDRESS         
           =====                   =======         
           TWBR                    00000070 
    -------------------------------------------------------------------------
ABSOLUTE
  Relative segment, address: DATA 0000006F - 0000006F (0x1 bytes), align: 0
  Segment part 26. ROOT 
           ENTRY                   ADDRESS         REF BY
           =====                   =======         ======
           _A_OSCCAL               0000006F 
           LOCAL                   ADDRESS         
           =====                   =======         
           OSCCAL                  0000006F 
    -------------------------------------------------------------------------
ABSOLUTE
  Relative segment, address: DATA 0000006D - 0000006D (0x1 bytes), align: 0
  Segment part 27. ROOT 
           ENTRY                   ADDRESS         REF BY
           =====                   =======         ======
           _A_XMCRA                0000006D 
           LOCAL                   ADDRESS         
           =====                   =======         
           XMCRA                   0000006D 
    -------------------------------------------------------------------------
ABSOLUTE
  Relative segment, address: DATA 0000006C - 0000006C (0x1 bytes), align: 0
  Segment part 28. ROOT 
           ENTRY                   ADDRESS         REF BY
           =====                   =======         ======
           _A_XMCRB                0000006C 
           LOCAL                   ADDRESS         
           =====                   =======         
           XMCRB                   0000006C 
    -------------------------------------------------------------------------
ABSOLUTE
  Relative segment, address: DATA 0000006A - 0000006A (0x1 bytes), align: 0
  Segment part 29. ROOT 
           ENTRY                   ADDRESS         REF BY
           =====                   =======         ======
           _A_EICRA                0000006A 
           LOCAL                   ADDRESS         
           =====                   =======         
           EICRA                   0000006A 
    -------------------------------------------------------------------------
ABSOLUTE
  Relative segment, address: DATA 00000068 - 00000068 (0x1 bytes), align: 0
  Segment part 30. ROOT 
           ENTRY                   ADDRESS         REF BY
           =====                   =======         ======
           _A_SPMCSR               00000068 
           LOCAL                   ADDRESS         
           =====                   =======         
           SPMCSR                  00000068 
    -------------------------------------------------------------------------
ABSOLUTE
  Relative segment, address: DATA 00000065 - 00000065 (0x1 bytes), align: 0
  Segment part 31. ROOT 
           ENTRY                   ADDRESS         REF BY
           =====                   =======         ======
           _A_PORTG                00000065 
           LOCAL                   ADDRESS         
           =====                   =======         
           PORTG                   00000065 
    -------------------------------------------------------------------------
ABSOLUTE
  Relative segment, address: DATA 00000064 - 00000064 (0x1 bytes), align: 0
  Segment part 32. ROOT       Intra module refs:   CPlatform::Init() (Platform)
           ENTRY                   ADDRESS         REF BY
           =====                   =======         ======
           _A_DDRG                 00000064 
           LOCAL                   ADDRESS         
           =====                   =======         
           DDRG                    00000064 
    -------------------------------------------------------------------------
ABSOLUTE
  Relative segment, address: DATA 00000063 - 00000063 (0x1 bytes), align: 0
  Segment part 33. ROOT       Intra module refs:   CPlatform::ExternalKeyState() (Pss21)
           ENTRY                   ADDRESS         REF BY
           =====                   =======         ======
           _A_PING                 00000063 
           LOCAL                   ADDRESS         
           =====                   =======         
           PING                    00000063 
    -------------------------------------------------------------------------
ABSOLUTE
  Relative segment, address: DATA 00000062 - 00000062 (0x1 bytes), align: 0
  Segment part 34. ROOT       Intra module refs:   CDM134::Init() (DM134)
                                                   CDM134::Set(uint8_t *, uint8_t) (DM134)
                                                   CLightBoard::Init(CAlarmWindow *) (LightBoard)
                                                   CModbusRTU::Fsm() (ModbusRTU)
                                                   CPlatform::Init() (Platform)
                                                   CStatusLedNotifyerControl::NotifyerEmergencyOn() (NotifyerControl)
                                                   CStatusLedNotifyerControl::NotifyerNormalOn() (NotifyerControl)
                                                   CStatusLedNotifyerControl::NotifyerOff() (NotifyerControl)
                                                   CStatusLedNotifyerControl::NotifyerPreventiveOn() (NotifyerControl)
           ENTRY                   ADDRESS         REF BY
           =====                   =======         ======
           _A_PORTF                00000062 
           LOCAL                   ADDRESS         
           =====                   =======         
           PORTF                   00000062 
    -------------------------------------------------------------------------
ABSOLUTE
  Relative segment, address: DATA 00000061 - 00000061 (0x1 bytes), align: 0
  Segment part 35. ROOT       Intra module refs:   CDM134::Init() (DM134)
                                                   CLightBoard::Init(CAlarmWindow *) (LightBoard)
                                                   CPlatform::Init() (Platform)
           ENTRY                   ADDRESS         REF BY
           =====                   =======         ======
           _A_DDRF                 00000061 
           LOCAL                   ADDRESS         
           =====                   =======         
           DDRF                    00000061 
    -------------------------------------------------------------------------
ABSOLUTE
  Relative segment, address: DATA 0000005F - 0000005F (0x1 bytes), align: 0
  Segment part 36. ROOT 
           ENTRY                   ADDRESS         REF BY
           =====                   =======         ======
           _A_SREG                 0000005F 
           LOCAL                   ADDRESS         
           =====                   =======         
           SREG                    0000005F 
    -------------------------------------------------------------------------
ABSOLUTE
  Relative segment, address: DATA 0000005D - 0000005E (0x2 bytes), align: 0
  Segment part 37. ROOT 
           ENTRY                   ADDRESS         REF BY
           =====                   =======         ======
           _A_SP                   0000005D 
           LOCAL                   ADDRESS         
           =====                   =======         
           SP                      0000005D 
           SPH                     0000005E 
           SPL                     0000005D 
    -------------------------------------------------------------------------
ABSOLUTE
  Relative segment, address: DATA 0000005C - 0000005C (0x1 bytes), align: 0
  Segment part 38. ROOT 
           ENTRY                   ADDRESS         REF BY
           =====                   =======         ======
           _A_XDIV                 0000005C 
           LOCAL                   ADDRESS         
           =====                   =======         
           XDIV                    0000005C 
    -------------------------------------------------------------------------
ABSOLUTE
  Relative segment, address: DATA 0000005B - 0000005B (0x1 bytes), align: 0
  Segment part 39. ROOT 
           ENTRY                   ADDRESS         REF BY
           =====                   =======         ======
           _A_RAMPZ                0000005B 
           LOCAL                   ADDRESS         
           =====                   =======         
           RAMPZ                   0000005B 
    -------------------------------------------------------------------------
ABSOLUTE
  Relative segment, address: DATA 0000005A - 0000005A (0x1 bytes), align: 0
  Segment part 40. ROOT 
           ENTRY                   ADDRESS         REF BY
           =====                   =======         ======
           _A_EICRB                0000005A 
           LOCAL                   ADDRESS         
           =====                   =======         
           EICRB                   0000005A 
    -------------------------------------------------------------------------
ABSOLUTE
  Relative segment, address: DATA 00000059 - 00000059 (0x1 bytes), align: 0
  Segment part 41. ROOT 
           ENTRY                   ADDRESS         REF BY
           =====                   =======         ======
           _A_EIMSK                00000059 
           LOCAL                   ADDRESS         
           =====                   =======         
           EIMSK                   00000059 
    -------------------------------------------------------------------------
ABSOLUTE
  Relative segment, address: DATA 00000058 - 00000058 (0x1 bytes), align: 0
  Segment part 42. ROOT 
           ENTRY                   ADDRESS         REF BY
           =====                   =======         ======
           _A_EIFR                 00000058 
           LOCAL                   ADDRESS         
           =====                   =======         
           EIFR                    00000058 
    -------------------------------------------------------------------------
ABSOLUTE
  Relative segment, address: DATA 00000057 - 00000057 (0x1 bytes), align: 0
  Segment part 43. ROOT       Intra module refs:   CPlatform::SystemTickInit() (Platform)
           ENTRY                   ADDRESS         REF BY
           =====                   =======         ======
           _A_TIMSK                00000057 
           LOCAL                   ADDRESS         
           =====                   =======         
           TIMSK                   00000057 
    -------------------------------------------------------------------------
ABSOLUTE
  Relative segment, address: DATA 00000056 - 00000056 (0x1 bytes), align: 0
  Segment part 44. ROOT 
           ENTRY                   ADDRESS         REF BY
           =====                   =======         ======
           _A_TIFR                 00000056 
           LOCAL                   ADDRESS         
           =====                   =======         
           TIFR                    00000056 
    -------------------------------------------------------------------------
ABSOLUTE
  Relative segment, address: DATA 00000055 - 00000055 (0x1 bytes), align: 0
  Segment part 45. ROOT 
           ENTRY                   ADDRESS         REF BY
           =====                   =======         ======
           _A_MCUCR                00000055 
           LOCAL                   ADDRESS         
           =====                   =======         
           MCUCR                   00000055 
    -------------------------------------------------------------------------
ABSOLUTE
  Relative segment, address: DATA 00000054 - 00000054 (0x1 bytes), align: 0
  Segment part 46. ROOT 
           ENTRY                   ADDRESS         REF BY
           =====                   =======         ======
           _A_MCUCSR               00000054 
           LOCAL                   ADDRESS         
           =====                   =======         
           MCUCSR                  00000054 
    -------------------------------------------------------------------------
ABSOLUTE
  Relative segment, address: DATA 00000053 - 00000053 (0x1 bytes), align: 0
  Segment part 47. ROOT 
           ENTRY                   ADDRESS         REF BY
           =====                   =======         ======
           _A_TCCR0                00000053 
           LOCAL                   ADDRESS         
           =====                   =======         
           TCCR0                   00000053 
    -------------------------------------------------------------------------
ABSOLUTE
  Relative segment, address: DATA 00000052 - 00000052 (0x1 bytes), align: 0
  Segment part 48. ROOT 
           ENTRY                   ADDRESS         REF BY
           =====                   =======         ======
           _A_TCNT0                00000052 
           LOCAL                   ADDRESS         
           =====                   =======         
           TCNT0                   00000052 
    -------------------------------------------------------------------------
ABSOLUTE
  Relative segment, address: DATA 00000051 - 00000051 (0x1 bytes), align: 0
  Segment part 49. ROOT 
           ENTRY                   ADDRESS         REF BY
           =====                   =======         ======
           _A_OCR0                 00000051 
           LOCAL                   ADDRESS         
           =====                   =======         
           OCR0                    00000051 
    -------------------------------------------------------------------------
ABSOLUTE
  Relative segment, address: DATA 00000050 - 00000050 (0x1 bytes), align: 0
  Segment part 50. ROOT 
           ENTRY                   ADDRESS         REF BY
           =====                   =======         ======
           _A_ASSR                 00000050 
           LOCAL                   ADDRESS         
           =====                   =======         
           ASSR                    00000050 
    -------------------------------------------------------------------------
ABSOLUTE
  Relative segment, address: DATA 0000004F - 0000004F (0x1 bytes), align: 0
  Segment part 51. ROOT 
           ENTRY                   ADDRESS         REF BY
           =====                   =======         ======
           _A_TCCR1A               0000004F 
           LOCAL                   ADDRESS         
           =====                   =======         
           TCCR1A                  0000004F 
    -------------------------------------------------------------------------
ABSOLUTE
  Relative segment, address: DATA 0000004E - 0000004E (0x1 bytes), align: 0
  Segment part 52. ROOT 
           ENTRY                   ADDRESS         REF BY
           =====                   =======         ======
           _A_TCCR1B               0000004E 
           LOCAL                   ADDRESS         
           =====                   =======         
           TCCR1B                  0000004E 
    -------------------------------------------------------------------------
ABSOLUTE
  Relative segment, address: DATA 0000004C - 0000004D (0x2 bytes), align: 0
  Segment part 53. ROOT 
           ENTRY                   ADDRESS         REF BY
           =====                   =======         ======
           _A_TCNT1                0000004C 
           LOCAL                   ADDRESS         
           =====                   =======         
           TCNT1                   0000004C 
           TCNT1H                  0000004D 
           TCNT1L                  0000004C 
    -------------------------------------------------------------------------
ABSOLUTE
  Relative segment, address: DATA 0000004A - 0000004B (0x2 bytes), align: 0
  Segment part 54. ROOT 
           ENTRY                   ADDRESS         REF BY
           =====                   =======         ======
           _A_OCR1A                0000004A 
           LOCAL                   ADDRESS         
           =====                   =======         
           OCR1A                   0000004A 
           OCR1AH                  0000004B 
           OCR1AL                  0000004A 
    -------------------------------------------------------------------------
ABSOLUTE
  Relative segment, address: DATA 00000048 - 00000049 (0x2 bytes), align: 0
  Segment part 55. ROOT 
           ENTRY                   ADDRESS         REF BY
           =====                   =======         ======
           _A_OCR1B                00000048 
           LOCAL                   ADDRESS         
           =====                   =======         
           OCR1B                   00000048 
           OCR1BH                  00000049 
           OCR1BL                  00000048 
    -------------------------------------------------------------------------
ABSOLUTE
  Relative segment, address: DATA 00000046 - 00000047 (0x2 bytes), align: 0
  Segment part 56. ROOT 
           ENTRY                   ADDRESS         REF BY
           =====                   =======         ======
           _A_ICR1                 00000046 
           LOCAL                   ADDRESS         
           =====                   =======         
           ICR1                    00000046 
           ICR1H                   00000047 
           ICR1L                   00000046 
    -------------------------------------------------------------------------
ABSOLUTE
  Relative segment, address: DATA 00000045 - 00000045 (0x1 bytes), align: 0
  Segment part 57. ROOT       Intra module refs:   CPlatform::SystemTickInit() (Platform)
           ENTRY                   ADDRESS         REF BY
           =====                   =======         ======
           _A_TCCR2                00000045 
           LOCAL                   ADDRESS         
           =====                   =======         
           TCCR2                   00000045 
    -------------------------------------------------------------------------
ABSOLUTE
  Relative segment, address: DATA 00000044 - 00000044 (0x1 bytes), align: 0
  Segment part 58. ROOT 
           ENTRY                   ADDRESS         REF BY
           =====                   =======         ======
           _A_TCNT2                00000044 
           LOCAL                   ADDRESS         
           =====                   =======         
           TCNT2                   00000044 
    -------------------------------------------------------------------------
ABSOLUTE
  Relative segment, address: DATA 00000043 - 00000043 (0x1 bytes), align: 0
  Segment part 59. ROOT       Intra module refs:   CPlatform::SystemTickInit() (Platform)
           ENTRY                   ADDRESS         REF BY
           =====                   =======         ======
           _A_OCR2                 00000043 
           LOCAL                   ADDRESS         
           =====                   =======         
           OCR2                    00000043 
    -------------------------------------------------------------------------
ABSOLUTE
  Relative segment, address: DATA 00000042 - 00000042 (0x1 bytes), align: 0
  Segment part 60. ROOT 
           ENTRY                   ADDRESS         REF BY
           =====                   =======         ======
           _A_OCDR                 00000042 
           LOCAL                   ADDRESS         
           =====                   =======         
           OCDR                    00000042 
    -------------------------------------------------------------------------
ABSOLUTE
  Relative segment, address: DATA 00000041 - 00000041 (0x1 bytes), align: 0
  Segment part 61. ROOT       Intra module refs:   CPss21::MainFsm() (Pss21)
           ENTRY                   ADDRESS         REF BY
           =====                   =======         ======
           _A_WDTCR                00000041 
           LOCAL                   ADDRESS         
           =====                   =======         
           WDTCR                   00000041 
    -------------------------------------------------------------------------
ABSOLUTE
  Relative segment, address: DATA 00000040 - 00000040 (0x1 bytes), align: 0
  Segment part 62. ROOT 
           ENTRY                   ADDRESS         REF BY
           =====                   =======         ======
           _A_SFIOR                00000040 
           LOCAL                   ADDRESS         
           =====                   =======         
           SFIOR                   00000040 
    -------------------------------------------------------------------------
ABSOLUTE
  Relative segment, address: DATA 0000003E - 0000003F (0x2 bytes), align: 0
  Segment part 63. ROOT       Intra module refs:   CEeprom::ReadByte(uint16_t) (Platform)
                                                   CEeprom::ReadyInterruptHandler() (Platform)
           ENTRY                   ADDRESS         REF BY
           =====                   =======         ======
           _A_EEAR                 0000003E 
           LOCAL                   ADDRESS         
           =====                   =======         
           EEAR                    0000003E 
           EEARH                   0000003F 
           EEARL                   0000003E 
    -------------------------------------------------------------------------
ABSOLUTE
  Relative segment, address: DATA 0000003D - 0000003D (0x1 bytes), align: 0
  Segment part 64. ROOT       Intra module refs:   CEeprom::ReadByte(uint16_t) (Platform)
                                                   CEeprom::ReadyInterruptHandler() (Platform)
           ENTRY                   ADDRESS         REF BY
           =====                   =======         ======
           _A_EEDR                 0000003D 
           LOCAL                   ADDRESS         
           =====                   =======         
           EEDR                    0000003D 
    -------------------------------------------------------------------------
ABSOLUTE
  Relative segment, address: DATA 0000003C - 0000003C (0x1 bytes), align: 0
  Segment part 65. ROOT       Intra module refs:   CDataStore::Fsm() (DataStore)
                                                   CEeprom::ReadByte(uint16_t) (Platform)
                                                   CEeprom::ReadyInterruptHandler() (Platform)
                                                   CEeprom::StartWrite() (DataStore)
           ENTRY                   ADDRESS         REF BY
           =====                   =======         ======
           _A_EECR                 0000003C 
           LOCAL                   ADDRESS         
           =====                   =======         
           EECR                    0000003C 
    -------------------------------------------------------------------------
ABSOLUTE
  Relative segment, address: DATA 0000003B - 0000003B (0x1 bytes), align: 0
  Segment part 66. ROOT 
           ENTRY                   ADDRESS         REF BY
           =====                   =======         ======
           _A_PORTA                0000003B 
           LOCAL                   ADDRESS         
           =====                   =======         
           PORTA                   0000003B 
    -------------------------------------------------------------------------
ABSOLUTE
  Relative segment, address: DATA 0000003A - 0000003A (0x1 bytes), align: 0
  Segment part 67. ROOT 
           ENTRY                   ADDRESS         REF BY
           =====                   =======         ======
           _A_DDRA                 0000003A 
           LOCAL                   ADDRESS         
           =====                   =======         
           DDRA                    0000003A 
    -------------------------------------------------------------------------
ABSOLUTE
  Relative segment, address: DATA 00000039 - 00000039 (0x1 bytes), align: 0
  Segment part 68. ROOT 
           ENTRY                   ADDRESS         REF BY
           =====                   =======         ======
           _A_PINA                 00000039 
           LOCAL                   ADDRESS         
           =====                   =======         
           PINA                    00000039 
    -------------------------------------------------------------------------
ABSOLUTE
  Relative segment, address: DATA 00000038 - 00000038 (0x1 bytes), align: 0
  Segment part 69. ROOT       Intra module refs:   CSpi::Init() (Platform)
           ENTRY                   ADDRESS         REF BY
           =====                   =======         ======
           _A_PORTB                00000038 
           LOCAL                   ADDRESS         
           =====                   =======         
           PORTB                   00000038 
    -------------------------------------------------------------------------
ABSOLUTE
  Relative segment, address: DATA 00000037 - 00000037 (0x1 bytes), align: 0
  Segment part 70. ROOT       Intra module refs:   CSpi::Init() (Platform)
           ENTRY                   ADDRESS         REF BY
           =====                   =======         ======
           _A_DDRB                 00000037 
           LOCAL                   ADDRESS         
           =====                   =======         
           DDRB                    00000037 
    -------------------------------------------------------------------------
ABSOLUTE
  Relative segment, address: DATA 00000036 - 00000036 (0x1 bytes), align: 0
  Segment part 71. ROOT 
           ENTRY                   ADDRESS         REF BY
           =====                   =======         ======
           _A_PINB                 00000036 
           LOCAL                   ADDRESS         
           =====                   =======         
           PINB                    00000036 
    -------------------------------------------------------------------------
ABSOLUTE
  Relative segment, address: DATA 00000035 - 00000035 (0x1 bytes), align: 0
  Segment part 72. ROOT       Intra module refs:   __sti__routine() (Pss21)
           ENTRY                   ADDRESS         REF BY
           =====                   =======         ======
           _A_PORTC                00000035 
           LOCAL                   ADDRESS         
           =====                   =======         
           PORTC                   00000035 
    -------------------------------------------------------------------------
ABSOLUTE
  Relative segment, address: DATA 00000034 - 00000034 (0x1 bytes), align: 0
  Segment part 73. ROOT       Intra module refs:   CPlatform::Init() (Platform)
                                                   __sti__routine() (Pss21)
           ENTRY                   ADDRESS         REF BY
           =====                   =======         ======
           _A_DDRC                 00000034 
           LOCAL                   ADDRESS         
           =====                   =======         
           DDRC                    00000034 
    -------------------------------------------------------------------------
ABSOLUTE
  Relative segment, address: DATA 00000033 - 00000033 (0x1 bytes), align: 0
  Segment part 74. ROOT       Intra module refs:   CPlatform::KeyOneState() (Pss21)
                                                   CPlatform::KeyThreeState() (Pss21)
                                                   CPlatform::KeyTwoState() (Pss21)
           ENTRY                   ADDRESS         REF BY
           =====                   =======         ======
           _A_PINC                 00000033 
           LOCAL                   ADDRESS         
           =====                   =======         
           PINC                    00000033 
    -------------------------------------------------------------------------
ABSOLUTE
  Relative segment, address: DATA 00000032 - 00000032 (0x1 bytes), align: 0
  Segment part 75. ROOT       Intra module refs:   CPss21::AddressBusInit() (Pss21)
                                                   CPss21::ConnectDevice(uint8_t) (Pss21)
                                                   CPss21::DisconnectDevice() (Pss21)
           ENTRY                   ADDRESS         REF BY
           =====                   =======         ======
           _A_PORTD                00000032 
           LOCAL                   ADDRESS         
           =====                   =======         
           PORTD                   00000032 
    -------------------------------------------------------------------------
ABSOLUTE
  Relative segment, address: DATA 00000031 - 00000031 (0x1 bytes), align: 0
  Segment part 76. ROOT       Intra module refs:   CPss21::AddressBusInit() (Pss21)
           ENTRY                   ADDRESS         REF BY
           =====                   =======         ======
           _A_DDRD                 00000031 
           LOCAL                   ADDRESS         
           =====                   =======         
           DDRD                    00000031 
    -------------------------------------------------------------------------
ABSOLUTE
  Relative segment, address: DATA 00000030 - 00000030 (0x1 bytes), align: 0
  Segment part 77. ROOT 
           ENTRY                   ADDRESS         REF BY
           =====                   =======         ======
           _A_PIND                 00000030 
           LOCAL                   ADDRESS         
           =====                   =======         
           PIND                    00000030 
    -------------------------------------------------------------------------
ABSOLUTE
  Relative segment, address: DATA 0000002F - 0000002F (0x1 bytes), align: 0
  Segment part 78. ROOT       Intra module refs:   CSpi::Exchange(uint8_t) (Platform)
           ENTRY                   ADDRESS         REF BY
           =====                   =======         ======
           _A_SPDR                 0000002F 
           LOCAL                   ADDRESS         
           =====                   =======         
           SPDR                    0000002F 
    -------------------------------------------------------------------------
ABSOLUTE
  Relative segment, address: DATA 0000002E - 0000002E (0x1 bytes), align: 0
  Segment part 79. ROOT       Intra module refs:   CSpi::Exchange(uint8_t) (Platform)
           ENTRY                   ADDRESS         REF BY
           =====                   =======         ======
           _A_SPSR                 0000002E 
           LOCAL                   ADDRESS         
           =====                   =======         
           SPSR                    0000002E 
    -------------------------------------------------------------------------
ABSOLUTE
  Relative segment, address: DATA 0000002D - 0000002D (0x1 bytes), align: 0
  Segment part 80. ROOT       Intra module refs:   CSpi::Disable() (Platform)
                                                   CSpi::Enable() (Platform)
                                                   CSpi::Init() (Platform)
           ENTRY                   ADDRESS         REF BY
           =====                   =======         ======
           _A_SPCR                 0000002D 
           LOCAL                   ADDRESS         
           =====                   =======         
           SPCR                    0000002D 
    -------------------------------------------------------------------------
ABSOLUTE
  Relative segment, address: DATA 0000002C - 0000002C (0x1 bytes), align: 0
  Segment part 81. ROOT 
           ENTRY                   ADDRESS         REF BY
           =====                   =======         ======
           _A_UDR0                 0000002C 
           LOCAL                   ADDRESS         
           =====                   =======         
           UDR0                    0000002C 
    -------------------------------------------------------------------------
ABSOLUTE
  Relative segment, address: DATA 0000002B - 0000002B (0x1 bytes), align: 0
  Segment part 82. ROOT 
           ENTRY                   ADDRESS         REF BY
           =====                   =======         ======
           _A_UCSR0A               0000002B 
           LOCAL                   ADDRESS         
           =====                   =======         
           UCSR0A                  0000002B 
    -------------------------------------------------------------------------
ABSOLUTE
  Relative segment, address: DATA 0000002A - 0000002A (0x1 bytes), align: 0
  Segment part 83. ROOT 
           ENTRY                   ADDRESS         REF BY
           =====                   =======         ======
           _A_UCSR0B               0000002A 
           LOCAL                   ADDRESS         
           =====                   =======         
           UCSR0B                  0000002A 
    -------------------------------------------------------------------------
ABSOLUTE
  Relative segment, address: DATA 00000029 - 00000029 (0x1 bytes), align: 0
  Segment part 84. ROOT 
           ENTRY                   ADDRESS         REF BY
           =====                   =======         ======
           _A_UBRR0L               00000029 
           LOCAL                   ADDRESS         
           =====                   =======         
           UBRR0L                  00000029 
    -------------------------------------------------------------------------
ABSOLUTE
  Relative segment, address: DATA 00000028 - 00000028 (0x1 bytes), align: 0
  Segment part 85. ROOT 
           ENTRY                   ADDRESS         REF BY
           =====                   =======         ======
           _A_ACSR                 00000028 
           LOCAL                   ADDRESS         
           =====                   =======         
           ACSR                    00000028 
    -------------------------------------------------------------------------
ABSOLUTE
  Relative segment, address: DATA 00000027 - 00000027 (0x1 bytes), align: 0
  Segment part 86. ROOT 
           ENTRY                   ADDRESS         REF BY
           =====                   =======         ======
           _A_ADMUX                00000027 
           LOCAL                   ADDRESS         
           =====                   =======         
           ADMUX                   00000027 
    -------------------------------------------------------------------------
ABSOLUTE
  Relative segment, address: DATA 00000026 - 00000026 (0x1 bytes), align: 0
  Segment part 87. ROOT 
           ENTRY                   ADDRESS         REF BY
           =====                   =======         ======
           _A_ADCSRA               00000026 
           LOCAL                   ADDRESS         
           =====                   =======         
           ADCSRA                  00000026 
    -------------------------------------------------------------------------
ABSOLUTE
  Relative segment, address: DATA 00000024 - 00000025 (0x2 bytes), align: 0
  Segment part 88. ROOT 
           ENTRY                   ADDRESS         REF BY
           =====                   =======         ======
           _A_ADC                  00000024 
           LOCAL                   ADDRESS         
           =====                   =======         
           ADC                     00000024 
           ADCH                    00000025 
           ADCL                    00000024 
    -------------------------------------------------------------------------
ABSOLUTE
  Relative segment, address: DATA 00000023 - 00000023 (0x1 bytes), align: 0
  Segment part 89. ROOT       Intra module refs:   CBuzzer::HighOn() (Buzzer)
                                                   CBuzzer::Init() (Buzzer)
                                                   CBuzzer::LowOn() (Buzzer)
                                                   CBuzzer::Off() (Buzzer)
                                                   CLightBoard::Init(CAlarmWindow *) (LightBoard)
           ENTRY                   ADDRESS         REF BY
           =====                   =======         ======
           _A_PORTE                00000023 
           LOCAL                   ADDRESS         
           =====                   =======         
           PORTE                   00000023 
    -------------------------------------------------------------------------
ABSOLUTE
  Relative segment, address: DATA 00000022 - 00000022 (0x1 bytes), align: 0
  Segment part 90. ROOT       Intra module refs:   CBuzzer::Init() (Buzzer)
                                                   CLightBoard::Init(CAlarmWindow *) (LightBoard)
           ENTRY                   ADDRESS         REF BY
           =====                   =======         ======
           _A_DDRE                 00000022 
           LOCAL                   ADDRESS         
           =====                   =======         
           DDRE                    00000022 
    -------------------------------------------------------------------------
ABSOLUTE
  Relative segment, address: DATA 00000021 - 00000021 (0x1 bytes), align: 0
  Segment part 91. ROOT 
           ENTRY                   ADDRESS         REF BY
           =====                   =======         ======
           _A_PINE                 00000021 
           LOCAL                   ADDRESS         
           =====                   =======         
           PINE                    00000021 
    -------------------------------------------------------------------------
ABSOLUTE
  Relative segment, address: DATA 00000020 - 00000020 (0x1 bytes), align: 0
  Segment part 92. ROOT 
           ENTRY                   ADDRESS         REF BY
           =====                   =======         ======
           _A_PINF                 00000020 
           LOCAL                   ADDRESS         
           =====                   =======         
           PINF                    00000020 
    -------------------------------------------------------------------------
CODE
  Relative segment, address: CODE 0000080E - 00000817 (0xa bytes), align: 1
  Segment part 109.           Intra module refs:   ?Subroutine35
           ENTRY                   ADDRESS         REF BY
           =====                   =======         ======
           CAlarmDfa::CAlarmDfa()
                                   0000080E 
               calls direct
    -------------------------------------------------------------------------
CODE
  Relative segment, address: CODE 00000818 - 00000823 (0xc bytes), align: 1
  Segment part 111.           Intra module refs:   CNormalAlarmDfa::new CNormalAlarmDfa()
           ENTRY                   ADDRESS         REF BY
           =====                   =======         ======
           CNormalAlarmDfa::CNormalAlarmDfa()
                                   00000818 
               calls direct
    -------------------------------------------------------------------------
CODE
  Relative segment, address: CODE 00000824 - 0000082B (0x8 bytes), align: 1
  Segment part 112.           Intra module refs:   ?Subroutine0
                                                   CAlarmDfa::CAlarmDfa()
                                                   CNormalAlarmDfa::CNormalAlarmDfa()
           LOCAL                   ADDRESS         
           =====                   =======         
           ?Subroutine22           00000824 
    -------------------------------------------------------------------------
CODE
  Relative segment, address: CODE 0000082C - 00000833 (0x8 bytes), align: 1
  Segment part 113.
           ENTRY                   ADDRESS         REF BY
           =====                   =======         ======
           CNormalAlarmDfa::new CNormalAlarmDfa()
                                   0000082C        CPss21::ConfigurationInit() (Pss21)
               calls direct
    -------------------------------------------------------------------------
CODE
  Relative segment, address: CODE 00000834 - 0000083B (0x8 bytes), align: 1
  Segment part 114.           Intra module refs:   CPreventiveAlarmLowLevelDfa::new CPreventiveAlarmLowLevelDfa()
           ENTRY                   ADDRESS         REF BY
           =====                   =======         ======
           CPreventiveAlarmLowLevelDfa::CPreventiveAlarmLowLevelDfa()
                                   00000834 
               calls direct
    -------------------------------------------------------------------------
CODE
  Relative segment, address: CODE 0000083C - 00000843 (0x8 bytes), align: 1
  Segment part 115.
           ENTRY                   ADDRESS         REF BY
           =====                   =======         ======
           CPreventiveAlarmLowLevelDfa::new CPreventiveAlarmLowLevelDfa()
                                   0000083C        CPss21::ConfigurationInit() (Pss21)
               calls direct
    -------------------------------------------------------------------------
CODE
  Relative segment, address: CODE 00000844 - 0000084B (0x8 bytes), align: 1
  Segment part 116.           Intra module refs:   CPreventiveAlarmHighLevelDfa::new CPreventiveAlarmHighLevelDfa()
           ENTRY                   ADDRESS         REF BY
           =====                   =======         ======
           CPreventiveAlarmHighLevelDfa::CPreventiveAlarmHighLevelDfa()
                                   00000844 
               calls direct
    -------------------------------------------------------------------------
CODE
  Relative segment, address: CODE 0000084C - 00000853 (0x8 bytes), align: 1
  Segment part 117.
           ENTRY                   ADDRESS         REF BY
           =====                   =======         ======
           CPreventiveAlarmHighLevelDfa::new CPreventiveAlarmHighLevelDfa()
                                   0000084C        CPss21::ConfigurationInit() (Pss21)
               calls direct
    -------------------------------------------------------------------------
CODE
  Relative segment, address: CODE 00000854 - 0000085B (0x8 bytes), align: 1
  Segment part 118.           Intra module refs:   CEmergencyAlarmLowLevelDfa::new CEmergencyAlarmLowLevelDfa()
           ENTRY                   ADDRESS         REF BY
           =====                   =======         ======
           CEmergencyAlarmLowLevelDfa::CEmergencyAlarmLowLevelDfa()
                                   00000854 
               calls direct
    -------------------------------------------------------------------------
CODE
  Relative segment, address: CODE 0000085C - 0000085D (0x2 bytes), align: 1
  Segment part 119.           Intra module refs:   CEmergencyAlarmHighLevelDfa::CEmergencyAlarmHighLevelDfa()
                                                   CEmergencyAlarmLowLevelDfa::CEmergencyAlarmLowLevelDfa()
                                                   CIndicationAlarmLowLevelDfa::CIndicationAlarmLowLevelDfa()
                                                   CNormalAlarmDfa::CNormalAlarmDfa()
                                                   CPreventiveAlarmHighLevelDfa::CPreventiveAlarmHighLevelDfa()
                                                   CPreventiveAlarmLowLevelDfa::CPreventiveAlarmLowLevelDfa()
           LOCAL                   ADDRESS         
           =====                   =======         
           ?Subroutine4            0000085C 
    -------------------------------------------------------------------------
CODE
  Relative segment, address: CODE 0000085E - 0000085F (0x2 bytes), align: 1
  Segment part 120.           Intra module refs:   ?Subroutine4
           LOCAL                   ADDRESS         
           =====                   =======         
           ?Subroutine35           0000085E 
    -------------------------------------------------------------------------
CODE
  Relative segment, address: CODE 00000860 - 00000865 (0x6 bytes), align: 1
  Segment part 121.
           ENTRY                   ADDRESS         REF BY
           =====                   =======         ======
           CEmergencyAlarmLowLevelDfa::new CEmergencyAlarmLowLevelDfa()
                                   00000860        CPss21::ConfigurationInit() (Pss21)
               calls direct
    -------------------------------------------------------------------------
CODE
  Relative segment, address: CODE 00000866 - 0000086B (0x6 bytes), align: 1
  Segment part 122.           Intra module refs:   CEmergencyAlarmHighLevelDfa::new CEmergencyAlarmHighLevelDfa()
                                                   CEmergencyAlarmLowLevelDfa::new CEmergencyAlarmLowLevelDfa()
                                                   CErrorAlarmDfa::new CErrorAlarmDfa()
                                                   CIndicationAlarmHighLevelDfa::new CIndicationAlarmHighLevelDfa()
                                                   CIndicationAlarmLowLevelDfa::new CIndicationAlarmLowLevelDfa()
                                                   CNormalAlarmDfa::new CNormalAlarmDfa()
                                                   CPreventiveAlarmHighLevelDfa::new CPreventiveAlarmHighLevelDfa()
                                                   CPreventiveAlarmLowLevelDfa::new CPreventiveAlarmLowLevelDfa()
           LOCAL                   ADDRESS         
           =====                   =======         
           ?Subroutine15           00000866 
    -------------------------------------------------------------------------
CODE
  Relative segment, address: CODE 0000086C - 0000086D (0x2 bytes), align: 1
  Segment part 123.           Intra module refs:   CEmergencyAlarmHighLevelDfa::new CEmergencyAlarmHighLevelDfa()
                                                   CEmergencyAlarmLowLevelDfa::new CEmergencyAlarmLowLevelDfa()
                                                   CIndicationAlarmHighLevelDfa::new CIndicationAlarmHighLevelDfa()
                                                   CIndicationAlarmLowLevelDfa::new CIndicationAlarmLowLevelDfa()
                                                   CNormalAlarmDfa::new CNormalAlarmDfa()
                                                   CPreventiveAlarmHighLevelDfa::new CPreventiveAlarmHighLevelDfa()
                                                   CPreventiveAlarmLowLevelDfa::new CPreventiveAlarmLowLevelDfa()
           LOCAL                   ADDRESS         
           =====                   =======         
           ?Subroutine10           0000086C 
    -------------------------------------------------------------------------
CODE
  Relative segment, address: CODE 0000086E - 00000879 (0xc bytes), align: 1
  Segment part 124.           Intra module refs:   ?Subroutine10
                                                   CErrorAlarmDfa::new CErrorAlarmDfa()
           LOCAL                   ADDRESS         
           =====                   =======         
           ?Subroutine27           0000086E 
    -------------------------------------------------------------------------
CODE
  Relative segment, address: CODE 0000087A - 0000087F (0x6 bytes), align: 1
  Segment part 125.           Intra module refs:   CEmergencyAlarmHighLevelDfa::new CEmergencyAlarmHighLevelDfa()
           ENTRY                   ADDRESS         REF BY
           =====                   =======         ======
           CEmergencyAlarmHighLevelDfa::CEmergencyAlarmHighLevelDfa()
                                   0000087A 
               calls direct
    -------------------------------------------------------------------------
CODE
  Relative segment, address: CODE 00000880 - 00000883 (0x4 bytes), align: 1
  Segment part 126.           Intra module refs:   CEmergencyAlarmHighLevelDfa::CEmergencyAlarmHighLevelDfa()
                                                   CEmergencyAlarmLowLevelDfa::CEmergencyAlarmLowLevelDfa()
                                                   CErrorAlarmDfa::CErrorAlarmDfa()
                                                   CIndicationAlarmHighLevelDfa::CIndicationAlarmHighLevelDfa()
                                                   CIndicationAlarmLowLevelDfa::CIndicationAlarmLowLevelDfa()
                                                   CPreventiveAlarmHighLevelDfa::CPreventiveAlarmHighLevelDfa()
                                                   CPreventiveAlarmLowLevelDfa::CPreventiveAlarmLowLevelDfa()
           LOCAL                   ADDRESS         
           =====                   =======         
           ?Subroutine0            00000880 
    -------------------------------------------------------------------------
CODE
  Relative segment, address: CODE 00000884 - 00000885 (0x2 bytes), align: 1
  Segment part 127.           Intra module refs:   ?Subroutine0
                                                   CNormalAlarmDfa::CNormalAlarmDfa()
           LOCAL                   ADDRESS         
           =====                   =======         
           ?Subroutine24           00000884 
    -------------------------------------------------------------------------
CODE
  Relative segment, address: CODE 00000886 - 0000088D (0x8 bytes), align: 1
  Segment part 128.           Intra module refs:   ?Subroutine24
                                                   CAlarmDfa::CAlarmDfa()
    -------------------------------------------------------------------------
CODE
  Relative segment, address: CODE 0000088E - 00000895 (0x8 bytes), align: 1
  Segment part 129.
           ENTRY                   ADDRESS         REF BY
           =====                   =======         ======
           CEmergencyAlarmHighLevelDfa::new CEmergencyAlarmHighLevelDfa()
                                   0000088E        CPss21::ConfigurationInit() (Pss21)
               calls direct
    -------------------------------------------------------------------------
CODE
  Relative segment, address: CODE 00000896 - 0000089D (0x8 bytes), align: 1
  Segment part 130.           Intra module refs:   CIndicationAlarmHighLevelDfa::CIndicationAlarmHighLevelDfa()
                                                   CIndicationAlarmLowLevelDfa::new CIndicationAlarmLowLevelDfa()
           ENTRY                   ADDRESS         REF BY
           =====                   =======         ======
           CIndicationAlarmLowLevelDfa::CIndicationAlarmLowLevelDfa()
                                   00000896 
               calls direct
    -------------------------------------------------------------------------
CODE
  Relative segment, address: CODE 0000089E - 000008A5 (0x8 bytes), align: 1
  Segment part 131.
           ENTRY                   ADDRESS         REF BY
           =====                   =======         ======
           CIndicationAlarmLowLevelDfa::new CIndicationAlarmLowLevelDfa()
                                   0000089E        CPss21::ConfigurationInit() (Pss21)
               calls direct
    -------------------------------------------------------------------------
CODE
  Relative segment, address: CODE 000008A6 - 000008AF (0xa bytes), align: 1
  Segment part 132.           Intra module refs:   CIndicationAlarmHighLevelDfa::new CIndicationAlarmHighLevelDfa()
           ENTRY                   ADDRESS         REF BY
           =====                   =======         ======
           CIndicationAlarmHighLevelDfa::CIndicationAlarmHighLevelDfa()
                                   000008A6 
               calls direct
    -------------------------------------------------------------------------
CODE
[...]
                                                   CModbus::Programming(uint8_t *, uint8_t *, uint16_t) (modbus)

    -------------------------------------------------------------------------
  LIBRARY MODULE, NAME : ?low_level_init

  SEGMENTS IN THE MODULE
  ======================
CODE
  Relative segment, address: CODE 000044F0 - 000044F3 (0x4 bytes), align: 1
  Segment part 3.
           ENTRY                   ADDRESS         REF BY
           =====                   =======         ======
           __low_level_init        000044F0        ?call_low_level_init (?C_STARTUP)

    -------------------------------------------------------------------------
  LIBRARY MODULE, NAME : ?memcpy

  SEGMENTS IN THE MODULE
  ======================
CODE
  Relative segment, address: CODE 000044F4 - 00004513 (0x20 bytes), align: 1
  Segment part 3.
           ENTRY                   ADDRESS         REF BY
           =====                   =======         ======
           memcpy                  000044F4        ?Subroutine48 (Pss21)
                                                   ?Subroutine48 (modbus)
                                                   CDataStore::ReadBlock(uint8_t *, uint8_t) (DataStore)
                                                   CDataStore::Write(uint8_t *, uint16_t, uint8_t) (DataStore)

    -------------------------------------------------------------------------
  LIBRARY MODULE, NAME : ?memset

  SEGMENTS IN THE MODULE
  ======================
CODE
  Relative segment, address: CODE 00004514 - 00004525 (0x12 bytes), align: 1
  Segment part 3.
           ENTRY                   ADDRESS         REF BY
           =====                   =======         ======
           memset                  00004514        ?Subroutine5 (ModbusRTU)
                                                   ?Subroutine85 (Pss21)
                                                   CDataStore::Init() (DataStore)
                                                   CModbusRTU::Init(CUart *, uint32_t, char, uint8_t, uint8_t, uint8_t *, uint8_t *, uint8_t *, uint8_t *, uint16_t *, uint16_t *, uint16_t, uint16_t, uint16_t, uint16_t) (ModbusRTU)

    -------------------------------------------------------------------------
  LIBRARY MODULE, NAME : ?new

  SEGMENTS IN THE MODULE
  ======================
NEAR_Z
  Relative segment, address: DATA 00000EE0 - 00000EE1 (0x2 bytes), align: 0
  Segment part 3.
           ENTRY                   ADDRESS         REF BY
           =====                   =======         ======
           __iar_New_hand          00000EE0        operator new(unsigned int) (?newop_0)

    -------------------------------------------------------------------------
  LIBRARY MODULE, NAME : ?newop_0

  SEGMENTS IN THE MODULE
  ======================
CODE
  Relative segment, address: CODE 00004526 - 00004559 (0x34 bytes), align: 1
  Segment part 3.
           ENTRY                   ADDRESS         REF BY
           =====                   =======         ======
           operator new(unsigned int)
                                   00004526        ?Subroutine27 (Alarm)
                                                   ?Subroutine6 (ModuleMrXX)
                                                   CMvsn21Driver::new CMvsn21Driver(uint8_t) (Mvsn21)
               calls direct and indirect

    -------------------------------------------------------------------------
  LIBRARY MODULE, NAME : ?nomemory

  SEGMENTS IN THE MODULE
  ======================
CODE
  Relative segment, address: CODE 0000455A - 0000455D (0x4 bytes), align: 1
  Segment part 13.
           ENTRY                   ADDRESS         REF BY
           =====                   =======         ======
           _Nomemory()             0000455A        operator new(unsigned int) (?newop_0)
               calls direct

    -------------------------------------------------------------------------
  LIBRARY MODULE, NAME : ?segment_init

  SEGMENTS IN THE MODULE
  ======================
CODE
  Relative segment, address: CODE 0000455E - 00004569 (0xc bytes), align: 1
  Segment part 3.             Intra module refs:   __segment_init
           LOCAL                   ADDRESS         
           =====                   =======         
           __memclr                0000455E 
    -------------------------------------------------------------------------
CODE
  Relative segment, address: CODE 0000456A - 0000457D (0x14 bytes), align: 1
  Segment part 4.             Intra module refs:   __segment_init
           LOCAL                   ADDRESS         
           =====                   =======         
           __flashcpy              0000456A 
    -------------------------------------------------------------------------
CODE
  Relative segment, address: CODE 0000457E - 000045D3 (0x56 bytes), align: 1
  Segment part 5.
           ENTRY                   ADDRESS         REF BY
           =====                   =======         ======
           __segment_init          0000457E        ?need_segment_init (?C_STARTUP)
               calls direct

    -------------------------------------------------------------------------
  LIBRARY MODULE, NAME : ?vec_newdel

  SEGMENTS IN THE MODULE
  ======================
CODE
  Relative segment, address: CODE 000045D4 - 000045E3 (0x10 bytes), align: 1
  Segment part 9.             Intra module refs:   __near_array_delete_general(void *, __near_size_t, __near_size_t, __near_destructor_ptr, __near_delete_ptr, int)
           LOCAL                   ADDRESS         
           =====                   =======         
           __near_free_array(void *, __near_size_t, __near_delete_ptr, int)
                                   000045D4 
               calls indirect
    -------------------------------------------------------------------------
CODE
  Relative segment, address: CODE 000045E4 - 0000460D (0x2a bytes), align: 1
  Segment part 11.            Intra module refs:   __near_array_delete_general(void *, __near_size_t, __near_size_t, __near_destructor_ptr, __near_delete_ptr, int)
           LOCAL                   ADDRESS         
           =====                   =======         
           __near_get_array_size(void *, __near_size_t)
                                   000045E4 
               calls direct
    -------------------------------------------------------------------------
CODE
  Relative segment, address: CODE 0000460E - 00004699 (0x8c bytes), align: 1
  Segment part 14.            Intra module refs:   Segment part 24
           LOCAL                   ADDRESS         
           =====                   =======         
           __near_array_new_general(void *, __near_size_t, __near_size_t, void *, __near_constructor_ptr, __near_destructor_ptr, __near_new_ptr, __near_delete_ptr, int, int)
                                   0000460E 
               calls direct and indirect
    -------------------------------------------------------------------------
CODE
  Relative segment, address: CODE 0000469A - 0000469D (0x4 bytes), align: 1
  Segment part 15.            Intra module refs:   __near_array_delete_general(void *, __near_size_t, __near_size_t, __near_destructor_ptr, __near_delete_ptr, int)
                                                   __near_array_new_general(void *, __near_size_t, __near_size_t, void *, __near_constructor_ptr, __near_destructor_ptr, __near_new_ptr, __near_delete_ptr, int, int)
    -------------------------------------------------------------------------
CODE
  Relative segment, address: CODE 0000469E - 000046A3 (0x6 bytes), align: 1
  Segment part 16.            Intra module refs:   __near_array_new_general(void *, __near_size_t, __near_size_t, void *, __near_constructor_ptr, __near_destructor_ptr, __near_new_ptr, __near_delete_ptr, int, int)
    -------------------------------------------------------------------------
CODE
  Relative segment, address: CODE 000046A4 - 000046A7 (0x4 bytes), align: 1
  Segment part 17.            Intra module refs:   __near_array_delete_general(void *, __near_size_t, __near_size_t, __near_destructor_ptr, __near_delete_ptr, int)
                                                   __near_array_new_general(void *, __near_size_t, __near_size_t, void *, __near_constructor_ptr, __near_destructor_ptr, __near_new_ptr, __near_delete_ptr, int, int)
                                                   __near_get_array_size(void *, __near_size_t)
    -------------------------------------------------------------------------
CODE
  Relative segment, address: CODE 000046A8 - 000046A9 (0x2 bytes), align: 1
  Segment part 24.            Intra module refs:   __near_vec_construct
    -------------------------------------------------------------------------
CODE
  Relative segment, address: CODE 000046AA - 000046B3 (0xa bytes), align: 1
  Segment part 27.
           ENTRY                   ADDRESS         REF BY
           =====                   =======         ======
           __near_vec_construct    000046AA        __sti__routine() (Pss21)
               calls direct
    -------------------------------------------------------------------------
CODE
  Relative segment, address: CODE 000046B4 - 000046BD (0xa bytes), align: 1
  Segment part 28.            Intra module refs:   __near_vec_construct
    -------------------------------------------------------------------------
CODE
  Relative segment, address: CODE 000046BE - 000046BF (0x2 bytes), align: 1
  Segment part 29.            Intra module refs:   __near_vec_construct
    -------------------------------------------------------------------------
CODE
  Relative segment, address: CODE 000046C0 - 000046C3 (0x4 bytes), align: 1
  Segment part 30.            Intra module refs:   Segment part 29
                                                   Segment part 39
    -------------------------------------------------------------------------
CODE
  Relative segment, address: CODE 000046C4 - 0000473B (0x78 bytes), align: 1
  Segment part 32.            Intra module refs:   __near_vec_destroy
           LOCAL                   ADDRESS         
           =====                   =======         
           __near_array_delete_general(void *, __near_size_t, __near_size_t, __near_destructor_ptr, __near_delete_ptr, int)
                                   000046C4 
               calls direct and indirect
    -------------------------------------------------------------------------
CODE
  Relative segment, address: CODE 0000473C - 0000473F (0x4 bytes), align: 1
  Segment part 36.
           ENTRY                   ADDRESS         REF BY
           =====                   =======         ======
           __near_vec_destroy      0000473C        <Unnamed 10> (Pss21)
               calls direct
    -------------------------------------------------------------------------
CODE
  Relative segment, address: CODE 00004740 - 00004741 (0x2 bytes), align: 1
  Segment part 37.            Intra module refs:   __near_vec_destroy
    -------------------------------------------------------------------------
CODE
  Relative segment, address: CODE 00004742 - 00004743 (0x2 bytes), align: 1
  Segment part 38.            Intra module refs:   Segment part 29
                                                   Segment part 37
    -------------------------------------------------------------------------
CODE
  Relative segment, address: CODE 00004744 - 00004747 (0x4 bytes), align: 1
  Segment part 39.            Intra module refs:   Segment part 38

    -------------------------------------------------------------------------
  LIBRARY MODULE, NAME : ?xgetmemchunk

  SEGMENTS IN THE MODULE
  ======================
CODE
  Relative segment, address: CODE 00004748 - 00004771 (0x2a bytes), align: 1
  Segment part 5.
           ENTRY                   ADDRESS         REF BY
           =====                   =======         ======
           __near_GetMemChunk      00004748        __near_findmem (?xxmemxmalloc)
    -------------------------------------------------------------------------
NEAR_Z
  Relative segment, address: DATA 00000EE2 - 00000EE3 (0x2 bytes), align: 0
  Segment part 3.             Intra module refs:   __near_GetMemChunk

    -------------------------------------------------------------------------
  LIBRARY MODULE, NAME : ?xpurevirtual

  SEGMENTS IN THE MODULE
  ======================
CODE
  Relative segment, address: CODE 00004772 - 00004775 (0x4 bytes), align: 1
  Segment part 3.
           ENTRY                   ADDRESS         REF BY
           =====                   =======         ======
           __pure_virtual_called   00004772        CModbus::__vtbl (modbus)
                                                   CNotifyerControl::__vtbl (NotifyerControl)
               calls direct

    -------------------------------------------------------------------------
  LIBRARY MODULE, NAME : ?__exit

  SEGMENTS IN THE MODULE
  ======================
CODE
  Relative segment, address: CODE 00004776 - 00004777 (0x2 bytes), align: 1
  Segment part 3.
           ENTRY                   ADDRESS         REF BY
           =====                   =======         ======
           __exit                  00004776        Segment part 5 (?_exit)
                                                   abort (?abort)

    -------------------------------------------------------------------------
  LIBRARY MODULE, NAME : ?xxmemxfree

  SEGMENTS IN THE MODULE
  ======================
CODE
  Relative segment, address: CODE 00004778 - 0000484D (0xd6 bytes), align: 1
  Segment part 3.
           ENTRY                   ADDRESS         REF BY
           =====                   =======         ======
           free                    00004778        __near_findmem (?xxmemxmalloc)
                                                   operator delete(void *) (?delop_0)
    -------------------------------------------------------------------------
CODE
  Relative segment, address: CODE 0000484E - 00004857 (0xa bytes), align: 1
  Segment part 4.             Intra module refs:   free

    -------------------------------------------------------------------------
  LIBRARY MODULE, NAME : ?xxmemxmalloc

  SEGMENTS IN THE MODULE
  ======================
NEAR_Z
  Relative segment, address: DATA 00000EE4 - 00000EE7 (0x4 bytes), align: 0
  Segment part 3.             Intra module refs:   __near_findmem
                                                   malloc
           ENTRY                   ADDRESS         REF BY
           =====                   =======         ======
           __near_Aldata           00000EE4        free (?xxmemxfree)
    -------------------------------------------------------------------------
CODE
  Relative segment, address: CODE 00004858 - 000048CF (0x78 bytes), align: 1
  Segment part 5.             Intra module refs:   malloc
           LOCAL                   ADDRESS         
           =====                   =======         
           __near_findmem          00004858 
               calls direct
    -------------------------------------------------------------------------
CODE
  Relative segment, address: CODE 000048D0 - 000048D5 (0x6 bytes), align: 1
  Segment part 6.             Intra module refs:   __near_findmem
                                                   malloc
    -------------------------------------------------------------------------
CODE
  Relative segment, address: CODE 000048D6 - 000048DF (0xa bytes), align: 1
  Segment part 7.             Intra module refs:   __near_findmem
    -------------------------------------------------------------------------
CODE
  Relative segment, address: CODE 000048E0 - 000048E7 (0x8 bytes), align: 1
  Segment part 8.             Intra module refs:   __near_findmem
    -------------------------------------------------------------------------
CODE
  Relative segment, address: CODE 000048E8 - 000048EF (0x8 bytes), align: 1
  Segment part 9.             Intra module refs:   Segment part 8
                                                   __near_findmem
                                                   malloc
    -------------------------------------------------------------------------
CODE
  Relative segment, address: CODE 000048F0 - 00004991 (0xa2 bytes), align: 1
  Segment part 10.
           ENTRY                   ADDRESS         REF BY
           =====                   =======         ======
           malloc                  000048F0        operator new(unsigned int) (?newop_0)
               calls direct

    *************************************************************************

  DEFINED ABSOLUTE ENTRIES
  PROGRAM MODULE, NAME : ?FILLER_BYTES

  SEGMENTS IN THE MODULE
  ======================
INTVEC
  Common segment, address: CODE 00000000 - 00000083 (0x84 bytes), align: 0
  Segment part 1.
    -------------------------------------------------------------------------
?FILL1
  Relative segment, address: CODE 00000084 - 0000008B (0x8 bytes), align: 0
  Segment part 0.




                ****************************************
                *                                      *
                *      SEGMENTS IN ADDRESS ORDER       *
                *                                      *
                ****************************************


SEGMENT              SPACE    START ADDRESS   END ADDRESS     SIZE  TYPE  ALIGN
=======              =====    =============   ===========     ====  ====  =====
INTVEC               CODE          00000000 - 00000083          84   com    1
?FILL1               CODE          00000084 - 0000008B           8   rel    0
NEAR_F               CODE          0000008C - 0000074F         6C4   rel    0
SWITCH               CODE          00000750 - 00000809          BA   rel    1
DIFUNCT              CODE          0000080A - 0000080D           4   rel    0
CODE                 CODE          0000080E - 00004991        4184   rel    1
INITTAB              CODE          00004992 - 0000499F           E   rel    0
NEAR_ID              CODE          000049A0 - 000049F9          5A   rel    0
ABSOLUTE             DATA               0000001C                     rel    0
                     DATA               0000001D                   
                     DATA               0000001E                   
                     DATA               0000001F                   
                     DATA          00000020 - 0000005F          40 
                     DATA          00000061 - 00000065           5 
                     DATA          00000068 - 00000068           1 
                     DATA          0000006A - 0000006A           1 
                     DATA          0000006C - 0000006D           2 
                     DATA          0000006F - 00000074           6 
                     DATA          00000078 - 0000007A           3 
                     DATA          0000007C - 0000007D           2 
                     DATA          00000080 - 0000008C           D 
                     DATA          00000090 - 00000090           1 
                     DATA          00000095 - 00000095           1 
                     DATA          00000098 - 0000009D           6 
CSTACK               DATA          00000100 - 000002FF         200   dse    0
NEAR_HEAP            DATA          00000300 - 000006FF         400   dse    0
RSTACK               DATA          00000700 - 0000073F          40   dse    0
NEAR_I               DATA          00000740 - 00000799          5A   rel    0
NEAR_Z               DATA          0000079A - 00000EE7         74E   rel    0

                ****************************************
                *                                      *
                *        END OF CROSS REFERENCE        *
                *                                      *
                ****************************************

 18 930 bytes of CODE memory (+              8 range fill )
  3 560 bytes of DATA memory (+ 105 absolute )

Errors: none
Warnings: none

